W/ActivityManager(  918): Bad activity token: android.os.BinderProxy@10ae2989
W/ActivityManager(  918): java.lang.ClassCastException: android.os.BinderProxy cannot be cast to com.android.server.am.ActivityRecord$Token
W/ActivityManager(  918): 	at com.android.server.am.ActivityRecord.forToken(ActivityRecord.java:410)
W/ActivityManager(  918): 	at com.android.server.am.ActivityRecord.isInStackLocked(ActivityRecord.java:1225)
W/ActivityManager(  918): 	at com.android.server.am.ActivityManagerService.getActivityOptions(ActivityManagerService.java:13782)
W/ActivityManager(  918): 	at android.app.ActivityManagerNative.onTransact(ActivityManagerNative.java:1747)
W/ActivityManager(  918): 	at com.android.server.am.ActivityManagerService.onTransact(ActivityManagerService.java:3060)
W/ActivityManager(  918): 	at com.android.server.am.OppoActivityManagerService.onTransact(OppoActivityManagerService.java:174)
W/ActivityManager(  918): 	at android.os.Binder.execTransact(Binder.java:451)
D/CSLegacyTypeTracker(  918): getNetworkForType type 0
I/Dialer_DialtactsFragment(32354): onCreate
D/ActivityThread(32372): hoder:android.app.IActivityManager$ContentProviderHolder@339df6c,provider,holder.Provider:android.content.ContentProviderProxy@3b3f3935
W/ContextImpl(32286): Calling a method in the system process without a qualified user: android.app.ContextImpl.startService:1917 android.content.ContextWrapper.startService:527 com.coloros.performance.a.b.a:143 com.coloros.oppoguardelf.OppoGuardElfService.onCreate:33 android.app.ActivityThread.handleCreateService:3176 
I/ActivityManager(  918): Start proc 32419:com.ted.number/u0a116 for service com.ted.number/.service.NumberService
D/usage_raw_part(  918): write content:current_data_size = 1023
D/usage_raw_part(  918): write content:dataContentBuffer = com.ted.number|2019-01-08 15:05:17
D/usage_raw_part(  918): write content:current_item_index = 737
D/usage_raw_part(  918): write content:maxItemSize = 1023
D/usage_raw_part(  918): write content in replace mode, current index:737
D/usage_raw_part(  918): write content in replace mode, save item content res:34
D/usage_raw_part(  918): write content in replace mode, save new item index res:32
D/OppoUsageService(  918): writeHistoryRecord[AppUsage], saveRes = 1
D/Dialer_DialtactsFragment(32354): getdualSimInfoList(): mSimCount = 0
W/ContextImpl(32286): Calling a method in the system process without a qualified user: android.app.ContextImpl.startService:1917 android.content.ContextWrapper.startService:527 com.coloros.performance.a.b.a:145 com.coloros.oppoguardelf.OppoGuardElfService.onCreate:33 android.app.ActivityThread.handleCreateService:3176 
D/AlarmManager(  918): manual remove option = PendingIntent{2d1d8b8f: PendingIntentRecord{cf45460 com.coloros.oppoguardelf broadcastIntent}}
V/AlarmManager(  918): APP set(PendingIntent{35b42e1c: PendingIntentRecord{cf45460 com.coloros.oppoguardelf broadcastIntent}}) : type=0 triggerAtTime=1546996140000 win=0 tElapsed=578994333 maxElapsed=578994333 interval=0 standalone=true alarmClockInfo = null
D/ActivityThread(32372): hoder:android.app.IActivityManager$ContentProviderHolder@6be6f3b,provider,holder.Provider:android.content.ContentProviderProxy@279b8658
D/MPlugin (32354): createInstance(): Begin = 118218901
D/MPlugin (32354): create Instance (two parameters) with : com.mediatek.common.telephony.IOnlyOwnerSimSupport
D/MPlugin (32354): Clazz exists on mapping table : false
E/MPlugin (32354): Unsupported class: com.mediatek.common.telephony.IOnlyOwnerSimSupport
D/MPlugin (32354): createInstance(): End = 118218902
D/ActivityThread(32354): hoder:android.app.IActivityManager$ContentProviderHolder@36f10e85,provider,holder.Provider:android.content.ContentProviderProxy@16ede4da
I/SurfaceFlinger(  320): EventThread Client Pid (32354) created
D/ActivityThread(32354): hoder:android.app.IActivityManager$ContentProviderHolder@1d0e17e8,provider,holder.Provider:android.content.ContentProviderProxy@fb90e01
D/ActivityThread(32372): hoder:android.app.IActivityManager$ContentProviderHolder@3733b1,provider,holder.Provider:android.content.ContentProviderProxy@15272096
D/TedApp  (32419): [TedNumberApplication]: onCreate...
V/OppoProcessManager(  918): UPDATE_SMART_LOW_POWER
I/FeatureOption(32419): OPPO_CMCC_SUPPORT: false
I/FeatureOption(32419): OPPO_CMCC_OPTR: false
I/FeatureOption(32419): OPPO_CMCC_MP: false
I/FeatureOption(32419): initDebug DEBUG = false
V/OppoProcessManager(  918): mSmartLowPower == false
D/ActivityThread(32419): hoder:android.app.IActivityManager$ContentProviderHolder@35e871e6,provider,holder.Provider:android.content.ContentProviderProxy@490c327
D/TedApp  (32419): [TedNumberApplication]: isBootWizardCompleted:true
D/ActivityThread(32372): hoder:android.app.IActivityManager$ContentProviderHolder@379ac417,provider,holder.Provider:android.content.ContentProviderProxy@156eb004
D/SwitchController(32419): COPY SWITCH_CONFIG FROM ASSETS.
I/Teddy-YellowPageEngineImpl(32419): 
I/Teddy-YellowPageEngineImpl(32419):  TedYellowPageEngine.init  (TedYellowPageEngine.java:57)
I/Teddy-YellowPageEngineImpl(32419):     YellowPageEngineImpl.init  (TedSdk:141)
I/Teddy-YellowPageEngineImpl(32419): 
I/Teddy-YellowPageEngineImpl(32419):  init start.
I/Teddy-YellowPageEngineImpl(32419): 
I/Dialer_DialtactsFragment(32354): onStart
D/ActivityThread(32372): hoder:android.app.IActivityManager$ContentProviderHolder@1eacb022,provider,holder.Provider:android.content.ContentProviderProxy@97d8ab3
I/Dialer_DialtactsFragment(32354): onStart end
D/OppoContactsTabActivity(32354): on onResume...
I/Dialer_DialtactsFragment(32354): onResume
V/ToneGenerator(32354): ToneGenerator constructor: streamType=8, volume=0.316228
D/ToneGenerator(32354): ToneGenerator constructor: streamType=8, volume=0.316228
D/AudioPolicyManager(  346): getOutput() device 2, stream 8, samplingRate 0, format 0, channelMask 3, flags 0
D/AudioPolicyManager(  346): getOutput() returns output 2
D/AudioFlinger_Threads(  346): sendConfigEvent_l() num events 1 event 0
V/ToneGenerator(32354): Create Track: 0xf44ac000
D/AudioTrack(32354): audiotrack 0xf44ac000 set Type 8, rate 0, fmt 1, chn 1, fcnt 0, flags 0004
D/AudioTrack(32354): mChannelMask 0x1
D/AudioPolicyManager(  346): getOutput() returns output 2
D/AudioALSAStreamOut(  346): latency(), return 139
D/AudioFlinger_Threads(  346): processConfigEvents_l() remaining events 1
D/AudioFlinger_Threads(  346): PlaybackThread::audioConfigChanged, thread 0xf5752000, event 0, param 0
D/AudioALSAStreamOut(  346): latency(), return 139
V/AudioFlinger_Threads(  346): processConfigEvents_l() DONE thread 0xf5752000
D/AudioFlinger_Threads(  346): AUDIO_OUTPUT_FLAG_FAST denied: isTimed=0 sharedBuffer=0x0 frameCount=0 mFrameCount=1024 format=0x1 mFormat=0x3 isLinear=1 channelMask=0x1 sampleRate=44100 mSampleRate=44100 hasFastMixer=0 tid=32459 fastTrackAvailMask=0xfe
D/AudioALSAStreamOut(  346): latency(), return 139
V/AudioMixer(  346): Non-stereo channel mask: 1
D/AudioMixer(  346): getTrackName, n 0 start init
D/AudioFlinger_Threads(  346): attachAuxEffect_l EffectId 0
D/AudioFlinger_Threads(  346): attachAuxEffect_l status 0
D/AudioTrackCenter(32354): addTrack, trackId:0xdec95000, frameCount:2048, sampleRate:44100, trackPtr:0xf44ac000
D/AudioTrackCenter(32354): mAfSampleRate 44100, sampleRate 44100, AfFrameCount 1024 , mAfSampleRate 44100, frameCount 2048
V/ToneGenerator(32354): ToneGenerator INIT OK, time: 118219033
D/UssdConfig(32419): OPEN USSD.
D/UssdConfig(32419): COPY USSD FROM ASSETS.
D/UssdConfig(32419): USSD enable : 1 USSD type 0 USSD Num rule = (\(?[0-9]{0,4}\)?-?[0-9]{5,11})USSD Msg rules = 1
I/Dialer_DialtactsFragment(32354): onResume end
V/PhoneWindow(32354): DecorView setVisiblity: visibility = 4 ,Parent =null, this =com.android.internal.policy.impl.PhoneWindow$DecorView{9bc6ac3 I.E..... R.....ID 0,0-0,0}
D/MPlugin (32419): createInstance(): Begin = 118219053
D/MPlugin (32419): create Instance (two parameters) with : com.mediatek.common.telephony.IOnlyOwnerSimSupport
D/MPlugin (32419): Clazz exists on mapping table : false
E/MPlugin (32419): Unsupported class: com.mediatek.common.telephony.IOnlyOwnerSimSupport
D/MPlugin (32419): createInstance(): End = 118219053
D/OpenGLRenderer(32354): Dumper init 4 threads <0xf4643d80>
D/OpenGLRenderer(32354): <android.process.contacts> is running.
D/OpenGLRenderer(32354): <android.process.contacts> setHwuiLog: debug.egl.trace=false
E/Telephony( 2124): PhoneInterfaceManager - [PhoneIntfMgr] getIccId: ICC ID is null or empty.
I/SurfaceFlinger(  320): EventThread Client Pid (32354) created
D/OpenGLRenderer(32354): initialize DisplayEventReceiver 0xf47278e8
D/OpenGLRenderer(32354): Use EGL_SWAP_BEHAVIOR_PRESERVED: true
D/ViewRootImpl(32354): hardware acceleration is enabled, this = ViewRoot{1f916c89 com.android.contacts/com.android.contacts.DialtactsActivityAlias,ident = 0}
D/CSLegacyTypeTracker(  918): getNetworkForType type 0
I/Teddy-YellowPageEngineImpl(32419): 
I/Teddy-YellowPageEngineImpl(32419):  TedYellowPageEngine.init  (TedYellowPageEngine.java:57)
I/Teddy-YellowPageEngineImpl(32419):     YellowPageEngineImpl.init  (TedSdk:173)
I/Teddy-YellowPageEngineImpl(32419): 
I/Teddy-YellowPageEngineImpl(32419):  init end.
I/Teddy-YellowPageEngineImpl(32419): 
D/YellowPageEngine(32419): init type = 1
W/ImageLoader(32419): diskCache(), diskCacheSize() and diskCacheFileCount calls overlap each other
W/ImageLoader(32419): diskCache() and diskCacheFileNameGenerator() calls overlap each other
D/AudioFlinger_Threads(  346): releaseWakeLock_l() AudioOut_2
D/AudioFlinger_Threads(  346): thread 0xf5752000 type 0 TID 1076 going to sleep
D/ActivityThread(32372): hoder:android.app.IActivityManager$ContentProviderHolder@428c870,provider,holder.Provider:android.content.ContentProviderProxy@290fa7e9
D/ImageLoader(32419): Initialize ImageLoader with configuration
D/AccountTypeManager(32354): Registering external account type=com.tencent.mobileqq.account, packageName=com.tencent.mobileqq
D/AbsListView(32354): checkAbsListViewlLogProperty get invalid command
I/appmanager( 5103): onServiceConnected + &&&&&&nameComponentInfo{com.android.contacts/com.android.contacts.ColorAppServicesManagerClient}
D/AbsListView(32354): setOnScrollListener: OnScrollListener=DialtactsFragment{15b63f2 #0 id=0x7f0e01a8 Module1}, this=com.oppo.widget.OppoListView{3f00fb9a V.ED.VC. ......I. 0,0-0,0 #7f0e00ef app:id/call_log_list}
W/WindowManager(  918): Failed looking up window
W/WindowManager(  918): java.lang.IllegalArgumentException: Requested window android.os.BinderProxy@291b5326 does not exist
W/WindowManager(  918): 	at com.android.server.wm.WindowManagerService.windowForClientLocked(WindowManagerService.java:9833)
W/WindowManager(  918): 	at com.android.server.wm.WindowManagerService.windowForClientLocked(WindowManagerService.java:9824)
W/WindowManager(  918): 	at com.android.server.wm.WindowManagerService.relayoutWindow(WindowManagerService.java:3784)
W/WindowManager(  918): 	at com.android.server.wm.Session.relayout(Session.java:213)
W/WindowManager(  918): 	at android.view.IWindowSession$Stub.onTransact(IWindowSession.java:273)
W/WindowManager(  918): 	at com.android.server.wm.Session.onTransact(Session.java:146)
W/WindowManager(  918): 	at android.os.Binder.execTransact(Binder.java:451)
D/TedApp  (32419): [TedNumberApplication]: Updater init finished...
D/ActivityThread(32372): hoder:android.app.IActivityManager$ContentProviderHolder@809ac6e,provider,holder.Provider:android.content.ContentProviderProxy@29bc1f0f
D/TedApp  (32419): [TedNumberApplication]: onCreate end...
W/ResourceType(32354): For resource 0x7f02147f, entry index(5247) is beyond type entryCount(191)
W/ResourceType(32354): Failure getting entry for 0x7f02147f (t=1 e=5247) (error -75)
W/HanziToPinyin(32354): There is no Chinese collator, HanziToPinyin is disabled
W/ResourceType(32354): For resource 0x7f02147e, entry index(5246) is beyond type entryCount(191)
W/ResourceType(32354): Failure getting entry for 0x7f02147e (t=1 e=5246) (error -75)
D/AccountTypeManager(32354): Registering external account type=com.tencent.mm.account, packageName=com.tencent.mm
D/TedApp  (32419): [Locator]: Locator init...
D/AbsListView(32354): onSizeChanged w=0, h=120, oldw=0, oldh=0, getChildCount=0, mSyncPosition=0, mNeedSync=false, mSyncMode=0, mAdaptercom.android.contacts.calllog.CallLogAdapter@22d1ba26, this=com.oppo.widget.OppoListView{3f00fb9a VFED.VC. ......I. 0,0-0,120 #7f0e00ef app:id/call_log_list}, callstack=android.widget.ListView.onSizeChanged:1156 android.view.View.sizeChange:16166 android.view.View.setFrame:16131 android.widget.AbsListView.setFrame:2308 android.view.View.layout:16022 android.view.ViewGroup.layout:5234 android.widget.RelativeLayout.onLayout:1195 android.view.View.layout:16032 android.view.ViewGroup.layout:5234 android.widget.FrameLayout.layoutChildren:639 
D/ActivityThread(32372): hoder:android.app.IActivityManager$ContentProviderHolder@2b29fb9c,provider,holder.Provider:android.content.ContentProviderProxy@2231d9a5
I/AccountTypeManager(32354): Loaded meta-data for 3 account types, 0 accounts in 105ms(wall) 40ms(cpu)
I/thermal_src(  368): wake up function 3
I/thermal_src(  368): TA_DAEMON_CMD_GET_TPCB cmd=0x5, len=4 PCB=35000
I/thermal_src(  368): TA_DAEMON_CMD_SET_TTJ cmd=0x4, len=4 Tj=85000
D/ActivityThread(32372): hoder:android.app.IActivityManager$ContentProviderHolder@3a28217a,provider,holder.Provider:android.content.ContentProviderProxy@1ba59d2b
D/ListView(32354): mSelectorRect.setEmpty in layoutChildren with sel = com.color.widget.ColorSlideView{181df850 V.ED.... ......ID 0,0-0,120}, this = com.oppo.widget.OppoListView{3f00fb9a VFED.VC. ......ID 0,0-0,120 #7f0e00ef app:id/call_log_list}
V/OppoAppStartupManager(  918): handleStartProvider com.coloros.phonenoareainquire com.coloros.phonenoareainquire.PhoneNoInquireProvider android.process.contacts
D/TedApp  (32419): [TedNumberApplication]: isBootWizardCompleted:true
D/TedApp  (32419): [Locator]: Start location...
I/ActivityManager(  918): Start proc 32469:com.coloros.phonenoareainquire/u0a70 for content provider com.coloros.phonenoareainquire/.PhoneNoInquireProvider
D/usage_raw_part(  918): write content:current_data_size = 1023
D/usage_raw_part(  918): write content:dataContentBuffer = com.coloros.phonenoareainquire|2019-01-08 15:05:18
D/usage_raw_part(  918): write content:current_item_index = 738
D/usage_raw_part(  918): write content:maxItemSize = 1023
D/usage_raw_part(  918): write content in replace mode, current index:738
D/usage_raw_part(  918): write content in replace mode, save item content res:50
D/TedApp  (32419): [NumberService]: onBind...
D/usage_raw_part(  918): write content in replace mode, save new item index res:32
D/OppoUsageService(  918): writeHistoryRecord[AppUsage], saveRes = 1
D/Dialer_TedServiceHelper(32354): onServiceConnected...
D/ActivityThread(32372): hoder:android.app.IActivityManager$ContentProviderHolder@35a93588,provider,holder.Provider:android.content.ContentProviderProxy@168b6b21
D/ActivityThread(32372): hoder:android.app.IActivityManager$ContentProviderHolder@1086db46,provider,holder.Provider:android.content.ContentProviderProxy@3e5ee107
D/ActivityThread(32372): hoder:android.app.IActivityManager$ContentProviderHolder@9602234,provider,holder.Provider:android.content.ContentProviderProxy@3092985d
D/ActivityThread(32469): installProvider: context.getPackageName()=com.coloros.phonenoareainquire
D/PhoneNoInquireContentProvider(32469): onCreate
D/ActivityThread(32372): hoder:android.app.IActivityManager$ContentProviderHolder@dc565d2,provider,holder.Provider:android.content.ContentProviderProxy@147e86a3
I/Process (  918): get_ion_cache_memory gpu: 74336 KB
D/TedApp  (32419): [TedNumberApplication]: Locator init finished...
D/ActivityThread(32372): hoder:android.app.IActivityManager$ContentProviderHolder@bf72da0,provider,holder.Provider:android.content.ContentProviderProxy@11e55d59
D/ActivityThread(32354): hoder:android.app.IActivityManager$ContentProviderHolder@26e14c61,provider,holder.Provider:android.content.ContentProviderProxy@27394386
D/ActivityThread(32469): hoder:android.app.IActivityManager$ContentProviderHolder@154f977d,provider,holder.Provider:android.content.ContentProviderProxy@3ab9c672
D/ActivityThread(32372): hoder:android.app.IActivityManager$ContentProviderHolder@2968e9ff,provider,holder.Provider:android.content.ContentProviderProxy@133183cc
D/ActivityThread(32372): hoder:android.app.IActivityManager$ContentProviderHolder@2bd910b8,provider,holder.Provider:android.content.ContentProviderProxy@34d45e91
D/HeadsetStateMachine( 3395): Disconnected process message: 10, size: 0
D/UsbDeviceManager(  918): onReceive - BATTERY_CHANGED - mPlugType: 2, mSettingUsbCharging: false, mConnected: true, mSettingUsbBicr: false
D/WifiService(  918): onReceive, action:android.intent.action.BATTERY_CHANGED
D/ActivityThread(32354): hoder:android.app.IActivityManager$ContentProviderHolder@23c36474,provider,holder.Provider:android.content.ContentProviderProxy@28854d9d
W/PhoneNumberUtil( 2375): possibleNationalPrefix = (1[1279]\d{3})|0
D/ActivityThread(32354): hoder:android.app.IActivityManager$ContentProviderHolder@2d61212,provider,holder.Provider:android.content.ContentProviderProxy@3a935de3
D/Dialer_TedServiceHelper(32354):  IPageService proxy object != null 1
I/Process (  918): get_ion_cache_memory gpu: 74336 KB
I/System.out(32419): this.mCheckHandler:null
I/System.out(32419): [CDS][DNS] getAllByNameImpl netId = 0
D/libc-netbsd(32419): [getaddrinfo]: mtk hostname=110-c.api.teddymobile.cn; servname=(null); cache_mode=(null), netid=0; mark=0; app_uid=10116; ai_addrlen=0; ai_canonname=(null); ai_flags=4; ai_family=0
D/libc-netbsd(32419): [getaddrinfo]: mtk hostname=110-c.api.teddymobile.cn; servname=(null); cache_mode=(null), netid=0; mark=0; app_uid=10116; ai_addrlen=0; ai_canonname=(null); ai_flags=1024; ai_family=0
D/FrameworkListener(  342): dispatchCommand data = (getaddrinfo 110-c.api.teddymobile.cn ^ 1024 0 1 0 0)
D/libc-netbsd(  342): [getaddrinfo]: mtk hostname=110-c.api.teddymobile.cn; servname=(null); cache_mode=local, netid=101; mark=917605; app_uid=0; ai_addrlen=0; ai_canonname=(null); ai_flags=1024; ai_family=0
D/libc-netbsd(  342): default dns: query_ipv6=0, query_ipv4=1
D/libc-netbsd(  342): res_queryN name = 110-c.api.teddymobile.cn succeed
D/libc-netbsd(32419): getaddrinfo: 110-c.api.teddymobile.cn get result from proxy >>
I/System.out(32419): openConnection:1
I/System.out(32419): [CDS][DNS] getAllByNameImpl netId = 0
D/libc-netbsd(32419): [getaddrinfo]: mtk hostname=39.105.226.48; servname=(null); cache_mode=(null), netid=0; mark=0; app_uid=10116; ai_addrlen=0; ai_canonname=(null); ai_flags=4; ai_family=0
I/System.out(32419): [socket][0] connection /39.105.226.48:80;LocalPort=41012(10000)
I/System.out(32419): [CDS]connect[/39.105.226.48:80] tm:10
D/Posix   (32419): [Posix_connect Debug]Process com.ted.number :80 
I/System.out(32419): [socket][/172.30.0.20:41012] connected
I/System.out(32419): [CDS]rx timeout:10000
I/System.out(32419): [CDS]SO_SND_TIMEOUT:0
I/System.out(32419): buffer size:8192
I/System.out(32419): [CDS]SO_SNDBUF:8192
I/System.out(32419): rxBufferSize size:
D/AsyncHttpClient(32419): Headers were overwritten! (Accept-Encoding | gzip) overwrites (Accept-Encoding | gzip)
I/System.out(32419): >doSendRequest
I/System.out(32419): <doSendRequest
D/ListView(32354): mSelectorRect.setEmpty in layoutChildren with sel = com.color.widget.ColorSlideView{2c07a129 V.ED.... ......ID 0,0-0,120}, this = com.oppo.widget.OppoListView{3f00fb9a VFED.VC. ......ID 0,0-0,120 #7f0e00ef app:id/call_log_list}
D/        (  366): thermal_monitor main loop 23603 log_has_update = 0
I/thermal_src(  368): wake up function 3
I/thermal_src(  368): TA_DAEMON_CMD_GET_TPCB cmd=0x5, len=4 PCB=35000
I/thermal_src(  368): TA_DAEMON_CMD_SET_TTJ cmd=0x4, len=4 Tj=85000
V/ProcessCpuTracker(  918): cpu0 time_in_state not exist, read cpu4 time_in_state...
V/ProcessCpuTracker(  918): cpu4 time_in_state not exist, is it a BUG??!!
I/Process (  918): get_ion_cache_memory gpu: 74336 KB
D/Teddy-sk(32419): 
D/Teddy-sk(32419):  sk.d  (TedSdk:109)
D/Teddy-sk(32419):     sk.g  (TedSdk:226)
D/Teddy-sk(32419): 
D/Teddy-sk(32419):  Load ALL Dic
D/Teddy-sk(32419): 
I/Teddy-sk(32419): 
I/Teddy-sk(32419):  sk.a  (TedSdk:32)
I/Teddy-sk(32419):     sk.d  (TedSdk:112)
I/Teddy-sk(32419): 
I/Teddy-sk(32419):  init end. cost: 2832
I/Teddy-sk(32419): 
I/Process (  918): get_ion_cache_memory gpu: 74336 KB
I/Process (  918): get_ion_cache_memory gpu: 74336 KB
I/thermal_repeater(  370): select timeout
I/thermal_src(  368): wake up function 3
I/thermal_src(  368): TA_DAEMON_CMD_GET_TPCB cmd=0x5, len=4 PCB=36000
I/thermal_src(  368): TA_DAEMON_CMD_SET_TTJ cmd=0x4, len=4 Tj=85000
I/Process (  918): get_ion_cache_memory gpu: 74336 KB
D/UsbDeviceManager(  918): onReceive - BATTERY_CHANGED - mPlugType: 2, mSettingUsbCharging: false, mConnected: true, mSettingUsbBicr: false
D/WifiService(  918): onReceive, action:android.intent.action.BATTERY_CHANGED
D/HeadsetStateMachine( 3395): Disconnected process message: 10, size: 0
I/Process (  918): get_ion_cache_memory gpu: 74336 KB
D/        (  366): thermal_monitor main loop 23604 log_has_update = 0
I/thermal_src(  368): wake up function 3
I/thermal_src(  368): TA_DAEMON_CMD_GET_TPCB cmd=0x5, len=4 PCB=36000
I/thermal_src(  368): TA_DAEMON_CMD_SET_TTJ cmd=0x4, len=4 Tj=85000
I/Process (  918): get_ion_cache_memory gpu: 74336 KB
I/thermal_src(  368): wake up function 3
I/thermal_src(  368): TA_DAEMON_CMD_GET_TPCB cmd=0x5, len=4 PCB=35000
I/thermal_src(  368): TA_DAEMON_CMD_SET_TTJ cmd=0x4, len=4 Tj=85000
D/UsbDeviceManager(  918): onReceive - BATTERY_CHANGED - mPlugType: 2, mSettingUsbCharging: false, mConnected: true, mSettingUsbBicr: false
D/WifiService(  918): onReceive, action:android.intent.action.BATTERY_CHANGED
D/HeadsetStateMachine( 3395): Disconnected process message: 10, size: 0
D/CSLegacyTypeTracker(  918): getNetworkForType type 1
D/        (  366): thermal_monitor main loop 23605 log_has_update = 0
I/thermal_src(  368): wake up function 3
I/thermal_src(  368): TA_DAEMON_CMD_GET_TPCB cmd=0x5, len=4 PCB=35000
I/thermal_src(  368): TA_DAEMON_CMD_SET_TTJ cmd=0x4, len=4 Tj=85000
D/VoLTE   ( 3713): [RTPPort] rtp_port_list i=0, fd=-1, port=-1, state=0 (vendor/mediatek/proprietary/protect-app/external/volte/volte_ua/src/call/rtp_port.c:40)
D/VoLTE   ( 3713): [RTPPort] rtp_port_list i=1, fd=-1, port=-1, state=0 (vendor/mediatek/proprietary/protect-app/external/volte/volte_ua/src/call/rtp_port.c:40)
D/VoLTE   ( 3713): [RTPPort] rtp_port_list i=2, fd=-1, port=-1, state=0 (vendor/mediatek/proprietary/protect-app/external/volte/volte_ua/src/call/rtp_port.c:40)
D/VoLTE   ( 3713): [RTPPort] rtp_port_list i=3, fd=-1, port=-1, state=0 (vendor/mediatek/proprietary/protect-app/external/volte/volte_ua/src/call/rtp_port.c:40)
D/VoLTE   ( 3713): [RTPPort] rtp_port_list i=4, fd=-1, port=-1, state=0 (vendor/mediatek/proprietary/protect-app/external/volte/volte_ua/src/call/rtp_port.c:40)
D/VoLTE   ( 3713): [RTPPort] rtp_port_list i=5, fd=-1, port=-1, state=0 (vendor/mediatek/proprietary/protect-app/external/volte/volte_ua/src/call/rtp_port.c:40)
D/VoLTE   ( 3713): [RTPPort] rtp_port_list i=6, fd=-1, port=-1, state=0 (vendor/mediatek/proprietary/protect-app/external/volte/volte_ua/src/call/rtp_port.c:40)
D/VoLTE   ( 3713): [RTPPort] rtp_port_list i=7, fd=-1, port=-1, state=0 (vendor/mediatek/proprietary/protect-app/external/volte/volte_ua/src/call/rtp_port.c:40)
D/VoLTE   ( 3713): [RTPPort] rtp_port_list i=8, fd=-1, port=-1, state=0 (vendor/mediatek/proprietary/protect-app/external/volte/volte_ua/src/call/rtp_port.c:40)
D/VoLTE   ( 3713): [RTPPort] rtp_port_list i=9, fd=-1, port=-1, state=0 (vendor/mediatek/proprietary/protect-app/external/volte/volte_ua/src/call/rtp_port.c:40)
D/VoLTE   ( 3713): [RTPPort] rtp_port_list i=10, fd=-1, port=-1, state=0 (vendor/mediatek/proprietary/protect-app/external/volte/volte_ua/src/call/rtp_port.c:40)
D/VoLTE   ( 3713): [RTPPort] rtp_port_list i=11, fd=-1, port=-1, state=0 (vendor/mediatek/proprietary/protect-app/external/volte/volte_ua/src/call/rtp_port.c:40)
D/VoLTE   ( 3713): [RTPPort] rtp_port_list i=12, fd=-1, port=-1, state=0 (vendor/mediatek/proprietary/protect-app/external/volte/volte_ua/src/call/rtp_port.c:40)
D/VoLTE   ( 3713): [RTPPort] rtp_port_list i=13, fd=-1, port=-1, state=0 (vendor/mediatek/proprietary/protect-app/external/volte/volte_ua/src/call/rtp_port.c:40)
D/VoLTE   ( 3713): [RTPPort] rtp_port_list i=14, fd=-1, port=-1, state=0 (vendor/mediatek/proprietary/protect-app/external/volte/volte_ua/src/call/rtp_port.c:40)
D/VoLTE   ( 3713): [RTPPort] rtp_port_list i=15, fd=-1, port=-1, state=0 (vendor/mediatek/proprietary/protect-app/external/volte/volte_ua/src/call/rtp_port.c:40)
D/VoLTE   ( 3713): [RTPPort] rtp_port_read_thread mutex lock start (vendor/mediatek/proprietary/protect-app/external/volte/volte_ua/src/call/rtp_port.c:61)
D/VoLTE   ( 3713): [RTPPort] rtp_port_read_thread mutex lock done (vendor/mediatek/proprietary/protect-app/external/volte/volte_ua/src/call/rtp_port.c:63)
D/VoLTE   ( 3713): [RTPPort] rtp_port_read_thread mutex unlock start (vendor/mediatek/proprietary/protect-app/external/volte/volte_ua/src/call/rtp_port.c:80)
D/VoLTE   ( 3713): [RTPPort] rtp_port_read_thread mutex unlock done (vendor/mediatek/proprietary/protect-app/external/volte/volte_ua/src/call/rtp_port.c:82)
D/VoLTE   ( 3713): [RTPPort] rtp_port_list i=0, fd=-1, port=-1, state=0 (vendor/mediatek/proprietary/protect-app/external/volte/volte_ua/src/call/rtp_port.c:40)
D/VoLTE   ( 3713): [RTPPort] rtp_port_list i=1, fd=-1, port=-1, state=0 (vendor/mediatek/proprietary/protect-app/external/volte/volte_ua/src/call/rtp_port.c:40)
D/VoLTE   ( 3713): [RTPPort] rtp_port_list i=2, fd=-1, port=-1, state=0 (vendor/mediatek/proprietary/protect-app/external/volte/volte_ua/src/call/rtp_port.c:40)
D/VoLTE   ( 3713): [RTPPort] rtp_port_list i=3, fd=-1, port=-1, state=0 (vendor/mediatek/proprietary/protect-app/external/volte/volte_ua/src/call/rtp_port.c:40)
D/VoLTE   ( 3713): [RTPPort] rtp_port_list i=4, fd=-1, port=-1, state=0 (vendor/mediatek/proprietary/protect-app/external/volte/volte_ua/src/call/rtp_port.c:40)
D/VoLTE   ( 3713): [RTPPort] rtp_port_list i=5, fd=-1, port=-1, state=0 (vendor/mediatek/proprietary/protect-app/external/volte/volte_ua/src/call/rtp_port.c:40)
D/VoLTE   ( 3713): [RTPPort] rtp_port_list i=6, fd=-1, port=-1, state=0 (vendor/mediatek/proprietary/protect-app/external/volte/volte_ua/src/call/rtp_port.c:40)
D/VoLTE   ( 3713): [RTPPort] rtp_port_list i=7, fd=-1, port=-1, state=0 (vendor/mediatek/proprietary/protect-app/external/volte/volte_ua/src/call/rtp_port.c:40)
D/VoLTE   ( 3713): [RTPPort] rtp_port_list i=8, fd=-1, port=-1, state=0 (vendor/mediatek/proprietary/protect-app/external/volte/volte_ua/src/call/rtp_port.c:40)
D/VoLTE   ( 3713): [RTPPort] rtp_port_list i=9, fd=-1, port=-1, state=0 (vendor/mediatek/proprietary/protect-app/external/volte/volte_ua/src/call/rtp_port.c:40)
D/VoLTE   ( 3713): [RTPPort] rtp_port_list i=10, fd=-1, port=-1, state=0 (vendor/mediatek/proprietary/protect-app/external/volte/volte_ua/src/call/rtp_port.c:40)
D/VoLTE   ( 3713): [RTPPort] rtp_port_list i=11, fd=-1, port=-1, state=0 (vendor/mediatek/proprietary/protect-app/external/volte/volte_ua/src/call/rtp_port.c:40)
D/VoLTE   ( 3713): [RTPPort] rtp_port_list i=12, fd=-1, port=-1, state=0 (vendor/mediatek/proprietary/protect-app/external/volte/volte_ua/src/call/rtp_port.c:40)
D/VoLTE   ( 3713): [RTPPort] rtp_port_list i=13, fd=-1, port=-1, state=0 (vendor/mediatek/proprietary/protect-app/external/volte/volte_ua/src/call/rtp_port.c:40)
D/VoLTE   ( 3713): [RTPPort] rtp_port_list i=14, fd=-1, port=-1, state=0 (vendor/mediatek/proprietary/protect-app/external/volte/volte_ua/src/call/rtp_port.c:40)
D/VoLTE   ( 3713): [RTPPort] rtp_port_list i=15, fd=-1, port=-1, state=0 (vendor/mediatek/proprietary/protect-app/external/volte/volte_ua/src/call/rtp_port.c:40)
D/VoLTE   ( 3713): [RTPPort] rtp_port_read_thread max_fd=6 (vendor/mediatek/proprietary/protect-app/external/volte/volte_ua/src/call/rtp_port.c:86)
I/thermal_repeater(  370): select timeout
I/thermal_src(  368): wake up function 3
I/thermal_src(  368): TA_DAEMON_CMD_GET_TPCB cmd=0x5, len=4 PCB=35000
I/thermal_src(  368): TA_DAEMON_CMD_SET_TTJ cmd=0x4, len=4 Tj=85000
E/rutils  ( 1240): releaseProcess gCount = 1
D/HeadsetStateMachine( 3395): Disconnected process message: 10, size: 0
D/UsbDeviceManager(  918): onReceive - BATTERY_CHANGED - mPlugType: 2, mSettingUsbCharging: false, mConnected: true, mSettingUsbBicr: false
D/WifiService(  918): onReceive, action:android.intent.action.BATTERY_CHANGED
D/        (  366): thermal_monitor main loop 23606 log_has_update = 0
I/thermal_src(  368): wake up function 3
I/thermal_src(  368): TA_DAEMON_CMD_GET_TPCB cmd=0x5, len=4 PCB=35000
I/thermal_src(  368): TA_DAEMON_CMD_SET_TTJ cmd=0x4, len=4 Tj=85000
I/System.out( 4799): [CDS]EAGAIN in Recvfrom
I/System.out( 4799): [CDS]read byte is 0
I/System.out( 4799): [CDS]rx timeout:10000
I/System.out( 4799): [CDS]rx timeout:30000
V/AlarmManager(  918): Checking for alarms... rtc=1546931138104, elapsed=513992438
D/AlarmManager(  918): setLocked set alarm to RTC wakeup type = 2, when = 514129949
D/AlarmManager(  918): setLocked set alarm to RTC nonwakeup type = 3, when = 514014333
D/DataShapingService(  918): [openLteDataUpLinkGate] mDataShapingEnabled is false!
V/AlarmManager(  918): socktUnblockingTimeElapsed(ms): 208321 < mMinimumPeriod_BlockSocket: 300000
V/AlarmManager(  918): sending alarm Alarm{23618375 type 2 when 513992438 android whenElapsed 513992438 windowLength 0 maxWhen 513992438 repeatInterval 0 action android.content.syncmanager.SYNC_ALARM component null} success
D/ActivityThread(  918): BDC-Calling finishReceiver: IIntentReceiver=2b431391
V/AlarmManager(  918): APP set(PendingIntent{5af4565: PendingIntentRecord{23e3823a android broadcastIntent}}) : type=2 triggerAtTime=514023483 win=0 tElapsed=514023483 maxElapsed=514023483 interval=0 standalone=true alarmClockInfo = null
D/AlarmManager(  918): setLocked set alarm to RTC wakeup type = 2, when = 514023483
I/thermal_src(  368): wake up function 3
I/thermal_src(  368): TA_DAEMON_CMD_GET_TPCB cmd=0x5, len=4 PCB=35000
I/thermal_src(  368): TA_DAEMON_CMD_SET_TTJ cmd=0x4, len=4 Tj=85000
D/UsbDeviceManager(  918): onReceive - BATTERY_CHANGED - mPlugType: 2, mSettingUsbCharging: false, mConnected: true, mSettingUsbBicr: false
D/WifiService(  918): onReceive, action:android.intent.action.BATTERY_CHANGED
D/HeadsetStateMachine( 3395): Disconnected process message: 10, size: 0
D/        (  366): thermal_monitor main loop 23607 log_has_update = 0
I/thermal_src(  368): wake up function 3
I/thermal_src(  368): TA_DAEMON_CMD_GET_TPCB cmd=0x5, len=4 PCB=35000
I/thermal_src(  368): TA_DAEMON_CMD_SET_TTJ cmd=0x4, len=4 Tj=85000
D/CSLegacyTypeTracker(  918): getNetworkForType type 1
D/awcn.DefaultHeartbeatImpl(25370): |[seq:umeng:5aefc14aa40fa363680000e7.AWCN27_1] heartbeat session:Session@[umeng:5aefc14aa40fa363680000e7.AWCN27_1|http2_0rtt_acs]
D/awcn.TnetSpdySession(25370): |[seq:umeng:5aefc14aa40fa363680000e7.AWCN27_1] ping host:https://umengacs.m.taobao.com thread:AWCN Scheduler1
D/awcn.TnetSpdySession(25370): |[seq:umeng:5aefc14aa40fa363680000e7.AWCN27_1] https://umengacs.m.taobao.com submit ping ms:45057 force:true
D/awcn.DefaultHeartbeatImpl(25370): |[seq:umeng:5aefc14aa40fa363680000e7.AWCN27_1] reSchedule session:Session@[umeng:5aefc14aa40fa363680000e7.AWCN27_1|http2_0rtt_acs] delay:45056
I/awcn.TnetSpdySession(25370): |[seq:umeng:5aefc14aa40fa363680000e7.AWCN27_1] ping receive Host:https://umengacs.m.taobao.com id:23
I/thermal_repeater(  370): select timeout
V/ProcessCpuTracker(  918): cpu0 time_in_state not exist, read cpu4 time_in_state...
V/ProcessCpuTracker(  918): cpu4 time_in_state not exist, is it a BUG??!!
I/thermal_src(  368): wake up function 3
I/thermal_src(  368): TA_DAEMON_CMD_GET_TPCB cmd=0x5, len=4 PCB=35000
I/thermal_src(  368): TA_DAEMON_CMD_SET_TTJ cmd=0x4, len=4 Tj=85000
W/Watchdog(  918): SWT Watchdog after wait current time:118244469
W/Watchdog(  918): **Get SF Time **1
W/Watchdog_N(  918): !@WatchDog_3941;
W/Watchdog(  918): SWT Watchdog before synchronized:118244471
W/Watchdog(  918): SWT Watchdog after synchronized:118244471
W/Watchdog(  918): SWT Watchdog before wait timeout:30000
W/Watchdog(  918): SWT Watchdog before wait current time:118244476
W/Watchdog(  918): SWT Watchdog before wait start:118244475
W/Watchdog(  918): SWT Watchdog before wait CHECK_INTERVAL:30000
D/        (  366): thermal_monitor main loop 23608 log_has_update = 0
I/thermal_src(  368): wake up function 3
I/thermal_src(  368): TA_DAEMON_CMD_GET_TPCB cmd=0x5, len=4 PCB=35000
I/thermal_src(  368): TA_DAEMON_CMD_SET_TTJ cmd=0x4, len=4 Tj=85000
I/thermal_src(  368): wake up function 3
I/thermal_src(  368): TA_DAEMON_CMD_GET_TPCB cmd=0x5, len=4 PCB=35000
I/thermal_src(  368): TA_DAEMON_CMD_SET_TTJ cmd=0x4, len=4 Tj=85000
D/UsbDeviceManager(  918): onReceive - BATTERY_CHANGED - mPlugType: 2, mSettingUsbCharging: false, mConnected: true, mSettingUsbBicr: false
D/WifiService(  918): onReceive, action:android.intent.action.BATTERY_CHANGED
D/HeadsetStateMachine( 3395): Disconnected process message: 10, size: 0
D/        (  366): thermal_monitor main loop 23609 log_has_update = 0
I/thermal_src(  368): wake up function 3
I/thermal_src(  368): TA_DAEMON_CMD_GET_TPCB cmd=0x5, len=4 PCB=35000
I/thermal_src(  368): TA_DAEMON_CMD_SET_TTJ cmd=0x4, len=4 Tj=85000
D/WorkerThreadMonitor( 4799): Kill MSF check result[ senderSize:0,sendInterval:3879250,receiveInterval=16956,addCmdCount=14
I/thermal_repeater(  370): select timeout
I/thermal_src(  368): wake up function 3
I/thermal_src(  368): TA_DAEMON_CMD_GET_TPCB cmd=0x5, len=4 PCB=35000
I/thermal_src(  368): TA_DAEMON_CMD_SET_TTJ cmd=0x4, len=4 Tj=85000
D/CSLegacyTypeTracker(  918): getNetworkForType type 1
D/UsbDeviceManager(  918): onReceive - BATTERY_CHANGED - mPlugType: 2, mSettingUsbCharging: false, mConnected: true, mSettingUsbBicr: false
D/WifiService(  918): onReceive, action:android.intent.action.BATTERY_CHANGED
D/HeadsetStateMachine( 3395): Disconnected process message: 10, size: 0
D/        (  366): thermal_monitor main loop 23610 log_has_update = 0
I/thermal_src(  368): wake up function 3
I/thermal_src(  368): TA_DAEMON_CMD_GET_TPCB cmd=0x5, len=4 PCB=35000
I/thermal_src(  368): TA_DAEMON_CMD_SET_TTJ cmd=0x4, len=4 Tj=85000
I/thermal_src(  368): wake up function 3
I/thermal_src(  368): TA_DAEMON_CMD_GET_TPCB cmd=0x5, len=4 PCB=35000
I/thermal_src(  368): TA_DAEMON_CMD_SET_TTJ cmd=0x4, len=4 Tj=85000
D/        (  366): thermal_monitor main loop 23611 log_has_update = 0
I/thermal_src(  368): wake up function 3
I/thermal_src(  368): TA_DAEMON_CMD_GET_TPCB cmd=0x5, len=4 PCB=35000
I/thermal_src(  368): TA_DAEMON_CMD_SET_TTJ cmd=0x4, len=4 Tj=85000
V/AlarmManager(  918): Checking for alarms... rtc=1546931159999, elapsed=514014333
D/DataShapingService(  918): [openLteDataUpLinkGate] mDataShapingEnabled is false!
V/AlarmManager(  918): sending alarm Alarm{2810cf0a type 3 when 514014333 android whenElapsed 514014333 windowLength 0 maxWhen 514014333 repeatInterval 0 action android.intent.action.TIME_TICK component null} success
V/AlarmManager(  918): APP set(PendingIntent{371d53bc: PendingIntentRecord{26681f45 android broadcastIntent}}) : type=3 triggerAtTime=514074334 win=0 tElapsed=514074334 maxElapsed=514074334 interval=0 standalone=true alarmClockInfo = null
D/ActivityThread(  918): BDC-Calling finishReceiver: IIntentReceiver=12eed389
W/ADB_SERVICES(30719): read_meminfo() mem_free=1539888
I/thermal_repeater(  370): select timeout
I/thermal_src(  368): wake up function 3
I/thermal_src(  368): TA_DAEMON_CMD_GET_TPCB cmd=0x5, len=4 PCB=35000
I/thermal_src(  368): TA_DAEMON_CMD_SET_TTJ cmd=0x4, len=4 Tj=85000
E/rutils  ( 1240): releaseProcess gCount = 1
D/UsbDeviceManager(  918): onReceive - BATTERY_CHANGED - mPlugType: 2, mSettingUsbCharging: false, mConnected: true, mSettingUsbBicr: false
D/HeadsetStateMachine( 3395): Disconnected process message: 10, size: 0
D/WifiService(  918): onReceive, action:android.intent.action.BATTERY_CHANGED
D/        (  366): thermal_monitor main loop 23612 log_has_update = 0
I/thermal_src(  368): wake up function 3
I/thermal_src(  368): TA_DAEMON_CMD_GET_TPCB cmd=0x5, len=4 PCB=35000
I/thermal_src(  368): TA_DAEMON_CMD_SET_TTJ cmd=0x4, len=4 Tj=85000
V/ProcessCpuTracker(  918): cpu0 time_in_state not exist, read cpu4 time_in_state...
V/ProcessCpuTracker(  918): cpu4 time_in_state not exist, is it a BUG??!!
D/CSLegacyTypeTracker(  918): getNetworkForType type 1
I/System.out( 4799): [CDS]EAGAIN in Recvfrom
I/System.out( 4799): [CDS]read byte is 0
I/System.out( 4799): [CDS]rx timeout:10000
I/System.out( 4799): [CDS]rx timeout:30000
I/thermal_src(  368): wake up function 3
I/thermal_src(  368): TA_DAEMON_CMD_GET_TPCB cmd=0x5, len=4 PCB=35000
I/thermal_src(  368): TA_DAEMON_CMD_SET_TTJ cmd=0x4, len=4 Tj=85000
V/AlarmManager(  918): Checking for alarms... rtc=1546931169149, elapsed=514023483
D/AlarmManager(  918): setLocked set alarm to RTC wakeup type = 2, when = 514129949
D/AlarmManager(  918): setLocked set alarm to RTC nonwakeup type = 3, when = 514074334
D/DataShapingService(  918): [openLteDataUpLinkGate] mDataShapingEnabled is false!
V/AlarmManager(  918): socktUnblockingTimeElapsed(ms): 239366 < mMinimumPeriod_BlockSocket: 300000
V/AlarmManager(  918): sending alarm Alarm{2ad3e1f1 type 2 when 514023483 android whenElapsed 514023483 windowLength 0 maxWhen 514023483 repeatInterval 0 action android.content.syncmanager.SYNC_ALARM component null} success
D/ActivityThread(  918): BDC-Calling finishReceiver: IIntentReceiver=2b431391
D/usage_raw_part(  918): write content:current_data_size = 1023
D/usage_raw_part(  918): write content:dataContentBuffer = com.idotools.qrcode:ghosty|2019-01-08 15:06:09
D/usage_raw_part(  918): write content:current_item_index = 739
D/usage_raw_part(  918): write content:maxItemSize = 1023
D/usage_raw_part(  918): write content in replace mode, current index:739
D/usage_raw_part(  918): write content in replace mode, save item content res:46
D/usage_raw_part(  918): write content in replace mode, save new item index res:32
D/OppoUsageService(  918): writeHistoryRecord[AppUsage], saveRes = 1
I/ActivityManager(  918): Start proc 32505:com.idotools.qrcode:ghosty/u0a138 for service com.idotools.qrcode/com.dot.ghosty.sync.SyncService
V/AlarmManager(  918): APP set(PendingIntent{5af4565: PendingIntentRecord{23e3823a android broadcastIntent}}) : type=2 triggerAtTime=514053552 win=0 tElapsed=514053552 maxElapsed=514053552 interval=0 standalone=true alarmClockInfo = null
D/AlarmManager(  918): setLocked set alarm to RTC wakeup type = 2, when = 514053552
I/art     (  375): Explicit concurrent mark sweep GC freed 41(1888B) AllocSpace objects, 0(0B) LOS objects, 66% free, 7MB/21MB, paused 663us total 58.341ms
D/ActivityThread(32505): installProvider: context.getPackageName()=com.idotools.qrcode
I/art     (  375): Explicit concurrent mark sweep GC freed 5(160B) AllocSpace objects, 0(0B) LOS objects, 66% free, 7MB/21MB, paused 671us total 38.864ms
I/art     (  375): Explicit concurrent mark sweep GC freed 5(160B) AllocSpace objects, 0(0B) LOS objects, 66% free, 7MB/21MB, paused 421us total 29.711ms
W/ContextImpl(32505): Failed to ensure directory: /storage/sdcard1/Android/data/com.idotools.qrcode/files/tbslog, /storage/sdcard1 has not mounted right now
W/ContextImpl(32505): Failed to ensure directory: /storage/sdcard1/Android/data/com.idotools.qrcode/files/tbslog
I/crash_recorder(32505): JNI_OnLoad at vm:0xf449f200
I/crash_recorder(32505): starting registerNativeSignalAction...
D/MPlugin (32505): createInstance(): Begin = 118270342
D/MPlugin (32505): create Instance (two parameters) with : com.mediatek.common.telephony.IOnlyOwnerSimSupport
D/MPlugin (32505): Clazz exists on mapping table : false
E/MPlugin (32505): Unsupported class: com.mediatek.common.telephony.IOnlyOwnerSimSupport
D/MPlugin (32505): createInstance(): End = 118270342
D/ActivityThread(32505): hoder:android.app.IActivityManager$ContentProviderHolder@3e057615,provider,holder.Provider:android.content.ContentProviderProxy@3b8bdd2a
E/Parcel  (32505): Reading a NULL string not supported here.
I/System.out(32505): open:https://log.tbs.qq.com/ajax?c=dl&k=6eda0639cd63537d8184ff4cd8b9d254
I/System.out(32505): Not need to boost!
I/System.out(32505): [CDS][DNS] getAllByNameImpl netId = 0
D/libc-netbsd(32505): [getaddrinfo]: mtk hostname=log.tbs.qq.com; servname=(null); cache_mode=(null), netid=0; mark=0; app_uid=10138; ai_addrlen=0; ai_canonname=(null); ai_flags=4; ai_family=0
D/libc-netbsd(32505): [getaddrinfo]: mtk hostname=log.tbs.qq.com; servname=(null); cache_mode=(null), netid=0; mark=0; app_uid=10138; ai_addrlen=0; ai_canonname=(null); ai_flags=1024; ai_family=0
D/FrameworkListener(  342): dispatchCommand data = (getaddrinfo log.tbs.qq.com ^ 1024 0 1 0 0)
D/libc-netbsd(  342): [getaddrinfo]: mtk hostname=log.tbs.qq.com; servname=(null); cache_mode=local, netid=101; mark=917605; app_uid=0; ai_addrlen=0; ai_canonname=(null); ai_flags=1024; ai_family=0
D/libc-netbsd(  342): default dns: query_ipv6=0, query_ipv4=1
D/libc-netbsd(  342): res_queryN name = log.tbs.qq.com succeed
D/libc-netbsd(32505): getaddrinfo: log.tbs.qq.com get result from proxy >>
I/System.out(32505): [CDS]rx timeout:0
I/System.out(32505): [socket][0] connection log.tbs.qq.com/111.161.64.105:443;LocalPort=57301(20000)
I/System.out(32505): [CDS]connect[log.tbs.qq.com/111.161.64.105:443] tm:20
D/Posix   (32505): [Posix_connect Debug]Process com.idotools.qrcode:ghosty :443 
E/Parcel  (32505): Reading a NULL string not supported here.
I/System.out(32505): [socket][/172.30.0.20:57301] connected
D/libc-netbsd(32505): [getaddrinfo]: mtk hostname=log.tbs.qq.com; servname=(null); cache_mode=(null), netid=0; mark=0; app_uid=10138; ai_addrlen=0; ai_canonname=(null); ai_flags=4; ai_family=0
D/NativeCrypto(32505): ssl=0xf4488a00 NativeCrypto_SSL_do_handshake fd=0xdf3cc590 shc=0xdf3cc594 timeout_millis=0 client_mode=1 npn=0x0
D/NativeCrypto(32505): doing handshake ++
D/NativeCrypto(32505): ssl=0xf4488a00 info_callback where=0x10 ret=1
D/NativeCrypto(32505): ssl=0xf4488a00 handshake start in UNKWN  before/connect initialization
D/NativeCrypto(32505): ssl=0xf4488a00 info_callback calling handshakeCompleted
D/NativeCrypto(32505): ssl=0xf4488a00 info_callback completed
D/NativeCrypto(32505): ssl=0xf4488a00 info_callback where=0x1001 ret=1
D/NativeCrypto(32505): ssl=0xf4488a00 SSL_connect:UNKWN  before/connect initialization
D/NativeCrypto(32505): ssl=0xf4488a00 info_callback ignored
D/NativeCrypto(32505): ssl=0xf4488a00 info_callback where=0x1001 ret=1
D/NativeCrypto(32505): ssl=0xf4488a00 SSL_connect:23WCHA SSLv2/v3 write client hello A
D/NativeCrypto(32505): ssl=0xf4488a00 info_callback ignored
D/NativeCrypto(32505): ssl=0xf4488a00 info_callback where=0x1002 ret=-1
D/NativeCrypto(32505): ssl=0xf4488a00 SSL_connect:error exit in 23RSHA SSLv2/v3 read server hello A
D/NativeCrypto(32505): ssl=0xf4488a00 info_callback ignored
D/NativeCrypto(32505): doing handshake -- ret=-1
D/NativeCrypto(32505): ssl=0xf4488a00 NativeCrypto_SSL_do_handshake ret=-1 errno=11 sslError=2 timeout_millis=0
E/Parcel  (32505): Reading a NULL string not supported here.
D/NativeCrypto(32505): doing handshake ++
D/NativeCrypto(32505): ssl=0xf4488a00 info_callback where=0x1001 ret=1
D/NativeCrypto(32505): ssl=0xf4488a00 SSL_connect:3RSH_A SSLv3 read server hello A
D/NativeCrypto(32505): ssl=0xf4488a00 info_callback ignored
D/NativeCrypto(32505): ssl=0xf4488a00 info_callback where=0x1002 ret=-1
D/NativeCrypto(32505): ssl=0xf4488a00 SSL_connect:error exit in 3RSC_A SSLv3 read server certificate A
D/NativeCrypto(32505): ssl=0xf4488a00 info_callback ignored
D/NativeCrypto(32505): ssl=0xf4488a00 info_callback where=0x1002 ret=-1
D/NativeCrypto(32505): ssl=0xf4488a00 SSL_connect:error exit in 3RSC_A SSLv3 read server certificate A
D/NativeCrypto(32505): ssl=0xf4488a00 info_callback ignored
D/NativeCrypto(32505): doing handshake -- ret=-1
D/NativeCrypto(32505): ssl=0xf4488a00 NativeCrypto_SSL_do_handshake ret=-1 errno=11 sslError=2 timeout_millis=0
D/NativeCrypto(32505): doing handshake ++
E/NativeCrypto(32505): ssl=0xf4488a00 cert_verify_callback x509_store_ctx=0xdf3cc3d0 arg=0x0
E/NativeCrypto(32505): ssl=0xf4488a00 cert_verify_callback calling verifyCertificateChain authMethod=ECDHE_RSA
D/NativeCrypto(32505): ssl=0xf4488a00 cert_verify_callback => 1
D/NativeCrypto(32505): ssl=0xf4488a00 info_callback where=0x1001 ret=1
D/NativeCrypto(32505): ssl=0xf4488a00 SSL_connect:3RSC_A SSLv3 read server certificate A
D/NativeCrypto(32505): ssl=0xf4488a00 info_callback ignored
D/NativeCrypto(32505): ssl=0xf4488a00 info_callback where=0x1001 ret=1
D/NativeCrypto(32505): ssl=0xf4488a00 SSL_connect:3RSKEA SSLv3 read server key exchange A
D/NativeCrypto(32505): ssl=0xf4488a00 info_callback ignored
D/NativeCrypto(32505): ssl=0xf4488a00 info_callback where=0x1001 ret=1
D/NativeCrypto(32505): ssl=0xf4488a00 SSL_connect:3RSD_A SSLv3 read server done A
D/NativeCrypto(32505): ssl=0xf4488a00 info_callback ignored
E/Parcel  (32505): Reading a NULL string not supported here.
D/NativeCrypto(32505): ssl=0xf4488a00 info_callback where=0x1001 ret=1
D/NativeCrypto(32505): ssl=0xf4488a00 SSL_connect:3WCKEA SSLv3 write client key exchange A
D/NativeCrypto(32505): ssl=0xf4488a00 info_callback ignored
D/NativeCrypto(32505): ssl=0xf4488a00 info_callback where=0x1001 ret=1
D/NativeCrypto(32505): ssl=0xf4488a00 SSL_connect:3WCCSA SSLv3 write change cipher spec A
D/NativeCrypto(32505): ssl=0xf4488a00 info_callback ignored
D/NativeCrypto(32505): ssl=0xf4488a00 info_callback where=0x1001 ret=1
D/NativeCrypto(32505): ssl=0xf4488a00 SSL_connect:3WFINA SSLv3 write finished A
D/NativeCrypto(32505): ssl=0xf4488a00 info_callback ignored
D/NativeCrypto(32505): ssl=0xf4488a00 info_callback where=0x1001 ret=1
D/NativeCrypto(32505): ssl=0xf4488a00 SSL_connect:3FLUSH SSLv3 flush data
D/NativeCrypto(32505): ssl=0xf4488a00 info_callback ignored
D/NativeCrypto(32505): ssl=0xf4488a00 info_callback where=0x1002 ret=-1
D/NativeCrypto(32505): ssl=0xf4488a00 SSL_connect:error exit in UNKWN  SSLv3 read server session ticket A
D/NativeCrypto(32505): ssl=0xf4488a00 info_callback ignored
D/NativeCrypto(32505): doing handshake -- ret=-1
D/NativeCrypto(32505): ssl=0xf4488a00 NativeCrypto_SSL_do_handshake ret=-1 errno=11 sslError=2 timeout_millis=0
D/NativeCrypto(32505): doing handshake ++
D/NativeCrypto(32505): ssl=0xf4488a00 info_callback where=0x1001 ret=1
D/NativeCrypto(32505): ssl=0xf4488a00 SSL_connect:UNKWN  SSLv3 read server session ticket A
D/NativeCrypto(32505): ssl=0xf4488a00 info_callback ignored
D/NativeCrypto(32505): ssl=0xf4488a00 info_callback where=0x1001 ret=1
D/NativeCrypto(32505): ssl=0xf4488a00 SSL_connect:3RFINA SSLv3 read finished A
D/NativeCrypto(32505): ssl=0xf4488a00 info_callback ignored
D/NativeCrypto(32505): ssl=0xf4488a00 info_callback where=0x20 ret=1
D/NativeCrypto(32505): ssl=0xf4488a00 handshake done in SSLOK  SSL negotiation finished successfully
D/NativeCrypto(32505): ssl=0xf4488a00 info_callback calling handshakeCompleted
D/NativeCrypto(32505): ssl=0xf4488a00 info_callback completed
D/NativeCrypto(32505): ssl=0xf4488a00 info_callback where=0x1002 ret=1
D/NativeCrypto(32505): ssl=0xf4488a00 SSL_connect:ok exit in SSLOK  SSL negotiation finished successfully
D/NativeCrypto(32505): ssl=0xf4488a00 info_callback ignored
D/NativeCrypto(32505): doing handshake -- ret=1
D/NativeCrypto(32505): ssl=0xf4488a00 NativeCrypto_SSL_get_certificate => NULL
I/System.out(32505): gba_cipher_suite:TLS_ECDHE_RSA_WITH_AES_128_GCM_SHA256
E/Parcel  (32505): Reading a NULL string not supported here.
I/System.out(32505): [CDS]SO_SND_TIMEOUT:0
I/System.out(32505): [OkHttp] sendRequest<<
D/NativeCrypto(32505): ssl=0xf4488a00 sslWrite buf=0xf44ba800 len=591 write_timeout_millis=0
D/NativeCrypto(32505): ssl=0xf4488a00 sslRead buf=0xf44ba800 len=2048,timeo=0
I/Ghosty  (32505): [com.idotools.qrcode/Ghosty] VersionCode: 1202
I/ActivityManager(  918): Start proc 32539:com.idotools.qrcode:pushservice/u0a138 for service com.idotools.qrcode/com.my.getuilibrary.GeTuiService
D/usage_raw_part(  918): write content:current_data_size = 1023
D/usage_raw_part(  918): write content:dataContentBuffer = com.idotools.qrcode:pushservice|2019-01-08 15:06:09
D/usage_raw_part(  918): write content:current_item_index = 740
D/usage_raw_part(  918): write content:maxItemSize = 1023
D/usage_raw_part(  918): write content in replace mode, current index:740
D/usage_raw_part(  918): write content in replace mode, save item content res:51
D/usage_raw_part(  918): write content in replace mode, save new item index res:32
D/OppoUsageService(  918): writeHistoryRecord[AppUsage], saveRes = 1
I/System.out(32505): Close in OkHttp
D/NativeCrypto(32505): ssl=0xf4488a00 NativeCrypto_SSL_interrupt
D/NativeCrypto(32505):  sslNotify, appData=0xf45504c0 ret=1
D/NativeCrypto(32505):  sslNotify, appData=0xf45504c0 ret=1
D/NativeCrypto(32505): ssl=0xf4488a00 info_callback where=0x4008 ret=256
D/NativeCrypto(32505): ssl=0xf4488a00 SSL3 alert write:W:CN warning close notify
D/NativeCrypto(32505): ssl=0xf4488a00 info_callback ignored
I/System.out(32505): [CDS]close[57301]
D/ActivityThread(32539): installProvider: context.getPackageName()=com.idotools.qrcode
D/        (  366): thermal_monitor main loop 23613 log_has_update = 0
I/thermal_src(  368): wake up function 3
I/thermal_src(  368): TA_DAEMON_CMD_GET_TPCB cmd=0x5, len=4 PCB=35000
I/thermal_src(  368): TA_DAEMON_CMD_SET_TTJ cmd=0x4, len=4 Tj=85000
I/System.out(32505): [CDS]close[0]
