I/thermal_src(  368): TA_DAEMON_CMD_GET_TPCB cmd=0x5, len=4 PCB=34000
I/thermal_src(  368): TA_DAEMON_CMD_SET_TTJ cmd=0x4, len=4 Tj=85000
I/thermal_src(  368): wake up function 3
I/thermal_src(  368): TA_DAEMON_CMD_GET_TPCB cmd=0x5, len=4 PCB=34000
I/thermal_src(  368): TA_DAEMON_CMD_SET_TTJ cmd=0x4, len=4 Tj=85000
D/UsbDeviceManager(  918): onReceive - BATTERY_CHANGED - mPlugType: 2, mSettingUsbCharging: false, mConnected: true, mSettingUsbBicr: false
D/WifiService(  918): onReceive, action:android.intent.action.BATTERY_CHANGED
I/thermal_src(  368): wake up function 3
I/thermal_src(  368): TA_DAEMON_CMD_GET_TPCB cmd=0x5, len=4 PCB=34000
I/thermal_src(  368): TA_DAEMON_CMD_SET_TTJ cmd=0x4, len=4 Tj=85000
I/thermal_repeater(  370): select timeout
I/thermal_src(  368): wake up function 3
I/thermal_src(  368): TA_DAEMON_CMD_GET_TPCB cmd=0x5, len=4 PCB=34000
I/thermal_src(  368): TA_DAEMON_CMD_SET_TTJ cmd=0x4, len=4 Tj=85000
D/UsbDeviceManager(  918): onReceive - BATTERY_CHANGED - mPlugType: 2, mSettingUsbCharging: false, mConnected: true, mSettingUsbBicr: false
D/WifiService(  918): onReceive, action:android.intent.action.BATTERY_CHANGED
I/thermal_src(  368): wake up function 3
I/thermal_src(  368): TA_DAEMON_CMD_GET_TPCB cmd=0x5, len=4 PCB=34000
I/thermal_src(  368): TA_DAEMON_CMD_SET_TTJ cmd=0x4, len=4 Tj=85000
D/CSLegacyTypeTracker(  918): getNetworkForType type 1
I/thermal_src(  368): wake up function 3
I/thermal_src(  368): TA_DAEMON_CMD_GET_TPCB cmd=0x5, len=4 PCB=34000
I/thermal_src(  368): TA_DAEMON_CMD_SET_TTJ cmd=0x4, len=4 Tj=85000
D/UsbDeviceManager(  918): onReceive - BATTERY_CHANGED - mPlugType: 2, mSettingUsbCharging: false, mConnected: true, mSettingUsbBicr: false
D/WifiService(  918): onReceive, action:android.intent.action.BATTERY_CHANGED
I/thermal_src(  368): wake up function 3
I/thermal_src(  368): TA_DAEMON_CMD_GET_TPCB cmd=0x5, len=4 PCB=34000
I/thermal_src(  368): TA_DAEMON_CMD_SET_TTJ cmd=0x4, len=4 Tj=85000
I/thermal_repeater(  370): select timeout
I/thermal_src(  368): wake up function 3
I/thermal_src(  368): TA_DAEMON_CMD_GET_TPCB cmd=0x5, len=4 PCB=34000
I/thermal_src(  368): TA_DAEMON_CMD_SET_TTJ cmd=0x4, len=4 Tj=85000
W/Watchdog(  918): SWT Watchdog after wait current time:117884379
W/Watchdog(  918): **Get SF Time **1
W/Watchdog(  918): SWT Watchdog before synchronized:117884381
W/Watchdog(  918): SWT Watchdog after synchronized:117884381
W/Watchdog(  918): SWT Watchdog before wait timeout:30000
W/Watchdog(  918): SWT Watchdog before wait current time:117884387
W/Watchdog(  918): SWT Watchdog before wait start:117884386
W/Watchdog(  918): SWT Watchdog before wait CHECK_INTERVAL:30000
D/UsbDeviceManager(  918): onReceive - BATTERY_CHANGED - mPlugType: 2, mSettingUsbCharging: false, mConnected: true, mSettingUsbBicr: false
D/WifiService(  918): onReceive, action:android.intent.action.BATTERY_CHANGED
I/thermal_src(  368): wake up function 3
I/thermal_src(  368): TA_DAEMON_CMD_GET_TPCB cmd=0x5, len=4 PCB=34000
I/thermal_src(  368): TA_DAEMON_CMD_SET_TTJ cmd=0x4, len=4 Tj=85000
D/CSLegacyTypeTracker(  918): getNetworkForType type 1
I/thermal_src(  368): wake up function 3
I/thermal_src(  368): TA_DAEMON_CMD_GET_TPCB cmd=0x5, len=4 PCB=34000
I/thermal_src(  368): TA_DAEMON_CMD_SET_TTJ cmd=0x4, len=4 Tj=85000
D/UsbDeviceManager(  918): onReceive - BATTERY_CHANGED - mPlugType: 2, mSettingUsbCharging: false, mConnected: true, mSettingUsbBicr: false
D/WifiService(  918): onReceive, action:android.intent.action.BATTERY_CHANGED
I/thermal_src(  368): wake up function 3
I/thermal_src(  368): TA_DAEMON_CMD_GET_TPCB cmd=0x5, len=4 PCB=34000
I/thermal_src(  368): TA_DAEMON_CMD_SET_TTJ cmd=0x4, len=4 Tj=85000
I/thermal_repeater(  370): select timeout
I/thermal_src(  368): wake up function 3
I/thermal_src(  368): TA_DAEMON_CMD_GET_TPCB cmd=0x5, len=4 PCB=34000
I/thermal_src(  368): TA_DAEMON_CMD_SET_TTJ cmd=0x4, len=4 Tj=85000
D/UsbDeviceManager(  918): onReceive - BATTERY_CHANGED - mPlugType: 2, mSettingUsbCharging: false, mConnected: true, mSettingUsbBicr: false
D/WifiService(  918): onReceive, action:android.intent.action.BATTERY_CHANGED
V/ProcessCpuTracker(  918): cpu0 time_in_state not exist, read cpu4 time_in_state...
V/ProcessCpuTracker(  918): cpu4 time_in_state not exist, is it a BUG??!!
I/thermal_src(  368): wake up function 3
I/thermal_src(  368): TA_DAEMON_CMD_GET_TPCB cmd=0x5, len=4 PCB=34000
I/thermal_src(  368): TA_DAEMON_CMD_SET_TTJ cmd=0x4, len=4 Tj=85000
I/thermal_src(  368): wake up function 3
I/thermal_src(  368): TA_DAEMON_CMD_GET_TPCB cmd=0x5, len=4 PCB=34000
I/thermal_src(  368): TA_DAEMON_CMD_SET_TTJ cmd=0x4, len=4 Tj=85000
D/UsbDeviceManager(  918): onReceive - BATTERY_CHANGED - mPlugType: 2, mSettingUsbCharging: false, mConnected: true, mSettingUsbBicr: false
D/WifiService(  918): onReceive, action:android.intent.action.BATTERY_CHANGED
I/thermal_src(  368): wake up function 3
I/thermal_src(  368): TA_DAEMON_CMD_GET_TPCB cmd=0x5, len=4 PCB=34000
I/thermal_src(  368): TA_DAEMON_CMD_SET_TTJ cmd=0x4, len=4 Tj=85000
D/CSLegacyTypeTracker(  918): getNetworkForType type 1
V/AlarmManager(  918): Checking for alarms... rtc=1546930799999, elapsed=513654333
D/AlarmManager(  918): setLocked set alarm to RTC nonwakeup type = 3, when = 513662333
D/DataShapingService(  918): [openLteDataUpLinkGate] mDataShapingEnabled is false!
V/AlarmManager(  918): sending alarm Alarm{2e73f5e8 type 3 when 513654333 android whenElapsed 513654333 windowLength 0 maxWhen 513654333 repeatInterval 0 action android.intent.action.TIME_TICK component null} success
V/AlarmManager(  918): APP set(PendingIntent{371d53bc: PendingIntentRecord{26681f45 android broadcastIntent}}) : type=3 triggerAtTime=513714333 win=0 tElapsed=513714333 maxElapsed=513714333 interval=0 standalone=true alarmClockInfo = null
D/ActivityThread(  918): BDC-Calling finishReceiver: IIntentReceiver=12eed389
I/DisplayPowerController(  918): useProximityForceSuspend = false
D/LightsService(  918): elevenbits color = 102
D/LightsService(  918): elevenbits color = 100
D/LightsService(  918): elevenbits color = 98
D/LightsService(  918): elevenbits color = 96
D/LightsService(  918): elevenbits color = 94
D/LightsService(  918): elevenbits color = 92
D/LightsService(  918): elevenbits color = 90
D/LightsService(  918): elevenbits color = 88
D/LightsService(  918): elevenbits color = 86
D/LightsService(  918): elevenbits color = 84
D/LightsService(  918): elevenbits color = 82
D/LightsService(  918): elevenbits color = 80
D/LightsService(  918): elevenbits color = 78
D/LightsService(  918): elevenbits color = 76
D/LightsService(  918): elevenbits color = 74
D/LightsService(  918): elevenbits color = 72
D/LightsService(  918): elevenbits color = 70
D/LightsService(  918): elevenbits color = 68
D/LightsService(  918): elevenbits color = 66
D/LightsService(  918): elevenbits color = 64
D/LightsService(  918): elevenbits color = 62
D/LightsService(  918): elevenbits color = 60
D/LightsService(  918): elevenbits color = 58
D/LightsService(  918): elevenbits color = 56
D/LightsService(  918): elevenbits color = 54
D/LightsService(  918): elevenbits color = 52
D/LightsService(  918): elevenbits color = 50
D/LightsService(  918): elevenbits color = 48
D/LightsService(  918): elevenbits color = 46
D/LightsService(  918): elevenbits color = 44
D/LightsService(  918): elevenbits color = 42
D/LightsService(  918): elevenbits color = 40
D/LightsService(  918): elevenbits color = 38
D/LightsService(  918): elevenbits color = 36
D/LightsService(  918): elevenbits color = 34
D/LightsService(  918): elevenbits color = 32
D/LightsService(  918): elevenbits color = 30
D/LightsService(  918): elevenbits color = 28
D/LightsService(  918): elevenbits color = 26
D/LightsService(  918): elevenbits color = 24
D/LightsService(  918): elevenbits color = 22
D/LightsService(  918): elevenbits color = 20
D/LightsService(  918): elevenbits color = 18
D/LightsService(  918): elevenbits color = 16
D/LightsService(  918): elevenbits color = 14
D/LightsService(  918): elevenbits color = 12
D/LightsService(  918): elevenbits color = 10
D/LightsService(  918): elevenbits color = 8
D/LightsService(  918): elevenbits color = 6
D/LightsService(  918): elevenbits color = 4
I/DisplayPowerController(  918): useProximityForceSuspend = false
D/LightsService(  918): elevenbits color = 2
I/DisplayPowerController(  918): useProximityForceSuspend = false
I/thermal_repeater(  370): select timeout
I/thermal_src(  368): wake up function 3
I/thermal_src(  368): TA_DAEMON_CMD_GET_TPCB cmd=0x5, len=4 PCB=34000
I/thermal_src(  368): TA_DAEMON_CMD_SET_TTJ cmd=0x4, len=4 Tj=85000
D/UsbDeviceManager(  918): onReceive - BATTERY_CHANGED - mPlugType: 2, mSettingUsbCharging: false, mConnected: true, mSettingUsbBicr: false
D/WifiService(  918): onReceive, action:android.intent.action.BATTERY_CHANGED
I/thermal_src(  368): wake up function 3
I/thermal_src(  368): TA_DAEMON_CMD_GET_TPCB cmd=0x5, len=4 PCB=34000
I/thermal_src(  368): TA_DAEMON_CMD_SET_TTJ cmd=0x4, len=4 Tj=85000
V/ProcessCpuTracker(  918): cpu0 time_in_state not exist, read cpu4 time_in_state...
V/ProcessCpuTracker(  918): cpu4 time_in_state not exist, is it a BUG??!!
I/DisplayPowerController(  918): useProximityForceSuspend = false
D/LightsService(  918): elevenbits color = 3
D/LightsService(  918): elevenbits color = 6
I/thermal_src(  368): wake up function 3
I/thermal_src(  368): TA_DAEMON_CMD_GET_TPCB cmd=0x5, len=4 PCB=34000
I/thermal_src(  368): TA_DAEMON_CMD_SET_TTJ cmd=0x4, len=4 Tj=85000
D/LightsService(  918): elevenbits color = 9
D/LightsService(  918): elevenbits color = 12
D/LightsService(  918): elevenbits color = 15
D/LightsService(  918): elevenbits color = 18
D/LightsService(  918): elevenbits color = 21
D/LightsService(  918): elevenbits color = 24
D/LightsService(  918): elevenbits color = 27
D/LightsService(  918): elevenbits color = 30
D/LightsService(  918): elevenbits color = 33
D/LightsService(  918): elevenbits color = 36
D/LightsService(  918): elevenbits color = 39
D/LightsService(  918): elevenbits color = 42
D/LightsService(  918): elevenbits color = 45
D/LightsService(  918): elevenbits color = 48
D/LightsService(  918): elevenbits color = 51
D/LightsService(  918): elevenbits color = 54
D/LightsService(  918): elevenbits color = 57
D/LightsService(  918): elevenbits color = 60
D/LightsService(  918): elevenbits color = 63
D/LightsService(  918): elevenbits color = 66
V/AlarmManager(  918): Checking for alarms... rtc=1546930807999, elapsed=513662333
D/DataShapingService(  918): [openLteDataUpLinkGate] mDataShapingEnabled is false!
V/AlarmManager(  918): sending alarm Alarm{39df64e7 type 3 when 513662333 android whenElapsed 513662333 windowLength 0 maxWhen 513662333 repeatInterval 0 action android.content.syncmanager.SYNC_ALARM component null} success
D/ActivityThread(  918): BDC-Calling finishReceiver: IIntentReceiver=2b431391
D/LightsService(  918): elevenbits color = 69
V/AlarmManager(  918): APP set(PendingIntent{5af4565: PendingIntentRecord{23e3823a android broadcastIntent}}) : type=2 triggerAtTime=513962333 win=0 tElapsed=513962333 maxElapsed=513962333 interval=0 standalone=true alarmClockInfo = null
D/LightsService(  918): elevenbits color = 72
D/LightsService(  918): elevenbits color = 75
D/LightsService(  918): elevenbits color = 78
D/LightsService(  918): elevenbits color = 81
D/LightsService(  918): elevenbits color = 84
D/LightsService(  918): elevenbits color = 87
D/LightsService(  918): elevenbits color = 90
D/LightsService(  918): elevenbits color = 93
D/LightsService(  918): elevenbits color = 96
D/LightsService(  918): elevenbits color = 99
D/LightsService(  918): elevenbits color = 102
I/DisplayPowerController(  918): useProximityForceSuspend = false
D/LightsService(  918): elevenbits color = 104
I/DisplayPowerController(  918): useProximityForceSuspend = false
V/AlarmManager(  918): APP set(PendingIntent{2af6734f: PendingIntentRecord{202b5adc android broadcastIntent}}) : type=3 triggerAtTime=513748726 win=-1 tElapsed=513748726 maxElapsed=513813193 interval=0 standalone=false alarmClockInfo = null
D/AlarmManager(  918): remove(operation) changed bounds; rebatching operation = PendingIntent{2af6734f: PendingIntentRecord{202b5adc android broadcastIntent}}
V/AlarmManager(  918): APP set(PendingIntent{1184b2ba: PendingIntentRecord{19d0f56b android broadcastIntent}}) : type=3 triggerAtTime=513748726 win=-1 tElapsed=513748726 maxElapsed=513813191 interval=0 standalone=false alarmClockInfo = null
D/AlarmManager(  918): remove(operation) changed bounds; rebatching operation = PendingIntent{1184b2ba: PendingIntentRecord{19d0f56b android broadcastIntent}}
V/AlarmManager(  918): APP set(PendingIntent{248148c8: PendingIntentRecord{1e91d61 android broadcastIntent}}) : type=2 triggerAtTime=513782773 win=-1 tElapsed=513782773 maxElapsed=513872773 interval=0 standalone=false alarmClockInfo = null
D/AlarmManager(  918): remove(operation) changed bounds; rebatching operation = PendingIntent{248148c8: PendingIntentRecord{1e91d61 android broadcastIntent}}
D/AlarmManager(  918): setLocked set alarm to RTC nonwakeup type = 3, when = 513714333
D/AlarmManager(  918): setLocked set alarm to RTC wakeup type = 2, when = 513780659
D/AlarmManager(  918): setLocked set alarm to RTC wakeup type = 2, when = 513782773
D/UsbDeviceManager(  918): onReceive - BATTERY_CHANGED - mPlugType: 2, mSettingUsbCharging: false, mConnected: true, mSettingUsbBicr: false
D/WifiService(  918): onReceive, action:android.intent.action.BATTERY_CHANGED
W/ContextImpl( 5842): Calling a method in the system process without a qualified user: android.app.ContextImpl.sendBroadcast:1539 android.content.ContextWrapper.sendBroadcast:388 com.android.systemui.statusbar.phone.PhoneStatusBar.c:-1 com.android.systemui.statusbar.phone.PhoneStatusBar.a:-1 com.android.systemui.statusbar.phone.PhoneStatusBarView.onTouchEvent:-1 
V/WindowManager(  918): Changing focus from Window{38056560 u0 com.iqinbao.android.songsfifty/com.zad.demo.LoadingActivity} to Window{2c4295ab u0 StatusBar} Callers=com.android.server.wm.WindowManagerService.relayoutWindow:4035 com.android.server.wm.Session.relayout:213 android.view.IWindowSession$Stub.onTransact:273 com.android.server.wm.Session.onTransact:146 
I/WindowManager(  918): Gaining focus: Window{2c4295ab u0 StatusBar}
I/WindowManager(  918): Losing focus: Window{38056560 u0 com.iqinbao.android.songsfifty/com.zad.demo.LoadingActivity}
W/ContextImpl( 5842): Calling a method in the system process without a qualified user: android.app.ContextImpl.sendBroadcast:1539 android.content.ContextWrapper.sendBroadcast:388 com.android.systemui.statusbar.phone.PhoneStatusBar.b:-1 com.android.systemui.statusbar.phone.af.run:-1 android.view.Choreographer$CallbackRecord.run:804 
I/thermal_src(  368): wake up function 3
I/thermal_src(  368): TA_DAEMON_CMD_GET_TPCB cmd=0x5, len=4 PCB=34000
I/thermal_src(  368): TA_DAEMON_CMD_SET_TTJ cmd=0x4, len=4 Tj=85000
W/ContextImpl( 5842): Calling a method in the system process without a qualified user: android.app.ContextImpl.sendBroadcast:1539 android.content.ContextWrapper.sendBroadcast:388 com.android.systemui.statusbar.phone.PhoneStatusBar.c:-1 com.android.systemui.statusbar.phone.PhoneStatusBar.a:-1 com.android.systemui.statusbar.phone.CloseDragHandle.onTouchEvent:-1 
V/WindowManager(  918): Changing focus from Window{2c4295ab u0 StatusBar} to Window{38056560 u0 com.iqinbao.android.songsfifty/com.zad.demo.LoadingActivity} Callers=com.android.server.wm.WindowManagerService.relayoutWindow:4035 com.android.server.wm.Session.relayout:213 android.view.IWindowSession$Stub.onTransact:273 com.android.server.wm.Session.onTransact:146 
I/WindowManager(  918): Gaining focus: Window{38056560 u0 com.iqinbao.android.songsfifty/com.zad.demo.LoadingActivity}
I/WindowManager(  918): Losing focus: Window{2c4295ab u0 StatusBar}
V/InputMethodManagerService(  918): windowGainedFocus: android.os.BinderProxy@31456792 controlFlags=#0 softInputMode=#20 windowFlags=#81810100
W/InputMethodManagerService(  918): Window already focused, ignoring focus gain of: com.android.internal.view.IInputMethodClient$Stub$Proxy@2e8d9a00 attribute=null, token = android.os.BinderProxy@d07c563
D/CSLegacyTypeTracker(  918): getNetworkForType type 1
I/thermal_repeater(  370): select timeout
I/thermal_src(  368): wake up function 3
I/thermal_src(  368): TA_DAEMON_CMD_GET_TPCB cmd=0x5, len=4 PCB=34000
I/thermal_src(  368): TA_DAEMON_CMD_SET_TTJ cmd=0x4, len=4 Tj=85000
V/ProcessCpuTracker(  918): cpu0 time_in_state not exist, read cpu4 time_in_state...
V/ProcessCpuTracker(  918): cpu4 time_in_state not exist, is it a BUG??!!
W/Watchdog(  918): SWT Watchdog after wait current time:117914387
W/Watchdog(  918): **Get SF Time **1
W/Watchdog(  918): SWT Watchdog before synchronized:117914389
W/Watchdog(  918): SWT Watchdog after synchronized:117914389
W/Watchdog(  918): SWT Watchdog before wait timeout:30000
W/Watchdog(  918): SWT Watchdog before wait current time:117914397
W/Watchdog(  918): SWT Watchdog before wait start:117914397
W/Watchdog(  918): SWT Watchdog before wait CHECK_INTERVAL:30000
D/UsbDeviceManager(  918): onReceive - BATTERY_CHANGED - mPlugType: 2, mSettingUsbCharging: false, mConnected: true, mSettingUsbBicr: false
D/WifiService(  918): onReceive, action:android.intent.action.BATTERY_CHANGED
I/thermal_src(  368): wake up function 3
I/thermal_src(  368): TA_DAEMON_CMD_GET_TPCB cmd=0x5, len=4 PCB=34000
I/thermal_src(  368): TA_DAEMON_CMD_SET_TTJ cmd=0x4, len=4 Tj=85000
I/thermal_src(  368): wake up function 3
I/thermal_src(  368): TA_DAEMON_CMD_GET_TPCB cmd=0x5, len=4 PCB=35000
I/thermal_src(  368): TA_DAEMON_CMD_SET_TTJ cmd=0x4, len=4 Tj=85000
D/UsbDeviceManager(  918): onReceive - BATTERY_CHANGED - mPlugType: 2, mSettingUsbCharging: false, mConnected: true, mSettingUsbBicr: false
D/WifiService(  918): onReceive, action:android.intent.action.BATTERY_CHANGED
I/thermal_src(  368): wake up function 3
I/thermal_src(  368): TA_DAEMON_CMD_GET_TPCB cmd=0x5, len=4 PCB=35000
I/thermal_src(  368): TA_DAEMON_CMD_SET_TTJ cmd=0x4, len=4 Tj=85000
I/thermal_repeater(  370): select timeout
I/thermal_src(  368): wake up function 3
I/thermal_src(  368): TA_DAEMON_CMD_GET_TPCB cmd=0x5, len=4 PCB=35000
I/thermal_src(  368): TA_DAEMON_CMD_SET_TTJ cmd=0x4, len=4 Tj=85000
I/OppoBroadcastManager(  918): oppo Broadcast intent Intent { act=com.push.sdk.android.intent.NOTIFICATION_RECEIVE flg=0x10 cmp=com.iqinbao.android.songsfifty/com.zad.sdk.push.MyPushMessageReceiver (has extras) } on background queue
D/FrameworkListener(  342): dispatchCommand data = (getaddrinfo pji93d1tm.bkt.clouddn.com ^ 1024 0 1 0 0)
D/CSLegacyTypeTracker(  918): getNetworkForType type 1
D/FrameworkListener(  342): dispatchCommand data = (getaddrinfo baixuntengfeixinxibb.com ^ 1024 0 1 0 0)
D/FrameworkListener(  342): dispatchCommand data = (getaddrinfo report.baixuntengfeixinxibb.com ^ 1024 0 1 0 0)
D/NotificationService(  918): com.iqinbao.android.songsfifty is not standard notification,so we discard it! we statistic it also!
I/OppoBroadcastManager(  918): oppo Broadcast intent Intent { act=com.push.sdk.android.intent.NOTIFICATION_ARRIVED flg=0x10 cmp=com.iqinbao.android.songsfifty/com.zad.sdk.push.MyPushMessageReceiver (has extras) } on background queue
D/UsbDeviceManager(  918): onReceive - BATTERY_CHANGED - mPlugType: 2, mSettingUsbCharging: false, mConnected: true, mSettingUsbBicr: false
D/WifiService(  918): onReceive, action:android.intent.action.BATTERY_CHANGED
I/thermal_src(  368): wake up function 3
I/thermal_src(  368): TA_DAEMON_CMD_GET_TPCB cmd=0x5, len=4 PCB=35000
I/thermal_src(  368): TA_DAEMON_CMD_SET_TTJ cmd=0x4, len=4 Tj=85000
I/ActivityManager(  918): Process com.oppo.market:dcs (pid 31408) has died
W/ContextImpl(  918): Calling a method in the system process without a qualified user: android.app.ContextImpl.sendBroadcast:1539 com.android.server.am.OppoExtraActivityManagerService.setKeyLockModeNormal:47 com.android.server.am.ActivityManagerService.appDiedLocked:6423 com.android.server.am.ActivityManagerService$AppDeathRecipient.binderDied:1449 android.os.BinderProxy.sendDeathNotice:559 
D/ActivityManager(  918): SVC-handleAppDiedLocked: app = ProcessRecord{932562c 31408:com.oppo.market:dcs/u0a57}, app.pid = 31408
I/thermal_src(  368): wake up function 3
I/thermal_src(  368): TA_DAEMON_CMD_GET_TPCB cmd=0x5, len=4 PCB=35000
I/thermal_src(  368): TA_DAEMON_CMD_SET_TTJ cmd=0x4, len=4 Tj=85000
D/UsbDeviceManager(  918): onReceive - BATTERY_CHANGED - mPlugType: 2, mSettingUsbCharging: false, mConnected: true, mSettingUsbBicr: false
D/WifiService(  918): onReceive, action:android.intent.action.BATTERY_CHANGED
W/ContextImpl( 5842): Calling a method in the system process without a qualified user: android.app.ContextImpl.sendBroadcast:1539 android.content.ContextWrapper.sendBroadcast:388 com.android.systemui.statusbar.phone.PhoneStatusBar.c:-1 com.android.systemui.statusbar.phone.PhoneStatusBar.a:-1 com.android.systemui.statusbar.phone.PhoneStatusBarView.onTouchEvent:-1 
V/WindowManager(  918): Changing focus from Window{38056560 u0 com.iqinbao.android.songsfifty/com.zad.demo.LoadingActivity} to Window{2c4295ab u0 StatusBar} Callers=com.android.server.wm.WindowManagerService.relayoutWindow:4035 com.android.server.wm.Session.relayout:213 android.view.IWindowSession$Stub.onTransact:273 com.android.server.wm.Session.onTransact:146 
I/WindowManager(  918): Gaining focus: Window{2c4295ab u0 StatusBar}
I/WindowManager(  918): Losing focus: Window{38056560 u0 com.iqinbao.android.songsfifty/com.zad.demo.LoadingActivity}
W/ContextImpl( 5842): Calling a method in the system process without a qualified user: android.app.ContextImpl.sendBroadcast:1539 android.content.ContextWrapper.sendBroadcast:388 com.android.systemui.statusbar.phone.PhoneStatusBar.b:-1 com.android.systemui.statusbar.phone.af.run:-1 android.view.Choreographer$CallbackRecord.run:804 
I/thermal_src(  368): wake up function 3
I/thermal_src(  368): TA_DAEMON_CMD_GET_TPCB cmd=0x5, len=4 PCB=35000
I/thermal_src(  368): TA_DAEMON_CMD_SET_TTJ cmd=0x4, len=4 Tj=85000
I/thermal_repeater(  370): select timeout
I/thermal_src(  368): wake up function 3
I/thermal_src(  368): TA_DAEMON_CMD_GET_TPCB cmd=0x5, len=4 PCB=35000
I/thermal_src(  368): TA_DAEMON_CMD_SET_TTJ cmd=0x4, len=4 Tj=85000
D/UsbDeviceManager(  918): onReceive - BATTERY_CHANGED - mPlugType: 2, mSettingUsbCharging: false, mConnected: true, mSettingUsbBicr: false
D/WifiService(  918): onReceive, action:android.intent.action.BATTERY_CHANGED
V/AlarmManager(  918): APP set(PendingIntent{2af6734f: PendingIntentRecord{202b5adc android broadcastIntent}}) : type=3 triggerAtTime=514022769 win=-1 tElapsed=514022769 maxElapsed=514273338 interval=0 standalone=false alarmClockInfo = null
D/AlarmManager(  918): remove(operation) changed bounds; rebatching operation = PendingIntent{2af6734f: PendingIntentRecord{202b5adc android broadcastIntent}}
D/AlarmManager(  918): setLocked set alarm to RTC wakeup type = 2, when = 513780659
D/AlarmManager(  918): setLocked set alarm to RTC wakeup type = 2, when = 513782773
V/AlarmManager(  918): APP set(PendingIntent{1184b2ba: PendingIntentRecord{19d0f56b android broadcastIntent}}) : type=3 triggerAtTime=514022769 win=-1 tElapsed=514022769 maxElapsed=514273334 interval=0 standalone=false alarmClockInfo = null
D/AlarmManager(  918): remove(operation) changed bounds; rebatching operation = PendingIntent{1184b2ba: PendingIntentRecord{19d0f56b android broadcastIntent}}
D/AlarmManager(  918): setLocked set alarm to RTC wakeup type = 2, when = 513780659
D/AlarmManager(  918): setLocked set alarm to RTC wakeup type = 2, when = 513782773
V/AlarmManager(  918): APP set(PendingIntent{2af6734f: PendingIntentRecord{202b5adc android broadcastIntent}}) : type=3 triggerAtTime=513958676 win=-1 tElapsed=513958676 maxElapsed=514161170 interval=0 standalone=false alarmClockInfo = null
D/AlarmManager(  918): remove(operation) changed bounds; rebatching operation = PendingIntent{2af6734f: PendingIntentRecord{202b5adc android broadcastIntent}}
D/AlarmManager(  918): setLocked set alarm to RTC wakeup type = 2, when = 513780659
D/AlarmManager(  918): setLocked set alarm to RTC wakeup type = 2, when = 513782773
V/AlarmManager(  918): APP set(PendingIntent{1184b2ba: PendingIntentRecord{19d0f56b android broadcastIntent}}) : type=3 triggerAtTime=513958676 win=-1 tElapsed=513958676 maxElapsed=514161167 interval=0 standalone=false alarmClockInfo = null
D/AlarmManager(  918): remove(operation) changed bounds; rebatching operation = PendingIntent{1184b2ba: PendingIntentRecord{19d0f56b android broadcastIntent}}
D/AlarmManager(  918): setLocked set alarm to RTC wakeup type = 2, when = 513780659
D/AlarmManager(  918): setLocked set alarm to RTC wakeup type = 2, when = 513782773
V/AlarmManager(  918): APP set(PendingIntent{248148c8: PendingIntentRecord{1e91d61 android broadcastIntent}}) : type=2 triggerAtTime=513808701 win=-1 tElapsed=513808701 maxElapsed=513898700 interval=0 standalone=false alarmClockInfo = null
D/AlarmManager(  918): remove(operation) changed bounds; rebatching operation = PendingIntent{248148c8: PendingIntentRecord{1e91d61 android broadcastIntent}}
D/AlarmManager(  918): setLocked set alarm to RTC wakeup type = 2, when = 513780659
D/AlarmManager(  918): setLocked set alarm to RTC wakeup type = 2, when = 513808701
I/thermal_src(  368): wake up function 3
I/thermal_src(  368): TA_DAEMON_CMD_GET_TPCB cmd=0x5, len=4 PCB=35000
I/thermal_src(  368): TA_DAEMON_CMD_SET_TTJ cmd=0x4, len=4 Tj=85000
D/CSLegacyTypeTracker(  918): getNetworkForType type 1
I/thermal_src(  368): wake up function 3
I/thermal_src(  368): TA_DAEMON_CMD_GET_TPCB cmd=0x5, len=4 PCB=35000
I/thermal_src(  368): TA_DAEMON_CMD_SET_TTJ cmd=0x4, len=4 Tj=85000
V/ProcessCpuTracker(  918): cpu0 time_in_state not exist, read cpu4 time_in_state...
V/ProcessCpuTracker(  918): cpu4 time_in_state not exist, is it a BUG??!!
D/UsbDeviceManager(  918): onReceive - BATTERY_CHANGED - mPlugType: 2, mSettingUsbCharging: false, mConnected: true, mSettingUsbBicr: false
D/WifiService(  918): onReceive, action:android.intent.action.BATTERY_CHANGED
I/thermal_src(  368): wake up function 3
I/thermal_src(  368): TA_DAEMON_CMD_GET_TPCB cmd=0x5, len=4 PCB=35000
I/thermal_src(  368): TA_DAEMON_CMD_SET_TTJ cmd=0x4, len=4 Tj=85000
D/FrameworkListener(  342): dispatchCommand data = (getaddrinfo baixuntengfeixinxibb.com ^ 1024 0 1 0 0)
D/FrameworkListener(  342): dispatchCommand data = (getaddrinfo report.baixuntengfeixinxibb.com ^ 1024 0 1 0 0)
I/thermal_repeater(  370): select timeout
I/thermal_src(  368): wake up function 3
I/thermal_src(  368): TA_DAEMON_CMD_GET_TPCB cmd=0x5, len=4 PCB=35000
I/thermal_src(  368): TA_DAEMON_CMD_SET_TTJ cmd=0x4, len=4 Tj=85000
W/Watchdog(  918): SWT Watchdog after wait current time:117944408
W/Watchdog(  918): **Get SF Time **1
W/Watchdog(  918): SWT Watchdog before synchronized:117944414
W/Watchdog(  918): SWT Watchdog after synchronized:117944414
W/Watchdog(  918): SWT Watchdog before wait timeout:30000
W/Watchdog(  918): SWT Watchdog before wait current time:117944426
W/Watchdog(  918): SWT Watchdog before wait start:117944421
W/Watchdog(  918): SWT Watchdog before wait CHECK_INTERVAL:30000
I/thermal_src(  368): wake up function 3
I/thermal_src(  368): TA_DAEMON_CMD_GET_TPCB cmd=0x5, len=4 PCB=35000
I/thermal_src(  368): TA_DAEMON_CMD_SET_TTJ cmd=0x4, len=4 Tj=85000
V/AlarmManager(  918): APP set(PendingIntent{39b555d7: PendingIntentRecord{14ec0c20 com.autonavi.minimap broadcastIntent}}) : type=0 triggerAtTime=1546931117456 win=-1 tElapsed=513971790 maxElapsed=514174288 interval=0 standalone=false alarmClockInfo = null
D/AlarmManager(  918): remove(operation) changed bounds; rebatching operation = PendingIntent{39b555d7: PendingIntentRecord{14ec0c20 com.autonavi.minimap broadcastIntent}}
D/AlarmManager(  918): setLocked set alarm to RTC wakeup type = 2, when = 513780659
D/AlarmManager(  918): setLocked set alarm to RTC wakeup type = 2, when = 513808701
D/CSLegacyTypeTracker(  918): getNetworkForType type 1
I/thermal_src(  368): wake up function 3
I/thermal_src(  368): TA_DAEMON_CMD_GET_TPCB cmd=0x5, len=4 PCB=35000
I/thermal_src(  368): TA_DAEMON_CMD_SET_TTJ cmd=0x4, len=4 Tj=85000
D/UsbDeviceManager(  918): onReceive - BATTERY_CHANGED - mPlugType: 2, mSettingUsbCharging: false, mConnected: true, mSettingUsbBicr: false
D/WifiService(  918): onReceive, action:android.intent.action.BATTERY_CHANGED
I/thermal_src(  368): wake up function 3
I/thermal_src(  368): TA_DAEMON_CMD_GET_TPCB cmd=0x5, len=4 PCB=35000
I/thermal_src(  368): TA_DAEMON_CMD_SET_TTJ cmd=0x4, len=4 Tj=85000
W/ContextImpl( 5842): Calling a method in the system process without a qualified user: android.app.ContextImpl.sendBroadcast:1539 android.content.ContextWrapper.sendBroadcast:388 com.android.systemui.statusbar.phone.PhoneStatusBar.c:-1 com.android.systemui.statusbar.phone.PhoneStatusBar.a:-1 com.android.systemui.statusbar.phone.CloseDragHandle.onTouchEvent:-1 
V/WindowManager(  918): Changing focus from Window{2c4295ab u0 StatusBar} to Window{38056560 u0 com.iqinbao.android.songsfifty/com.zad.demo.LoadingActivity} Callers=com.android.server.wm.WindowManagerService.relayoutWindow:4035 com.android.server.wm.Session.relayout:213 android.view.IWindowSession$Stub.onTransact:273 com.android.server.wm.Session.onTransact:146 
I/WindowManager(  918): Gaining focus: Window{38056560 u0 com.iqinbao.android.songsfifty/com.zad.demo.LoadingActivity}
I/WindowManager(  918): Losing focus: Window{2c4295ab u0 StatusBar}
V/InputMethodManagerService(  918): windowGainedFocus: android.os.BinderProxy@31456792 controlFlags=#0 softInputMode=#20 windowFlags=#81810100
W/InputMethodManagerService(  918): Window already focused, ignoring focus gain of: com.android.internal.view.IInputMethodClient$Stub$Proxy@da73ec4 attribute=null, token = android.os.BinderProxy@d07c563
I/thermal_repeater(  370): select timeout
I/thermal_src(  368): wake up function 3
I/thermal_src(  368): TA_DAEMON_CMD_GET_TPCB cmd=0x5, len=4 PCB=35000
I/thermal_src(  368): TA_DAEMON_CMD_SET_TTJ cmd=0x4, len=4 Tj=85000
D/UsbDeviceManager(  918): onReceive - BATTERY_CHANGED - mPlugType: 2, mSettingUsbCharging: false, mConnected: true, mSettingUsbBicr: false
D/WifiService(  918): onReceive, action:android.intent.action.BATTERY_CHANGED
I/thermal_src(  368): wake up function 3
I/thermal_src(  368): TA_DAEMON_CMD_GET_TPCB cmd=0x5, len=4 PCB=35000
I/thermal_src(  368): TA_DAEMON_CMD_SET_TTJ cmd=0x4, len=4 Tj=85000
I/thermal_src(  368): wake up function 3
I/thermal_src(  368): TA_DAEMON_CMD_GET_TPCB cmd=0x5, len=4 PCB=35000
I/thermal_src(  368): TA_DAEMON_CMD_SET_TTJ cmd=0x4, len=4 Tj=85000
D/UsbDeviceManager(  918): onReceive - BATTERY_CHANGED - mPlugType: 2, mSettingUsbCharging: false, mConnected: true, mSettingUsbBicr: false
D/WifiService(  918): onReceive, action:android.intent.action.BATTERY_CHANGED
I/thermal_src(  368): wake up function 3
I/thermal_src(  368): TA_DAEMON_CMD_GET_TPCB cmd=0x5, len=4 PCB=35000
I/thermal_src(  368): TA_DAEMON_CMD_SET_TTJ cmd=0x4, len=4 Tj=85000
D/CSLegacyTypeTracker(  918): getNetworkForType type 1
V/AlarmManager(  918): Checking for alarms... rtc=1546930859999, elapsed=513714333
D/DataShapingService(  918): [openLteDataUpLinkGate] mDataShapingEnabled is false!
V/AlarmManager(  918): sending alarm Alarm{14eda1ad type 3 when 513714333 android whenElapsed 513714333 windowLength 0 maxWhen 513714333 repeatInterval 0 action android.intent.action.TIME_TICK component null} success
V/AlarmManager(  918): APP set(PendingIntent{371d53bc: PendingIntentRecord{26681f45 android broadcastIntent}}) : type=3 triggerAtTime=513774333 win=0 tElapsed=513774333 maxElapsed=513774333 interval=0 standalone=true alarmClockInfo = null
D/AlarmManager(  918): setLocked set alarm to RTC nonwakeup type = 3, when = 513774333
D/ActivityThread(  918): BDC-Calling finishReceiver: IIntentReceiver=12eed389
I/thermal_repeater(  370): select timeout
I/thermal_src(  368): wake up function 3
I/thermal_src(  368): TA_DAEMON_CMD_GET_TPCB cmd=0x5, len=4 PCB=35000
I/thermal_src(  368): TA_DAEMON_CMD_SET_TTJ cmd=0x4, len=4 Tj=85000
D/UsbDeviceManager(  918): onReceive - BATTERY_CHANGED - mPlugType: 2, mSettingUsbCharging: false, mConnected: true, mSettingUsbBicr: false
D/WifiService(  918): onReceive, action:android.intent.action.BATTERY_CHANGED
I/thermal_src(  368): wake up function 3
I/thermal_src(  368): TA_DAEMON_CMD_GET_TPCB cmd=0x5, len=4 PCB=35000
I/thermal_src(  368): TA_DAEMON_CMD_SET_TTJ cmd=0x4, len=4 Tj=85000
V/ProcessCpuTracker(  918): cpu0 time_in_state not exist, read cpu4 time_in_state...
V/ProcessCpuTracker(  918): cpu4 time_in_state not exist, is it a BUG??!!
W/ContextImpl( 5842): Calling a method in the system process without a qualified user: android.app.ContextImpl.sendBroadcast:1539 android.content.ContextWrapper.sendBroadcast:388 com.android.systemui.statusbar.phone.PhoneStatusBar.c:-1 com.android.systemui.statusbar.phone.PhoneStatusBar.a:-1 com.android.systemui.statusbar.phone.PhoneStatusBarView.onTouchEvent:-1 
V/WindowManager(  918): Changing focus from Window{38056560 u0 com.iqinbao.android.songsfifty/com.zad.demo.LoadingActivity} to Window{2c4295ab u0 StatusBar} Callers=com.android.server.wm.WindowManagerService.relayoutWindow:4035 com.android.server.wm.Session.relayout:213 android.view.IWindowSession$Stub.onTransact:273 com.android.server.wm.Session.onTransact:146 
I/WindowManager(  918): Gaining focus: Window{2c4295ab u0 StatusBar}
I/WindowManager(  918): Losing focus: Window{38056560 u0 com.iqinbao.android.songsfifty/com.zad.demo.LoadingActivity}
W/ContextImpl( 5842): Calling a method in the system process without a qualified user: android.app.ContextImpl.sendBroadcast:1539 android.content.ContextWrapper.sendBroadcast:388 com.android.systemui.statusbar.phone.PhoneStatusBar.b:-1 com.android.systemui.statusbar.phone.af.run:-1 android.view.Choreographer$CallbackRecord.run:804 
I/thermal_src(  368): wake up function 3
I/thermal_src(  368): TA_DAEMON_CMD_GET_TPCB cmd=0x5, len=4 PCB=35000
I/thermal_src(  368): TA_DAEMON_CMD_SET_TTJ cmd=0x4, len=4 Tj=85000
D/UsbDeviceManager(  918): onReceive - BATTERY_CHANGED - mPlugType: 2, mSettingUsbCharging: false, mConnected: true, mSettingUsbBicr: false
D/WifiService(  918): onReceive, action:android.intent.action.BATTERY_CHANGED
I/thermal_src(  368): wake up function 3
I/thermal_src(  368): TA_DAEMON_CMD_GET_TPCB cmd=0x5, len=4 PCB=35000
I/thermal_src(  368): TA_DAEMON_CMD_SET_TTJ cmd=0x4, len=4 Tj=85000
D/CSLegacyTypeTracker(  918): getNetworkForType type 1
I/thermal_repeater(  370): select timeout
I/thermal_src(  368): wake up function 3
I/thermal_src(  368): TA_DAEMON_CMD_GET_TPCB cmd=0x5, len=4 PCB=35000
I/thermal_src(  368): TA_DAEMON_CMD_SET_TTJ cmd=0x4, len=4 Tj=85000
W/Watchdog(  918): SWT Watchdog after wait current time:117974433
W/Watchdog(  918): **Get SF Time **1
W/Watchdog(  918): SWT Watchdog before synchronized:117974434
W/Watchdog(  918): SWT Watchdog after synchronized:117974434
W/Watchdog(  918): SWT Watchdog before wait timeout:30000
W/Watchdog(  918): SWT Watchdog before wait current time:117974434
W/Watchdog(  918): SWT Watchdog before wait start:117974434
W/Watchdog(  918): SWT Watchdog before wait CHECK_INTERVAL:30000
D/UsbDeviceManager(  918): onReceive - BATTERY_CHANGED - mPlugType: 2, mSettingUsbCharging: false, mConnected: true, mSettingUsbBicr: false
D/WifiService(  918): onReceive, action:android.intent.action.BATTERY_CHANGED
I/thermal_src(  368): wake up function 3
I/thermal_src(  368): TA_DAEMON_CMD_GET_TPCB cmd=0x5, len=4 PCB=35000
I/thermal_src(  368): TA_DAEMON_CMD_SET_TTJ cmd=0x4, len=4 Tj=85000
I/thermal_src(  368): wake up function 3
I/thermal_src(  368): TA_DAEMON_CMD_GET_TPCB cmd=0x5, len=4 PCB=35000
I/thermal_src(  368): TA_DAEMON_CMD_SET_TTJ cmd=0x4, len=4 Tj=85000
D/UsbDeviceManager(  918): onReceive - BATTERY_CHANGED - mPlugType: 2, mSettingUsbCharging: false, mConnected: true, mSettingUsbBicr: false
D/WifiService(  918): onReceive, action:android.intent.action.BATTERY_CHANGED
I/thermal_src(  368): wake up function 3
I/thermal_src(  368): TA_DAEMON_CMD_GET_TPCB cmd=0x5, len=4 PCB=35000
I/thermal_src(  368): TA_DAEMON_CMD_SET_TTJ cmd=0x4, len=4 Tj=85000
I/thermal_repeater(  370): select timeout
I/thermal_src(  368): wake up function 3
I/thermal_src(  368): TA_DAEMON_CMD_GET_TPCB cmd=0x5, len=4 PCB=35000
I/thermal_src(  368): TA_DAEMON_CMD_SET_TTJ cmd=0x4, len=4 Tj=85000
D/CSLegacyTypeTracker(  918): getNetworkForType type 1
D/UsbDeviceManager(  918): onReceive - BATTERY_CHANGED - mPlugType: 2, mSettingUsbCharging: false, mConnected: true, mSettingUsbBicr: false
D/WifiService(  918): onReceive, action:android.intent.action.BATTERY_CHANGED
I/thermal_src(  368): wake up function 3
I/thermal_src(  368): TA_DAEMON_CMD_GET_TPCB cmd=0x5, len=4 PCB=35000
I/thermal_src(  368): TA_DAEMON_CMD_SET_TTJ cmd=0x4, len=4 Tj=85000
I/thermal_src(  368): wake up function 3
I/thermal_src(  368): TA_DAEMON_CMD_GET_TPCB cmd=0x5, len=4 PCB=35000
I/thermal_src(  368): TA_DAEMON_CMD_SET_TTJ cmd=0x4, len=4 Tj=85000
D/UsbDeviceManager(  918): onReceive - BATTERY_CHANGED - mPlugType: 2, mSettingUsbCharging: false, mConnected: true, mSettingUsbBicr: false
D/WifiService(  918): onReceive, action:android.intent.action.BATTERY_CHANGED
I/thermal_src(  368): wake up function 3
I/thermal_src(  368): TA_DAEMON_CMD_GET_TPCB cmd=0x5, len=4 PCB=35000
I/thermal_src(  368): TA_DAEMON_CMD_SET_TTJ cmd=0x4, len=4 Tj=85000
I/thermal_repeater(  370): select timeout
V/ProcessCpuTracker(  918): cpu0 time_in_state not exist, read cpu4 time_in_state...
V/ProcessCpuTracker(  918): cpu4 time_in_state not exist, is it a BUG??!!
I/thermal_src(  368): wake up function 3
I/thermal_src(  368): TA_DAEMON_CMD_GET_TPCB cmd=0x5, len=4 PCB=35000
I/thermal_src(  368): TA_DAEMON_CMD_SET_TTJ cmd=0x4, len=4 Tj=85000
D/UsbDeviceManager(  918): onReceive - BATTERY_CHANGED - mPlugType: 2, mSettingUsbCharging: false, mConnected: true, mSettingUsbBicr: false
D/WifiService(  918): onReceive, action:android.intent.action.BATTERY_CHANGED
I/thermal_src(  368): wake up function 3
I/thermal_src(  368): TA_DAEMON_CMD_GET_TPCB cmd=0x5, len=4 PCB=35000
I/thermal_src(  368): TA_DAEMON_CMD_SET_TTJ cmd=0x4, len=4 Tj=85000
D/CSLegacyTypeTracker(  918): getNetworkForType type 1
I/thermal_src(  368): wake up function 3
I/thermal_src(  368): TA_DAEMON_CMD_GET_TPCB cmd=0x5, len=4 PCB=35000
I/thermal_src(  368): TA_DAEMON_CMD_SET_TTJ cmd=0x4, len=4 Tj=85000
D/UsbDeviceManager(  918): onReceive - BATTERY_CHANGED - mPlugType: 2, mSettingUsbCharging: false, mConnected: true, mSettingUsbBicr: false
D/WifiService(  918): onReceive, action:android.intent.action.BATTERY_CHANGED
I/thermal_src(  368): wake up function 3
I/thermal_src(  368): TA_DAEMON_CMD_GET_TPCB cmd=0x5, len=4 PCB=35000
I/thermal_src(  368): TA_DAEMON_CMD_SET_TTJ cmd=0x4, len=4 Tj=85000
I/thermal_repeater(  370): select timeout
I/thermal_src(  368): wake up function 3
I/thermal_src(  368): TA_DAEMON_CMD_GET_TPCB cmd=0x5, len=4 PCB=35000
I/thermal_src(  368): TA_DAEMON_CMD_SET_TTJ cmd=0x4, len=4 Tj=85000
W/Watchdog(  918): SWT Watchdog after wait current time:118004435
W/Watchdog(  918): **Get SF Time **1
W/Watchdog(  918): SWT Watchdog before synchronized:118004436
W/Watchdog(  918): SWT Watchdog after synchronized:118004436
W/Watchdog(  918): SWT Watchdog before wait timeout:30000
W/Watchdog(  918): SWT Watchdog before wait current time:118004437
W/Watchdog(  918): SWT Watchdog before wait start:118004436
W/Watchdog(  918): SWT Watchdog before wait CHECK_INTERVAL:30000
I/thermal_src(  368): wake up function 3
I/thermal_src(  368): TA_DAEMON_CMD_GET_TPCB cmd=0x5, len=4 PCB=35000
I/thermal_src(  368): TA_DAEMON_CMD_SET_TTJ cmd=0x4, len=4 Tj=85000
D/CSLegacyTypeTracker(  918): getNetworkForType type 1
I/thermal_src(  368): wake up function 3
I/thermal_src(  368): TA_DAEMON_CMD_GET_TPCB cmd=0x5, len=4 PCB=35000
I/thermal_src(  368): TA_DAEMON_CMD_SET_TTJ cmd=0x4, len=4 Tj=85000
I/thermal_src(  368): wake up function 3
I/thermal_src(  368): TA_DAEMON_CMD_GET_TPCB cmd=0x5, len=4 PCB=35000
I/thermal_src(  368): TA_DAEMON_CMD_SET_TTJ cmd=0x4, len=4 Tj=85000
I/thermal_repeater(  370): select timeout
I/thermal_src(  368): wake up function 3
I/thermal_src(  368): TA_DAEMON_CMD_GET_TPCB cmd=0x5, len=4 PCB=35000
I/thermal_src(  368): TA_DAEMON_CMD_SET_TTJ cmd=0x4, len=4 Tj=85000
D/UsbDeviceManager(  918): onReceive - BATTERY_CHANGED - mPlugType: 2, mSettingUsbCharging: false, mConnected: true, mSettingUsbBicr: false
D/WifiService(  918): onReceive, action:android.intent.action.BATTERY_CHANGED
I/thermal_src(  368): wake up function 3
I/thermal_src(  368): TA_DAEMON_CMD_GET_TPCB cmd=0x5, len=4 PCB=35000
I/thermal_src(  368): TA_DAEMON_CMD_SET_TTJ cmd=0x4, len=4 Tj=85000
I/thermal_src(  368): wake up function 3
I/thermal_src(  368): TA_DAEMON_CMD_GET_TPCB cmd=0x5, len=4 PCB=35000
I/thermal_src(  368): TA_DAEMON_CMD_SET_TTJ cmd=0x4, len=4 Tj=85000
D/UsbDeviceManager(  918): onReceive - BATTERY_CHANGED - mPlugType: 2, mSettingUsbCharging: false, mConnected: true, mSettingUsbBicr: false
D/WifiService(  918): onReceive, action:android.intent.action.BATTERY_CHANGED
I/thermal_src(  368): wake up function 3
I/thermal_src(  368): TA_DAEMON_CMD_GET_TPCB cmd=0x5, len=4 PCB=35000
I/thermal_src(  368): TA_DAEMON_CMD_SET_TTJ cmd=0x4, len=4 Tj=85000
D/CSLegacyTypeTracker(  918): getNetworkForType type 1
V/AlarmManager(  918): Checking for alarms... rtc=1546930919999, elapsed=513774333
D/DataShapingService(  918): [openLteDataUpLinkGate] mDataShapingEnabled is false!
V/AlarmManager(  918): sending alarm Alarm{34ee5965 type 3 when 513774333 android whenElapsed 513774333 windowLength 0 maxWhen 513774333 repeatInterval 0 action android.intent.action.TIME_TICK component null} success
V/AlarmManager(  918): APP set(PendingIntent{371d53bc: PendingIntentRecord{26681f45 android broadcastIntent}}) : type=3 triggerAtTime=513834333 win=0 tElapsed=513834333 maxElapsed=513834333 interval=0 standalone=true alarmClockInfo = null
D/ActivityThread(  918): BDC-Calling finishReceiver: IIntentReceiver=12eed389
I/DisplayPowerController(  918): useProximityForceSuspend = false
I/thermal_repeater(  370): select timeout
D/LightsService(  918): elevenbits color = 102
D/LightsService(  918): elevenbits color = 100
D/LightsService(  918): elevenbits color = 98
D/LightsService(  918): elevenbits color = 96
D/LightsService(  918): elevenbits color = 94
D/LightsService(  918): elevenbits color = 92
D/LightsService(  918): elevenbits color = 90
D/LightsService(  918): elevenbits color = 88
D/LightsService(  918): elevenbits color = 86
I/thermal_src(  368): wake up function 3
I/thermal_src(  368): TA_DAEMON_CMD_GET_TPCB cmd=0x5, len=4 PCB=35000
I/thermal_src(  368): TA_DAEMON_CMD_SET_TTJ cmd=0x4, len=4 Tj=85000
D/LightsService(  918): elevenbits color = 84
D/LightsService(  918): elevenbits color = 82
D/LightsService(  918): elevenbits color = 80
D/LightsService(  918): elevenbits color = 78
D/LightsService(  918): elevenbits color = 76
D/LightsService(  918): elevenbits color = 74
D/LightsService(  918): elevenbits color = 72
D/LightsService(  918): elevenbits color = 70
D/LightsService(  918): elevenbits color = 68
D/LightsService(  918): elevenbits color = 66
D/LightsService(  918): elevenbits color = 64
D/LightsService(  918): elevenbits color = 62
D/LightsService(  918): elevenbits color = 60
D/LightsService(  918): elevenbits color = 58
D/LightsService(  918): elevenbits color = 56
D/LightsService(  918): elevenbits color = 54
D/LightsService(  918): elevenbits color = 52
D/LightsService(  918): elevenbits color = 50
D/LightsService(  918): elevenbits color = 48
D/LightsService(  918): elevenbits color = 46
D/LightsService(  918): elevenbits color = 44
D/LightsService(  918): elevenbits color = 42
D/LightsService(  918): elevenbits color = 40
D/LightsService(  918): elevenbits color = 38
D/LightsService(  918): elevenbits color = 36
D/LightsService(  918): elevenbits color = 34
D/LightsService(  918): elevenbits color = 32
D/LightsService(  918): elevenbits color = 30
D/LightsService(  918): elevenbits color = 28
D/LightsService(  918): elevenbits color = 26
D/LightsService(  918): elevenbits color = 24
D/LightsService(  918): elevenbits color = 22
D/LightsService(  918): elevenbits color = 20
D/LightsService(  918): elevenbits color = 18
D/LightsService(  918): elevenbits color = 16
D/LightsService(  918): elevenbits color = 14
D/LightsService(  918): elevenbits color = 12
D/LightsService(  918): elevenbits color = 10
D/LightsService(  918): elevenbits color = 8
D/LightsService(  918): elevenbits color = 6
D/LightsService(  918): elevenbits color = 4
I/DisplayPowerController(  918): useProximityForceSuspend = false
D/LightsService(  918): elevenbits color = 2
I/DisplayPowerController(  918): useProximityForceSuspend = false
D/UsbDeviceManager(  918): onReceive - BATTERY_CHANGED - mPlugType: 2, mSettingUsbCharging: false, mConnected: true, mSettingUsbBicr: false
D/WifiService(  918): onReceive, action:android.intent.action.BATTERY_CHANGED
I/thermal_src(  368): wake up function 3
I/thermal_src(  368): TA_DAEMON_CMD_GET_TPCB cmd=0x5, len=4 PCB=35000
I/thermal_src(  368): TA_DAEMON_CMD_SET_TTJ cmd=0x4, len=4 Tj=85000
V/ProcessCpuTracker(  918): cpu0 time_in_state not exist, read cpu4 time_in_state...
V/ProcessCpuTracker(  918): cpu4 time_in_state not exist, is it a BUG??!!
I/thermal_src(  368): wake up function 3
I/thermal_src(  368): TA_DAEMON_CMD_GET_TPCB cmd=0x5, len=4 PCB=36000
I/thermal_src(  368): TA_DAEMON_CMD_SET_TTJ cmd=0x4, len=4 Tj=85000
I/thermal_src(  368): wake up function 3
I/thermal_src(  368): TA_DAEMON_CMD_GET_TPCB cmd=0x5, len=4 PCB=36000
I/thermal_src(  368): TA_DAEMON_CMD_SET_TTJ cmd=0x4, len=4 Tj=85000
I/PowerManagerService(  918): Going to sleep due to screen timeout (uid 1000)...
D/PowerManagerNotifier(  918): setInteractive in onWakefulnessChangeStarted, interactive = false
D/PowerManagerNotifier(  918): sendScreenStatusToIme, isScreenOn:false
D/InputMethodManagerService(  918): notifyScreenStatus, isScreenOn:false
I/ActivityManager(  918): onWakefulnessChanged: 3
I/PowerManagerService(  918): Sleeping (uid 1000)...
D/PowerManagerNotifier(  918): setInteractive in onWakefulnessChangeStarted, interactive = false
D/InputMethodManagerService(  918): MSG_NOTIFY_SCREEN_STATUS, msg.arg1:0
D/InputMethodManagerService(  918): MSG_NOTIFY_SCREEN_STATUS:ACTION_SCREEN_OFF --> updateActive
D/InputMethodManagerService(  918): updateActiveFromNotify send MSG_SET_ACTIVE active:false, to client:ClientState{3de8f38d uid 10096 pid 31365}
I/DisplayPowerController(  918): useProximityForceSuspend = false
D/InputMethodManagerService(  918): case MSG_SET_ACTIVE, active:false
D/ActivityThread(  918): BDC-Calling finishReceiver: IIntentReceiver=2c706ac1
D/ActivityThread(  918): BDC-Calling finishReceiver: IIntentReceiver=19bd4ce
V/AlarmManager(  918): APP set(PendingIntent{11fc3dbc: PendingIntentRecord{3e9dc145 android broadcastIntent}}) : type=3 triggerAtTime=514984081 win=0 tElapsed=514984081 maxElapsed=514984081 interval=0 standalone=true alarmClockInfo = null
D/ActivityThread(  918): BDC-Calling finishReceiver: IIntentReceiver=2c02d6d5
D/ActivityThread(  918): BDC-Calling finishReceiver: IIntentReceiver=bee4f0
D/ActivityThread(  918): BDC-Calling finishReceiver: IIntentReceiver=294fd928
D/ActivityThread(  918): BDC-Calling finishReceiver: IIntentReceiver=23ca4083
D/ActivityThread(  918): BDC-Calling finishReceiver: IIntentReceiver=2c9b5a92
D/ActivityThread(  918): BDC-Calling finishReceiver: IIntentReceiver=15d65b6d
D/ActivityThread(30142): hoder:android.app.IActivityManager$ContentProviderHolder@15272096,provider,holder.Provider:android.content.ContentProviderProxy@379ac417
D/ActivityThread(  918): BDC-Calling finishReceiver: IIntentReceiver=35b90fc
D/ActivityThread(  918): BDC-Calling finishReceiver: IIntentReceiver=239153db
V/AlarmManager(  918): APP set(PendingIntent{3a6c809a: PendingIntentRecord{7dddcb android broadcastIntent}}) : type=2 triggerAtTime=518044111 win=300000 tElapsed=518044111 maxElapsed=518344111 interval=0 standalone=false alarmClockInfo = null
D/AlarmManager(  918): remove(operation) changed bounds; rebatching operation = PendingIntent{3a6c809a: PendingIntentRecord{7dddcb android broadcastIntent}}
D/AlarmManager(  918): setLocked set alarm to RTC wakeup type = 2, when = 513780659
D/ActivityThread(  918): BDC-Calling finishReceiver: IIntentReceiver=1a7b0808
D/ActivityThread(  918): BDC-Calling finishReceiver: IIntentReceiver=23a14edd
V/AlarmManager(  918): Checking for alarms... rtc=1546930929783, elapsed=513784116
D/AlarmManager(  918): setLocked set alarm to RTC wakeup type = 2, when = 513808701
D/DataShapingService(  918): [openLteDataUpLinkGate] mDataShapingEnabled is false!
I/ActivityManager(  918): [Background Service Priority Adjustment] Set callerFg as false for service.getFlags():260
D/ActivityThread(  918): BDC-Calling finishReceiver: IIntentReceiver=30647c95
V/AlarmManager(  918): sending alarm Alarm{16f026e1 type 2 when 513780659 com.coloros.mcs whenElapsed 513780659 windowLength -1 maxWhen 513780659 repeatInterval 0 action com.coloros.mcs.action component null} success
D/WifiService(  918): onReceive, action:android.intent.action.SCREEN_OFF
D/ActivityThread(  918): BDC-Calling finishReceiver: IIntentReceiver=14254480
D/AlarmManager(  918): manual remove option = PendingIntent{231f4c06: PendingIntentRecord{1abece81 com.coloros.mcs startService}}
V/ProcessCpuTracker(  918): cpu0 time_in_state not exist, read cpu4 time_in_state...
V/ProcessCpuTracker(  918): cpu4 time_in_state not exist, is it a BUG??!!
D/ActivityManager(  918): Delay resumeKeyDispatchingLocked() to avoid deadlock.
D/ActivityThread(  918): BDC-Calling finishReceiver: IIntentReceiver=22a63d0a
