E/SensorManager(31931): unRegisterListener by com.umeng.commonsdk.internal.utils.j$1
D/SensorService(  918): SensorDevice::activate: ident=0x7f8f0b4080, handle=0x00000004, enabled=0, count=1
D/SensorService(  918): disable index=0
D/SensorService(  918): 	>>> actuating h/w activate handle=4 enabled=0
D/Sensors (  918): activate handle =3, enable = 0
E/Sensors (  918): handleToDriver handle(3)
D/Sensors (  918): use new sensor index=4, mSensors[index](aaafc000)
D/Sensors (  918): support batch active 
D/BATCH   (  918): no batch control attr
D/GYRO    (  918): Gyro enable: handle:3, en:0 
D/GYRO    (  918): path:/sys/class/misc/m_gyro_misc/gyroactive 
D/GYRO    (  918): Gyro enable(0) done
D/SensorService(  918): ~SensorEventConnection(0x7f8f0b4080)
D/SensorService(  918): 1 active sensors
D/SensorService(  918): removing connection 0x7f8f0b4080 for sensor[0].handle=0x00000013
D/AudioFlinger_Threads(  346): sendConfigEvent_l() num events 1 event 0
D/AudioFlinger_Threads(  346): thread 0xf5752000 type 0 TID 1076 waking up
D/AudioFlinger_Threads(  346): +acquireWakeLock_l() AudioOut_2 status 0
D/AudioFlinger_Threads(  346): -acquireWakeLock_l() AudioOut_2 status 0
D/AudioFlinger_Threads(  346): processConfigEvents_l() remaining events 1
D/AudioFlinger_Threads(  346): PlaybackThread::audioConfigChanged, thread 0xf5752000, event 0, param 0
D/AudioALSAStreamOut(  346): latency(), return 139
V/AudioFlinger_Threads(  346): processConfigEvents_l() DONE thread 0xf5752000
D/AudioFlinger(  346): +getParameters(): get_pid
D/ActivityThread(32049): hoder:android.app.IActivityManager$ContentProviderHolder@154f977d,provider,holder.Provider:android.content.ContentProviderProxy@3ab9c672
E/RUtils  (32049): JNI_OnLoad
E/RUtils  (32049): RegisterNatives start for com/oppo/rutils/RUtils
D/RUtils  (32049): Load RUtils!!!
D/RUtils  (32049): mActivitymanager == null getService ACTIVITY_SERVICE!
D/RUtils  (32049): isRUtilsEnable oppo.service.rutils.enable = 1!
D/RUtils  (32049): waitForRUtilsEnable OK!
E/RUtils  (32049): android_rutils_RUtils :: bArrSize = 79 
I/rutils  ( 1240): RUtils::onTransact case RUTILS_CMD
D/rutils  ( 1240): RUtils:: rutils_cmd ret = 0 
D/RUtils  (32049): isRUtilsEnable oppo.service.rutils.enable = 1!
D/RUtils  (32049): waitForRUtilsEnable OK!
E/RUtils  (32049): android_rutils_RUtils :: bArrSize = 64 
I/rutils  ( 1240): RUtils::onTransact case RUTILS_CMD
D/rutils  ( 1240): RUtils:: rutils_cmd ret = 0 
D/RUtils  (32049): isRUtilsEnable oppo.service.rutils.enable = 1!
D/RUtils  (32049): waitForRUtilsEnable OK!
E/RUtils  (32049): android_rutils_RUtils :: bArrSize = 80 
I/rutils  ( 1240): RUtils::onTransact case RUTILS_CMD
D/rutils  ( 1240): RUtils:: rutils_cmd ret = 0 
D/RUtils  (32049): isRUtilsEnable oppo.service.rutils.enable = 1!
D/RUtils  (32049): waitForRUtilsEnable OK!
E/RUtils  (32049): android_rutils_RUtils :: bArrSize = 64 
I/rutils  ( 1240): RUtils::onTransact case RUTILS_CMD
D/rutils  ( 1240): RUtils:: rutils_cmd ret = 0 
D/RUtils  (32049): isRUtilsEnable oppo.service.rutils.enable = 1!
D/RUtils  (32049): waitForRUtilsEnable OK!
E/RUtils  (32049): android_rutils_RUtils :: bArrSize = 79 
I/rutils  ( 1240): RUtils::onTransact case RUTILS_CMD
D/rutils  ( 1240): RUtils:: rutils_cmd ret = 0 
D/RUtils  (32049): isRUtilsEnable oppo.service.rutils.enable = 1!
D/RUtils  (32049): waitForRUtilsEnable OK!
E/RUtils  (32049): android_rutils_RUtils :: bArrSize = 64 
I/rutils  ( 1240): RUtils::onTransact case RUTILS_CMD
D/rutils  ( 1240): RUtils:: rutils_cmd ret = 0 
D/RUtils  (32049): isRUtilsEnable oppo.service.rutils.enable = 1!
D/RUtils  (32049): waitForRUtilsEnable OK!
E/RUtils  (32049): android_rutils_RUtils :: bArrSize = 80 
I/rutils  ( 1240): RUtils::onTransact case RUTILS_CMD
D/rutils  ( 1240): RUtils:: rutils_cmd ret = 0 
D/RUtils  (32049): isRUtilsEnable oppo.service.rutils.enable = 1!
D/RUtils  (32049): waitForRUtilsEnable OK!
E/RUtils  (32049): android_rutils_RUtils :: bArrSize = 64 
I/rutils  ( 1240): RUtils::onTransact case RUTILS_CMD
D/rutils  ( 1240): RUtils:: rutils_cmd ret = 0 
D/RUtils  (32049): isRUtilsEnable oppo.service.rutils.enable = 1!
D/RUtils  (32049): waitForRUtilsEnable OK!
E/RUtils  (32049): android_rutils_RUtils :: bArrSize = 80 
I/rutils  ( 1240): RUtils::onTransact case RUTILS_CMD
D/rutils  ( 1240): RUtils:: rutils_cmd ret = 0 
D/RUtils  (32049): isRUtilsEnable oppo.service.rutils.enable = 1!
D/RUtils  (32049): waitForRUtilsEnable OK!
E/RUtils  (32049): android_rutils_RUtils :: bArrSize = 64 
I/rutils  ( 1240): RUtils::onTransact case RUTILS_CMD
D/rutils  ( 1240): RUtils:: rutils_cmd ret = 0 
D/RUtils  (32049): isRUtilsEnable oppo.service.rutils.enable = 1!
D/RUtils  (32049): waitForRUtilsEnable OK!
E/RUtils  (32049): android_rutils_RUtils :: bArrSize = 80 
I/rutils  ( 1240): RUtils::onTransact case RUTILS_CMD
D/rutils  ( 1240): RUtils:: rutils_cmd ret = 0 
D/RUtils  (32049): isRUtilsEnable oppo.service.rutils.enable = 1!
D/RUtils  (32049): waitForRUtilsEnable OK!
E/RUtils  (32049): android_rutils_RUtils :: bArrSize = 64 
I/rutils  ( 1240): RUtils::onTransact case RUTILS_CMD
D/rutils  ( 1240): RUtils:: rutils_cmd ret = 0 
D/RUtils  (32049): isRUtilsEnable oppo.service.rutils.enable = 1!
D/RUtils  (32049): waitForRUtilsEnable OK!
E/RUtils  (32049): android_rutils_RUtils :: bArrSize = 80 
I/rutils  ( 1240): RUtils::onTransact case RUTILS_CMD
D/rutils  ( 1240): RUtils:: rutils_cmd ret = 0 
D/RUtils  (32049): isRUtilsEnable oppo.service.rutils.enable = 1!
D/RUtils  (32049): waitForRUtilsEnable OK!
E/RUtils  (32049): android_rutils_RUtils :: bArrSize = 64 
I/rutils  ( 1240): RUtils::onTransact case RUTILS_CMD
D/rutils  ( 1240): RUtils:: rutils_cmd ret = 0 
D/RUtils  (32049): isRUtilsEnable oppo.service.rutils.enable = 1!
D/RUtils  (32049): waitForRUtilsEnable OK!
E/RUtils  (32049): android_rutils_RUtils :: bArrSize = 80 
I/rutils  ( 1240): RUtils::onTransact case RUTILS_CMD
D/rutils  ( 1240): RUtils:: rutils_cmd ret = 0 
D/RUtils  (32049): isRUtilsEnable oppo.service.rutils.enable = 1!
D/RUtils  (32049): waitForRUtilsEnable OK!
E/RUtils  (32049): android_rutils_RUtils :: bArrSize = 64 
I/rutils  ( 1240): RUtils::onTransact case RUTILS_CMD
D/rutils  ( 1240): RUtils:: rutils_cmd ret = 0 
D/RUtils  (32049): isRUtilsEnable oppo.service.rutils.enable = 1!
D/RUtils  (32049): waitForRUtilsEnable OK!
E/RUtils  (32049): android_rutils_RUtils :: bArrSize = 79 
I/rutils  ( 1240): RUtils::onTransact case RUTILS_CMD
D/rutils  ( 1240): RUtils:: rutils_cmd ret = 0 
D/RUtils  (32049): isRUtilsEnable oppo.service.rutils.enable = 1!
D/RUtils  (32049): waitForRUtilsEnable OK!
E/RUtils  (32049): android_rutils_RUtils :: bArrSize = 64 
I/rutils  ( 1240): RUtils::onTransact case RUTILS_CMD
D/rutils  ( 1240): RUtils:: rutils_cmd ret = 0 
D/RUtils  (32049): isRUtilsEnable oppo.service.rutils.enable = 1!
D/RUtils  (32049): waitForRUtilsEnable OK!
E/RUtils  (32049): android_rutils_RUtils :: bArrSize = 80 
I/rutils  ( 1240): RUtils::onTransact case RUTILS_CMD
D/rutils  ( 1240): RUtils:: rutils_cmd ret = 0 
D/RUtils  (32049): isRUtilsEnable oppo.service.rutils.enable = 1!
D/RUtils  (32049): waitForRUtilsEnable OK!
E/RUtils  (32049): android_rutils_RUtils :: bArrSize = 64 
I/rutils  ( 1240): RUtils::onTransact case RUTILS_CMD
D/rutils  ( 1240): RUtils:: rutils_cmd ret = 0 
D/RUtils  (32049): isRUtilsEnable oppo.service.rutils.enable = 1!
D/RUtils  (32049): waitForRUtilsEnable OK!
E/RUtils  (32049): android_rutils_RUtils :: bArrSize = 80 
I/rutils  ( 1240): RUtils::onTransact case RUTILS_CMD
D/rutils  ( 1240): RUtils:: rutils_cmd ret = 0 
D/RUtils  (32049): isRUtilsEnable oppo.service.rutils.enable = 1!
D/RUtils  (32049): waitForRUtilsEnable OK!
E/RUtils  (32049): android_rutils_RUtils :: bArrSize = 64 
I/rutils  ( 1240): RUtils::onTransact case RUTILS_CMD
D/rutils  ( 1240): RUtils:: rutils_cmd ret = 0 
D/RUtils  (32049): isRUtilsEnable oppo.service.rutils.enable = 1!
D/RUtils  (32049): waitForRUtilsEnable OK!
E/RUtils  (32049): android_rutils_RUtils :: bArrSize = 79 
I/rutils  ( 1240): RUtils::onTransact case RUTILS_CMD
D/rutils  ( 1240): RUtils:: rutils_cmd ret = 0 
D/RUtils  (32049): isRUtilsEnable oppo.service.rutils.enable = 1!
D/RUtils  (32049): waitForRUtilsEnable OK!
E/RUtils  (32049): android_rutils_RUtils :: bArrSize = 64 
I/rutils  ( 1240): RUtils::onTransact case RUTILS_CMD
D/rutils  ( 1240): RUtils:: rutils_cmd ret = 0 
D/RUtils  (32049): isRUtilsEnable oppo.service.rutils.enable = 1!
D/RUtils  (32049): waitForRUtilsEnable OK!
E/RUtils  (32049): android_rutils_RUtils :: bArrSize = 80 
I/rutils  ( 1240): RUtils::onTransact case RUTILS_CMD
D/rutils  ( 1240): RUtils:: rutils_cmd ret = 0 
D/RUtils  (32049): isRUtilsEnable oppo.service.rutils.enable = 1!
D/RUtils  (32049): waitForRUtilsEnable OK!
E/RUtils  (32049): android_rutils_RUtils :: bArrSize = 64 
I/rutils  ( 1240): RUtils::onTransact case RUTILS_CMD
D/rutils  ( 1240): RUtils:: rutils_cmd ret = 0 
D/RUtils  (32049): isRUtilsEnable oppo.service.rutils.enable = 1!
D/RUtils  (32049): waitForRUtilsEnable OK!
E/RUtils  (32049): android_rutils_RUtils :: bArrSize = 80 
I/rutils  ( 1240): RUtils::onTransact case RUTILS_CMD
D/rutils  ( 1240): RUtils:: rutils_cmd ret = 0 
D/RUtils  (32049): isRUtilsEnable oppo.service.rutils.enable = 1!
D/RUtils  (32049): waitForRUtilsEnable OK!
E/RUtils  (32049): android_rutils_RUtils :: bArrSize = 64 
I/rutils  ( 1240): RUtils::onTransact case RUTILS_CMD
D/rutils  ( 1240): RUtils:: rutils_cmd ret = 0 
D/RUtils  (32049): isRUtilsEnable oppo.service.rutils.enable = 1!
D/RUtils  (32049): waitForRUtilsEnable OK!
E/RUtils  (32049): android_rutils_RUtils :: bArrSize = 80 
I/rutils  ( 1240): RUtils::onTransact case RUTILS_CMD
D/rutils  ( 1240): RUtils:: rutils_cmd ret = 0 
D/RUtils  (32049): isRUtilsEnable oppo.service.rutils.enable = 1!
D/RUtils  (32049): waitForRUtilsEnable OK!
E/RUtils  (32049): android_rutils_RUtils :: bArrSize = 64 
I/rutils  ( 1240): RUtils::onTransact case RUTILS_CMD
D/rutils  ( 1240): RUtils:: rutils_cmd ret = 0 
D/RUtils  (32049): isRUtilsEnable oppo.service.rutils.enable = 1!
D/RUtils  (32049): waitForRUtilsEnable OK!
E/RUtils  (32049): android_rutils_RUtils :: bArrSize = 80 
I/rutils  ( 1240): RUtils::onTransact case RUTILS_CMD
D/rutils  ( 1240): RUtils:: rutils_cmd ret = 0 
D/RUtils  (32049): isRUtilsEnable oppo.service.rutils.enable = 1!
D/RUtils  (32049): waitForRUtilsEnable OK!
E/RUtils  (32049): android_rutils_RUtils :: bArrSize = 64 
I/rutils  ( 1240): RUtils::onTransact case RUTILS_CMD
D/rutils  ( 1240): RUtils:: rutils_cmd ret = 0 
D/RUtils  (32049): isRUtilsEnable oppo.service.rutils.enable = 1!
D/RUtils  (32049): waitForRUtilsEnable OK!
E/RUtils  (32049): android_rutils_RUtils :: bArrSize = 79 
I/rutils  ( 1240): RUtils::onTransact case RUTILS_CMD
D/rutils  ( 1240): RUtils:: rutils_cmd ret = 0 
D/RUtils  (32049): isRUtilsEnable oppo.service.rutils.enable = 1!
D/RUtils  (32049): waitForRUtilsEnable OK!
E/RUtils  (32049): android_rutils_RUtils :: bArrSize = 64 
I/rutils  ( 1240): RUtils::onTransact case RUTILS_CMD
D/rutils  ( 1240): RUtils:: rutils_cmd ret = 0 
D/RUtils  (32049): isRUtilsEnable oppo.service.rutils.enable = 1!
D/RUtils  (32049): waitForRUtilsEnable OK!
E/RUtils  (32049): android_rutils_RUtils :: bArrSize = 80 
I/rutils  ( 1240): RUtils::onTransact case RUTILS_CMD
D/rutils  ( 1240): RUtils:: rutils_cmd ret = 0 
D/RUtils  (32049): isRUtilsEnable oppo.service.rutils.enable = 1!
D/RUtils  (32049): waitForRUtilsEnable OK!
E/RUtils  (32049): android_rutils_RUtils :: bArrSize = 64 
I/rutils  ( 1240): RUtils::onTransact case RUTILS_CMD
D/rutils  ( 1240): RUtils:: rutils_cmd ret = 0 
D/RUtils  (32049): isRUtilsEnable oppo.service.rutils.enable = 1!
D/RUtils  (32049): waitForRUtilsEnable OK!
E/RUtils  (32049): android_rutils_RUtils :: bArrSize = 79 
I/rutils  ( 1240): RUtils::onTransact case RUTILS_CMD
D/rutils  ( 1240): RUtils:: rutils_cmd ret = 0 
D/RUtils  (32049): isRUtilsEnable oppo.service.rutils.enable = 1!
D/RUtils  (32049): waitForRUtilsEnable OK!
E/RUtils  (32049): android_rutils_RUtils :: bArrSize = 64 
I/rutils  ( 1240): RUtils::onTransact case RUTILS_CMD
D/rutils  ( 1240): RUtils:: rutils_cmd ret = 0 
D/RUtils  (32049): isRUtilsEnable oppo.service.rutils.enable = 1!
D/RUtils  (32049): waitForRUtilsEnable OK!
E/RUtils  (32049): android_rutils_RUtils :: bArrSize = 79 
I/rutils  ( 1240): RUtils::onTransact case RUTILS_CMD
D/rutils  ( 1240): RUtils:: rutils_cmd ret = 0 
D/RUtils  (32049): isRUtilsEnable oppo.service.rutils.enable = 1!
D/RUtils  (32049): waitForRUtilsEnable OK!
E/RUtils  (32049): android_rutils_RUtils :: bArrSize = 64 
I/rutils  ( 1240): RUtils::onTransact case RUTILS_CMD
D/rutils  ( 1240): RUtils:: rutils_cmd ret = 0 
D/RUtils  (32049): isRUtilsEnable oppo.service.rutils.enable = 1!
D/RUtils  (32049): waitForRUtilsEnable OK!
E/RUtils  (32049): android_rutils_RUtils :: bArrSize = 80 
I/rutils  ( 1240): RUtils::onTransact case RUTILS_CMD
D/rutils  ( 1240): RUtils:: rutils_cmd ret = 0 
D/RUtils  (32049): isRUtilsEnable oppo.service.rutils.enable = 1!
D/RUtils  (32049): waitForRUtilsEnable OK!
E/RUtils  (32049): android_rutils_RUtils :: bArrSize = 64 
I/rutils  ( 1240): RUtils::onTransact case RUTILS_CMD
D/rutils  ( 1240): RUtils:: rutils_cmd ret = 0 
D/RUtils  (32049): isRUtilsEnable oppo.service.rutils.enable = 1!
D/RUtils  (32049): waitForRUtilsEnable OK!
E/RUtils  (32049): android_rutils_RUtils :: bArrSize = 79 
I/rutils  ( 1240): RUtils::onTransact case RUTILS_CMD
D/rutils  ( 1240): RUtils:: rutils_cmd ret = 0 
D/RUtils  (32049): isRUtilsEnable oppo.service.rutils.enable = 1!
D/RUtils  (32049): waitForRUtilsEnable OK!
E/RUtils  (32049): android_rutils_RUtils :: bArrSize = 64 
I/rutils  ( 1240): RUtils::onTransact case RUTILS_CMD
D/rutils  ( 1240): RUtils:: rutils_cmd ret = 0 
D/RUtils  (32049): isRUtilsEnable oppo.service.rutils.enable = 1!
D/RUtils  (32049): waitForRUtilsEnable OK!
E/RUtils  (32049): android_rutils_RUtils :: bArrSize = 80 
I/rutils  ( 1240): RUtils::onTransact case RUTILS_CMD
D/rutils  ( 1240): RUtils:: rutils_cmd ret = 0 
D/RUtils  (32049): isRUtilsEnable oppo.service.rutils.enable = 1!
D/RUtils  (32049): waitForRUtilsEnable OK!
E/RUtils  (32049): android_rutils_RUtils :: bArrSize = 64 
I/rutils  ( 1240): RUtils::onTransact case RUTILS_CMD
D/rutils  ( 1240): RUtils:: rutils_cmd ret = 0 
D/RUtils  (32049): isRUtilsEnable oppo.service.rutils.enable = 1!
D/RUtils  (32049): waitForRUtilsEnable OK!
E/RUtils  (32049): android_rutils_RUtils :: bArrSize = 79 
I/rutils  ( 1240): RUtils::onTransact case RUTILS_CMD
D/rutils  ( 1240): RUtils:: rutils_cmd ret = 0 
D/RUtils  (32049): isRUtilsEnable oppo.service.rutils.enable = 1!
D/RUtils  (32049): waitForRUtilsEnable OK!
E/RUtils  (32049): android_rutils_RUtils :: bArrSize = 64 
I/rutils  ( 1240): RUtils::onTransact case RUTILS_CMD
D/rutils  ( 1240): RUtils:: rutils_cmd ret = 0 
D/RUtils  (32049): isRUtilsEnable oppo.service.rutils.enable = 1!
D/RUtils  (32049): waitForRUtilsEnable OK!
E/RUtils  (32049): android_rutils_RUtils :: bArrSize = 80 
I/rutils  ( 1240): RUtils::onTransact case RUTILS_CMD
D/rutils  ( 1240): RUtils:: rutils_cmd ret = 0 
D/RUtils  (32049): isRUtilsEnable oppo.service.rutils.enable = 1!
D/RUtils  (32049): waitForRUtilsEnable OK!
E/RUtils  (32049): android_rutils_RUtils :: bArrSize = 64 
I/rutils  ( 1240): RUtils::onTransact case RUTILS_CMD
D/rutils  ( 1240): RUtils:: rutils_cmd ret = 0 
D/RUtils  (32049): isRUtilsEnable oppo.service.rutils.enable = 1!
D/RUtils  (32049): waitForRUtilsEnable OK!
E/RUtils  (32049): android_rutils_RUtils :: bArrSize = 80 
I/rutils  ( 1240): RUtils::onTransact case RUTILS_CMD
D/rutils  ( 1240): RUtils:: rutils_cmd ret = 0 
D/RUtils  (32049): isRUtilsEnable oppo.service.rutils.enable = 1!
D/RUtils  (32049): waitForRUtilsEnable OK!
E/RUtils  (32049): android_rutils_RUtils :: bArrSize = 64 
I/rutils  ( 1240): RUtils::onTransact case RUTILS_CMD
D/rutils  ( 1240): RUtils:: rutils_cmd ret = 0 
D/RUtils  (32049): isRUtilsEnable oppo.service.rutils.enable = 1!
D/RUtils  (32049): waitForRUtilsEnable OK!
E/RUtils  (32049): android_rutils_RUtils :: bArrSize = 80 
I/rutils  ( 1240): RUtils::onTransact case RUTILS_CMD
D/rutils  ( 1240): RUtils:: rutils_cmd ret = 0 
D/RUtils  (32049): isRUtilsEnable oppo.service.rutils.enable = 1!
D/RUtils  (32049): waitForRUtilsEnable OK!
E/RUtils  (32049): android_rutils_RUtils :: bArrSize = 64 
I/rutils  ( 1240): RUtils::onTransact case RUTILS_CMD
D/rutils  ( 1240): RUtils:: rutils_cmd ret = 0 
D/RUtils  (32049): isRUtilsEnable oppo.service.rutils.enable = 1!
D/RUtils  (32049): waitForRUtilsEnable OK!
E/RUtils  (32049): android_rutils_RUtils :: bArrSize = 80 
I/rutils  ( 1240): RUtils::onTransact case RUTILS_CMD
D/rutils  ( 1240): RUtils:: rutils_cmd ret = 0 
D/RUtils  (32049): isRUtilsEnable oppo.service.rutils.enable = 1!
D/RUtils  (32049): waitForRUtilsEnable OK!
E/RUtils  (32049): android_rutils_RUtils :: bArrSize = 64 
I/rutils  ( 1240): RUtils::onTransact case RUTILS_CMD
D/rutils  ( 1240): RUtils:: rutils_cmd ret = 0 
D/RUtils  (32049): isRUtilsEnable oppo.service.rutils.enable = 1!
D/RUtils  (32049): waitForRUtilsEnable OK!
E/RUtils  (32049): android_rutils_RUtils :: bArrSize = 80 
I/rutils  ( 1240): RUtils::onTransact case RUTILS_CMD
D/rutils  ( 1240): RUtils:: rutils_cmd ret = 0 
D/RUtils  (32049): isRUtilsEnable oppo.service.rutils.enable = 1!
D/RUtils  (32049): waitForRUtilsEnable OK!
E/RUtils  (32049): android_rutils_RUtils :: bArrSize = 64 
I/rutils  ( 1240): RUtils::onTransact case RUTILS_CMD
D/rutils  ( 1240): RUtils:: rutils_cmd ret = 0 
D/RUtils  (32049): isRUtilsEnable oppo.service.rutils.enable = 1!
D/RUtils  (32049): waitForRUtilsEnable OK!
E/RUtils  (32049): android_rutils_RUtils :: bArrSize = 80 
I/rutils  ( 1240): RUtils::onTransact case RUTILS_CMD
D/rutils  ( 1240): RUtils:: rutils_cmd ret = 0 
D/RUtils  (32049): isRUtilsEnable oppo.service.rutils.enable = 1!
D/RUtils  (32049): waitForRUtilsEnable OK!
E/RUtils  (32049): android_rutils_RUtils :: bArrSize = 64 
I/rutils  ( 1240): RUtils::onTransact case RUTILS_CMD
D/rutils  ( 1240): RUtils:: rutils_cmd ret = 0 
D/RUtils  (32049): isRUtilsEnable oppo.service.rutils.enable = 1!
D/RUtils  (32049): waitForRUtilsEnable OK!
E/RUtils  (32049): android_rutils_RUtils :: bArrSize = 80 
I/rutils  ( 1240): RUtils::onTransact case RUTILS_CMD
D/rutils  ( 1240): RUtils:: rutils_cmd ret = 0 
D/RUtils  (32049): isRUtilsEnable oppo.service.rutils.enable = 1!
D/RUtils  (32049): waitForRUtilsEnable OK!
E/RUtils  (32049): android_rutils_RUtils :: bArrSize = 64 
I/rutils  ( 1240): RUtils::onTransact case RUTILS_CMD
D/rutils  ( 1240): RUtils:: rutils_cmd ret = 0 
D/RUtils  (32049): isRUtilsEnable oppo.service.rutils.enable = 1!
D/RUtils  (32049): waitForRUtilsEnable OK!
E/RUtils  (32049): android_rutils_RUtils :: bArrSize = 79 
I/rutils  ( 1240): RUtils::onTransact case RUTILS_CMD
D/rutils  ( 1240): RUtils:: rutils_cmd ret = 0 
D/RUtils  (32049): isRUtilsEnable oppo.service.rutils.enable = 1!
D/RUtils  (32049): waitForRUtilsEnable OK!
E/RUtils  (32049): android_rutils_RUtils :: bArrSize = 64 
I/rutils  ( 1240): RUtils::onTransact case RUTILS_CMD
D/rutils  ( 1240): RUtils:: rutils_cmd ret = 0 
D/RUtils  (32049): isRUtilsEnable oppo.service.rutils.enable = 1!
D/RUtils  (32049): waitForRUtilsEnable OK!
E/RUtils  (32049): android_rutils_RUtils :: bArrSize = 79 
I/rutils  ( 1240): RUtils::onTransact case RUTILS_CMD
D/rutils  ( 1240): RUtils:: rutils_cmd ret = 0 
D/RUtils  (32049): isRUtilsEnable oppo.service.rutils.enable = 1!
D/RUtils  (32049): waitForRUtilsEnable OK!
E/RUtils  (32049): android_rutils_RUtils :: bArrSize = 64 
I/rutils  ( 1240): RUtils::onTransact case RUTILS_CMD
D/rutils  ( 1240): RUtils:: rutils_cmd ret = 0 
D/RUtils  (32049): isRUtilsEnable oppo.service.rutils.enable = 1!
D/RUtils  (32049): waitForRUtilsEnable OK!
E/RUtils  (32049): android_rutils_RUtils :: bArrSize = 80 
I/rutils  ( 1240): RUtils::onTransact case RUTILS_CMD
D/rutils  ( 1240): RUtils:: rutils_cmd ret = 0 
D/RUtils  (32049): isRUtilsEnable oppo.service.rutils.enable = 1!
D/RUtils  (32049): waitForRUtilsEnable OK!
E/RUtils  (32049): android_rutils_RUtils :: bArrSize = 64 
I/rutils  ( 1240): RUtils::onTransact case RUTILS_CMD
D/rutils  ( 1240): RUtils:: rutils_cmd ret = 0 
D/RUtils  (32049): isRUtilsEnable oppo.service.rutils.enable = 1!
D/RUtils  (32049): waitForRUtilsEnable OK!
E/RUtils  (32049): android_rutils_RUtils :: bArrSize = 79 
I/rutils  ( 1240): RUtils::onTransact case RUTILS_CMD
D/rutils  ( 1240): RUtils:: rutils_cmd ret = 0 
D/RUtils  (32049): isRUtilsEnable oppo.service.rutils.enable = 1!
D/RUtils  (32049): waitForRUtilsEnable OK!
E/RUtils  (32049): android_rutils_RUtils :: bArrSize = 64 
I/rutils  ( 1240): RUtils::onTransact case RUTILS_CMD
D/rutils  ( 1240): RUtils:: rutils_cmd ret = 0 
D/OppoAutoClearService(32049):  add perceptible pacakage: com.sohu.inputmethod.sogouoem
D/OppoAutoClearService(32049):  add perceptible pacakage: com.android.providers.media
W/ContextImpl(32049): Calling a method in the system process without a qualified user: android.app.ContextImpl.startService:1917 android.content.ContextWrapper.startService:527 com.coloros.oppomorningsystem.e.run:-1 java.lang.Thread.run:818 <bottom of call stack> 
D/OppoClearSystemService(32049): OppoClearSystemService onStartCommand action: oppo.intent.action.REQUEST_APP_CLEAN_RUNNING
I/OppoClearSystemService(32049): onStartCommand, isLearningClearing:true
I/Process (  918): get_ion_cache_memory gpu: 86176 KB
D/ActivityThread(32049): hoder:android.app.IActivityManager$ContentProviderHolder@8d9d7be,provider,holder.Provider:android.content.ContentProviderProxy@3f70f01f
I/Process (  918): get_ion_cache_memory gpu: 86176 KB
I/Process (  918): Sending signal. PID: 31959 SIG: 9
W/NGhosty (31867): Grandson reborn ...
D/MALI    (32159): osup_destructor:169: osup_destructor
D/NGhosty (32160): Accepting connections ...
I/ActivityManager(  918): Force stopping com.idotools.qrcode appid=10138 user=0: from pid 32049
W/ContextImpl(  918): Calling a method in the system process without a qualified user: android.app.ContextImpl.sendBroadcast:1539 com.android.server.am.OppoExtraActivityManagerService.setKeyLockModeNormal:47 com.android.server.am.ActivityManagerService.forceStopPackageLocked:7891 com.android.server.am.ActivityManagerService.forceStopPackageLocked:7685 com.android.server.am.ActivityManagerService.forceStopPackage:7479 
I/ActivityManager(  918): Killing 31867:com.idotools.qrcode:ghosty/u0a138 (adj 5): stop com.idotools.qrcode
D/ActivityManager(  918): SVC-handleAppDiedLocked: app = ProcessRecord{1410ef72 31867:com.idotools.qrcode:ghosty/u0a138}, app.pid = 31867
W/ActivityManager(  918): Service crashed 0 times, stopping: ServiceRecord{36c32520 u0 com.idotools.qrcode/com.dot.ghosty.shadow.ShadowService}this is not core appcom.idotools.qrcode:ghosty
W/ActivityManager(  918): Service crashed 0 times, stopping: ServiceRecord{ee0e77f u0 com.idotools.qrcode/com.dot.ghosty.job.ScheduleService}this is not core appcom.idotools.qrcode:ghosty
D/ActivityManager(  918): removeDyingProviderLocked: cpr=ContentProviderRecord{1856dfc3 u0 com.idotools.qrcode/com.dot.ghosty.sync.AccountProvider} always=false inLaunching=false
I/PPS     (  918): [PPSNotifyAppState] nPackNum:1, pack:com.idotools.qrcode, com:(null), state:3, pid:31867, last_boost_tid:-1
I/ActivityManager(  918): Killing 31931:com.idotools.qrcode/u0a138 (adj 5): stop com.idotools.qrcode
D/ActivityManager(  918): SVC-handleAppDiedLocked: app = ProcessRecord{28fce040 31931:com.idotools.qrcode/u0a138}, app.pid = 31931
W/ActivityManager(  918): Service crashed 0 times, stopping: ServiceRecord{2c7b909e u0 com.idotools.qrcode/com.getui.gtc.GtcService}this is not core appcom.idotools.qrcode
D/ActivityManager(  918): removeDyingProviderLocked: cpr=ContentProviderRecord{317f2b79 u0 com.idotools.qrcode/android.support.v4.content.FileProvider} always=false inLaunching=false
I/PPS     (  918): [PPSNotifyAppState] nPackNum:1, pack:com.idotools.qrcode, com:(null), state:3, pid:31931, last_boost_tid:-1
I/ActivityManager(  918): Killing 31901:com.idotools.qrcode:pushservice/u0a138 (adj 5): stop com.idotools.qrcode
D/ActivityManager(  918): SVC-handleAppDiedLocked: app = ProcessRecord{2afa90be 31901:com.idotools.qrcode:pushservice/u0a138}, app.pid = 31901
W/ActivityManager(  918): Service crashed 0 times, stopping: ServiceRecord{26181ca1 u0 com.idotools.qrcode/com.my.getuilibrary.GeTuiService}this is not core appcom.idotools.qrcode:pushservice
D/ActivityManager(  918): removeDyingProviderLocked: cpr=ContentProviderRecord{15bdb51f u0 com.idotools.qrcode/com.igexin.download.DownloadProvider} always=false inLaunching=false
I/PPS     (  918): [PPSNotifyAppState] nPackNum:1, pack:com.idotools.qrcode, com:(null), state:3, pid:31901, last_boost_tid:-1
I/OppoPhoneWindowManager(  918): KeyLockModeReceiver KeyLockMode: 0 ProcessName: com.idotools.qrcode
D/AlarmManager(  918): UninstallReceiver  action = android.intent.action.PACKAGE_RESTARTED
D/JobSchedulerService(  918): Receieved: android.intent.action.PACKAGE_RESTARTED
D/JobSchedulerService(  918): Stop app Removing jobs for uid: 10138 pkg = com.idotools.qrcode
V/AlarmManager(  918): APP set(PendingIntent{2af6734f: PendingIntentRecord{202b5adc android broadcastIntent}}) : type=3 triggerAtTime=514023427 win=-1 tElapsed=514023427 maxElapsed=514062754 interval=0 standalone=false alarmClockInfo = null
D/AlarmManager(  918): remove(operation) changed bounds; rebatching operation = PendingIntent{2af6734f: PendingIntentRecord{202b5adc android broadcastIntent}}
I/libprocessgroup(  918): Killing pid 32159 in uid 10138 as part of process group 31867
I/libprocessgroup(  918): Killing pid 32160 in uid 10138 as part of process group 31867
I/libprocessgroup(  918): Killing pid 32159 in uid 10138 as part of process group 31867
I/libprocessgroup(  918): Killing pid 32160 in uid 10138 as part of process group 31867
I/libprocessgroup(  918): Killing pid 32159 in uid 10138 as part of process group 31867
I/libprocessgroup(  918): Killing pid 32160 in uid 10138 as part of process group 31867
V/AlarmManager(  918): APP set(PendingIntent{1184b2ba: PendingIntentRecord{19d0f56b android broadcastIntent}}) : type=3 triggerAtTime=514023427 win=-1 tElapsed=514023427 maxElapsed=514062752 interval=0 standalone=false alarmClockInfo = null
D/AlarmManager(  918): remove(operation) changed bounds; rebatching operation = PendingIntent{1184b2ba: PendingIntentRecord{19d0f56b android broadcastIntent}}
I/libprocessgroup(  918): Killing pid 32159 in uid 10138 as part of process group 31867
I/libprocessgroup(  918): Killing pid 32160 in uid 10138 as part of process group 31867
I/libprocessgroup(  918): Killing pid 32159 in uid 10138 as part of process group 31867
I/libprocessgroup(  918): Killing pid 32160 in uid 10138 as part of process group 31867
V/AlarmManager(  918): APP set(PendingIntent{2af6734f: PendingIntentRecord{202b5adc android broadcastIntent}}) : type=3 triggerAtTime=514023427 win=-1 tElapsed=514023427 maxElapsed=514062751 interval=0 standalone=false alarmClockInfo = null
D/AlarmManager(  918): remove(operation) changed bounds; rebatching operation = PendingIntent{2af6734f: PendingIntentRecord{202b5adc android broadcastIntent}}
I/libprocessgroup(  918): Killing pid 32159 in uid 10138 as part of process group 31867
I/libprocessgroup(  918): Killing pid 32160 in uid 10138 as part of process group 31867
V/AlarmManager(  918): APP set(PendingIntent{1184b2ba: PendingIntentRecord{19d0f56b android broadcastIntent}}) : type=3 triggerAtTime=514023427 win=-1 tElapsed=514023427 maxElapsed=514062749 interval=0 standalone=false alarmClockInfo = null
D/AlarmManager(  918): remove(operation) changed bounds; rebatching operation = PendingIntent{1184b2ba: PendingIntentRecord{19d0f56b android broadcastIntent}}
V/AlarmManager(  918): APP set(PendingIntent{2af6734f: PendingIntentRecord{202b5adc android broadcastIntent}}) : type=3 triggerAtTime=514023427 win=-1 tElapsed=514023427 maxElapsed=514062748 interval=0 standalone=false alarmClockInfo = null
D/AlarmManager(  918): remove(operation) changed bounds; rebatching operation = PendingIntent{2af6734f: PendingIntentRecord{202b5adc android broadcastIntent}}
I/libprocessgroup(  918): Killing pid 32159 in uid 10138 as part of process group 31867
I/libprocessgroup(  918): Killing pid 32160 in uid 10138 as part of process group 31867
V/AlarmManager(  918): APP set(PendingIntent{1184b2ba: PendingIntentRecord{19d0f56b android broadcastIntent}}) : type=3 triggerAtTime=514023427 win=-1 tElapsed=514023427 maxElapsed=514062746 interval=0 standalone=false alarmClockInfo = null
D/AlarmManager(  918): remove(operation) changed bounds; rebatching operation = PendingIntent{1184b2ba: PendingIntentRecord{19d0f56b android broadcastIntent}}
V/AlarmManager(  918): APP set(PendingIntent{2af6734f: PendingIntentRecord{202b5adc android broadcastIntent}}) : type=3 triggerAtTime=514023427 win=-1 tElapsed=514023427 maxElapsed=514062745 interval=0 standalone=false alarmClockInfo = null
D/AlarmManager(  918): remove(operation) changed bounds; rebatching operation = PendingIntent{2af6734f: PendingIntentRecord{202b5adc android broadcastIntent}}
V/AlarmManager(  918): APP set(PendingIntent{1184b2ba: PendingIntentRecord{19d0f56b android broadcastIntent}}) : type=3 triggerAtTime=514023427 win=-1 tElapsed=514023427 maxElapsed=514062743 interval=0 standalone=false alarmClockInfo = null
D/AlarmManager(  918): remove(operation) changed bounds; rebatching operation = PendingIntent{1184b2ba: PendingIntentRecord{19d0f56b android broadcastIntent}}
V/AlarmManager(  918): APP set(PendingIntent{2af6734f: PendingIntentRecord{202b5adc android broadcastIntent}}) : type=3 triggerAtTime=514023427 win=-1 tElapsed=514023427 maxElapsed=514062742 interval=0 standalone=false alarmClockInfo = null
D/AlarmManager(  918): remove(operation) changed bounds; rebatching operation = PendingIntent{2af6734f: PendingIntentRecord{202b5adc android broadcastIntent}}
I/libprocessgroup(  918): Killing pid 32159 in uid 10138 as part of process group 31867
V/AlarmManager(  918): APP set(PendingIntent{1184b2ba: PendingIntentRecord{19d0f56b android broadcastIntent}}) : type=3 triggerAtTime=514023427 win=-1 tElapsed=514023427 maxElapsed=514062742 interval=0 standalone=false alarmClockInfo = null
D/AlarmManager(  918): remove(operation) changed bounds; rebatching operation = PendingIntent{1184b2ba: PendingIntentRecord{19d0f56b android broadcastIntent}}
V/AlarmManager(  918): APP set(PendingIntent{2af6734f: PendingIntentRecord{202b5adc android broadcastIntent}}) : type=3 triggerAtTime=514023427 win=-1 tElapsed=514023427 maxElapsed=514062741 interval=0 standalone=false alarmClockInfo = null
D/AlarmManager(  918): remove(operation) changed bounds; rebatching operation = PendingIntent{2af6734f: PendingIntentRecord{202b5adc android broadcastIntent}}
V/AlarmManager(  918): APP set(PendingIntent{1184b2ba: PendingIntentRecord{19d0f56b android broadcastIntent}}) : type=3 triggerAtTime=514023427 win=-1 tElapsed=514023427 maxElapsed=514062739 interval=0 standalone=false alarmClockInfo = null
D/AlarmManager(  918): remove(operation) changed bounds; rebatching operation = PendingIntent{1184b2ba: PendingIntentRecord{19d0f56b android broadcastIntent}}
V/AlarmManager(  918): APP set(PendingIntent{2af6734f: PendingIntentRecord{202b5adc android broadcastIntent}}) : type=3 triggerAtTime=514023427 win=-1 tElapsed=514023427 maxElapsed=514062739 interval=0 standalone=false alarmClockInfo = null
D/AlarmManager(  918): remove(operation) changed bounds; rebatching operation = PendingIntent{2af6734f: PendingIntentRecord{202b5adc android broadcastIntent}}
V/AlarmManager(  918): APP set(PendingIntent{1184b2ba: PendingIntentRecord{19d0f56b android broadcastIntent}}) : type=3 triggerAtTime=514023427 win=-1 tElapsed=514023427 maxElapsed=514062738 interval=0 standalone=false alarmClockInfo = null
D/AlarmManager(  918): remove(operation) changed bounds; rebatching operation = PendingIntent{1184b2ba: PendingIntentRecord{19d0f56b android broadcastIntent}}
V/AlarmManager(  918): APP set(PendingIntent{2af6734f: PendingIntentRecord{202b5adc android broadcastIntent}}) : type=3 triggerAtTime=514086405 win=-1 tElapsed=514086405 maxElapsed=514172949 interval=0 standalone=false alarmClockInfo = null
D/AlarmManager(  918): remove(operation) changed bounds; rebatching operation = PendingIntent{2af6734f: PendingIntentRecord{202b5adc android broadcastIntent}}
V/AlarmManager(  918): APP set(PendingIntent{1184b2ba: PendingIntentRecord{19d0f56b android broadcastIntent}}) : type=3 triggerAtTime=514168805 win=-1 tElapsed=514168805 maxElapsed=514317148 interval=0 standalone=false alarmClockInfo = null
D/AlarmManager(  918): remove(operation) changed bounds; rebatching operation = PendingIntent{1184b2ba: PendingIntentRecord{19d0f56b android broadcastIntent}}
I/libprocessgroup(  918): Killing pid 32159 in uid 10138 as part of process group 31867
I/ActivityManager(  918): Force stopping com.coloros.notificationmanager appid=1000 user=0: from pid 32049
W/ContextImpl(  918): Calling a method in the system process without a qualified user: android.app.ContextImpl.sendBroadcast:1539 com.android.server.am.OppoExtraActivityManagerService.setKeyLockModeNormal:47 com.android.server.am.ActivityManagerService.forceStopPackageLocked:7891 com.android.server.am.ActivityManagerService.forceStopPackageLocked:7685 com.android.server.am.ActivityManagerService.forceStopPackage:7479 
I/ActivityManager(  918): Killing 31175:com.coloros.notificationmanager/1000 (adj 0): stop com.coloros.notificationmanager
D/ActivityManager(  918): SVC-handleAppDiedLocked: app = ProcessRecord{3efc06c 31175:com.coloros.notificationmanager/1000}, app.pid = 31175
D/ActivityManager(  918): removeDyingProviderLocked: cpr=ContentProviderRecord{393e0635 u0 com.coloros.notificationmanager/.PowerProvider} always=false inLaunching=false
I/ActivityThread( 5842): Removing dead content provider:android.content.ContentProviderProxy@918f049
I/ActivityThread(30142): Removing dead content provider:android.content.ContentProviderProxy@379ac417
I/PPS     (  918): [PPSNotifyAppState] nPackNum:1, pack:com.coloros.notificationmanager, com:(null), state:3, pid:31175, last_boost_tid:-1
I/OppoPhoneWindowManager(  918): KeyLockModeReceiver KeyLockMode: 0 ProcessName: com.coloros.notificationmanager
D/AlarmManager(  918): UninstallReceiver  action = android.intent.action.PACKAGE_RESTARTED
D/JobSchedulerService(  918): Receieved: android.intent.action.PACKAGE_RESTARTED
I/libprocessgroup(  918): Killing pid 32159 in uid 10138 as part of process group 31867
D/GpsStatusListenerHelper(  918): Remote Listener died: android.location.IGpsStatusListener$Stub$Proxy@74afaca
D/WifiService(  918): Client connection lost with reason: 4
D/WifiService(  918): Client connection lost with reason: 4
I/ActivityManager(  918): Force stopping com.autonavi.minimap appid=10098 user=0: from pid 32049
W/ContextImpl(  918): Calling a method in the system process without a qualified user: android.app.ContextImpl.sendBroadcast:1539 com.android.server.am.OppoExtraActivityManagerService.setKeyLockModeNormal:47 com.android.server.am.ActivityManagerService.forceStopPackageLocked:7891 com.android.server.am.ActivityManagerService.forceStopPackageLocked:7685 com.android.server.am.ActivityManagerService.forceStopPackage:7479 
I/ActivityManager(  918): Killing 30529:com.autonavi.minimap:locationservice/u0a98 (adj 5): stop com.autonavi.minimap
D/ActivityManager(  918): SVC-handleAppDiedLocked: app = ProcessRecord{3592843b 30529:com.autonavi.minimap:locationservice/u0a98}, app.pid = 30529
W/ActivityManager(  918): Service crashed 0 times, stopping: ServiceRecord{2c353945 u0 com.autonavi.minimap/com.amap.api.service.AMapService}this is not core appcom.autonavi.minimap:locationservice
I/PPS     (  918): [PPSNotifyAppState] nPackNum:1, pack:com.autonavi.minimap, com:(null), state:3, pid:30529, last_boost_tid:-1
I/ActivityManager(  918): Killing 30452:com.autonavi.minimap:lotuspool/u0a98 (adj 15): stop com.autonavi.minimap
D/ActivityManager(  918): SVC-handleAppDiedLocked: app = ProcessRecord{344e7758 30452:com.autonavi.minimap:lotuspool/u0a98}, app.pid = 30452
D/ActivityManager(  918): removeDyingProviderLocked: cpr=ContentProviderRecord{13d5d0b1 u0 com.autonavi.minimap/.adiu.storage.AdiuContentProvider} always=false inLaunching=false
I/PPS     (  918): [PPSNotifyAppState] nPackNum:1, pack:com.autonavi.minimap, com:(null), state:3, pid:30452, last_boost_tid:-1
I/ActivityManager(  918): Killing 30349:com.autonavi.minimap:channel/u0a98 (adj 5): stop com.autonavi.minimap
D/ActivityManager(  918): SVC-handleAppDiedLocked: app = ProcessRecord{2dfb88d7 30349:com.autonavi.minimap:channel/u0a98}, app.pid = 30349
W/ActivityManager(  918): Service crashed 0 times, stopping: ServiceRecord{3377c42e u0 com.autonavi.minimap/com.taobao.accs.ChannelService}this is not core appcom.autonavi.minimap:channel
W/ActivityManager(  918): Service crashed 0 times, stopping: ServiceRecord{14dcbe25 u0 com.autonavi.minimap/org.android.agoo.accs.AgooService}this is not core appcom.autonavi.minimap:channel
I/PPS     (  918): [PPSNotifyAppState] nPackNum:1, pack:com.autonavi.minimap, com:(null), state:3, pid:30349, last_boost_tid:-1
I/ActivityManager(  918): Killing 30393:com.autonavi.minimap/u0a98 (adj 5): stop com.autonavi.minimap
D/ActivityManager(  918): SVC-handleAppDiedLocked: app = ProcessRecord{1ed761b6 30393:com.autonavi.minimap/u0a98}, app.pid = 30393
W/ActivityManager(  918): Service crashed 0 times, stopping: ServiceRecord{2f180684 u0 com.autonavi.minimap/com.taobao.accs.data.MsgDistributeService}this is not core appcom.autonavi.minimap
W/ActivityManager(  918): Service crashed 0 times, stopping: ServiceRecord{c516497 u0 com.autonavi.minimap/com.coloros.mcssdk.PushService}this is not core appcom.autonavi.minimap
D/ActivityManager(  918): removeDyingProviderLocked: cpr=ContentProviderRecord{3185f996 u0 com.autonavi.minimap/com.amap.location.sdk.setting.SdkSpContentProvider} always=false inLaunching=false
D/ActivityManager(  918): removeDyingProviderLocked: cpr=ContentProviderRecord{81b2917 u0 com.autonavi.minimap/android.support.v4.content.FileProvider} always=false inLaunching=false
I/PPS     (  918): [PPSNotifyAppState] nPackNum:1, pack:com.autonavi.minimap, com:(null), state:3, pid:30393, last_boost_tid:-1
I/OppoPhoneWindowManager(  918): KeyLockModeReceiver KeyLockMode: 0 ProcessName: com.autonavi.minimap
D/AlarmManager(  918): UninstallReceiver  action = android.intent.action.PACKAGE_RESTARTED
V/AlarmManager(  918): remove(package) changed bounds; rebatching
D/JobSchedulerService(  918): Receieved: android.intent.action.PACKAGE_RESTARTED
D/JobSchedulerService(  918): Stop app Removing jobs for uid: 10098 pkg = com.autonavi.minimap
W/System.err(  918): java.lang.SecurityException: Unable to find app for caller android.app.ApplicationThreadProxy@18dfb104 (pid=30393) when binding service Intent { pkg=com.autonavi.minimap cmp=com.autonavi.minimap/com.amap.api.service.AMapService (has extras) }
W/System.err(  918): 	at com.android.server.am.ActiveServices.bindServiceLocked(ActiveServices.java:785)
W/System.err(  918): 	at com.android.server.am.ActivityManagerService.bindService(ActivityManagerService.java:18995)
W/System.err(  918): 	at android.app.ActivityManagerNative.onTransact(ActivityManagerNative.java:1012)
W/System.err(  918): 	at com.android.server.am.ActivityManagerService.onTransact(ActivityManagerService.java:3060)
W/System.err(  918): 	at com.android.server.am.OppoActivityManagerService.onTransact(OppoActivityManagerService.java:174)
W/System.err(  918): 	at android.os.Binder.execTransact(Binder.java:451)
V/OppoAppStartupManager(  918): handleStartProvider com.coloros.notificationmanager com.coloros.notificationmanager.PowerProvider com.android.keyguard
I/art     (  918): Background sticky concurrent mark sweep GC freed 28165(3MB) AllocSpace objects, 31(620KB) LOS objects, 8% free, 46MB/50MB, paused 5.511ms total 68.228ms
I/ActivityManager(  918): Start proc 32169:com.coloros.notificationmanager/1000 for content provider com.coloros.notificationmanager/.PowerProvider
D/usage_raw_part(  918): write content:current_data_size = 1023
D/usage_raw_part(  918): write content:dataContentBuffer = com.coloros.notificationmanager|2019-01-08 15:05:16
D/usage_raw_part(  918): write content:current_item_index = 728
D/usage_raw_part(  918): write content:maxItemSize = 1023
D/usage_raw_part(  918): write content in replace mode, current index:728
D/usage_raw_part(  918): write content in replace mode, save item content res:51
D/usage_raw_part(  918): write content in replace mode, save new item index res:32
D/OppoUsageService(  918): writeHistoryRecord[AppUsage], saveRes = 1
I/ActivityManager(  918): Force stopping com.coloros.simsettings appid=1000 user=0: from pid 32049
W/ContextImpl(  918): Calling a method in the system process without a qualified user: android.app.ContextImpl.sendBroadcast:1539 com.android.server.am.OppoExtraActivityManagerService.setKeyLockModeNormal:47 com.android.server.am.ActivityManagerService.forceStopPackageLocked:7891 com.android.server.am.ActivityManagerService.forceStopPackageLocked:7685 com.android.server.am.ActivityManagerService.forceStopPackage:7479 
I/ActivityManager(  918): Killing 29576:com.coloros.simsettings/1000 (adj 1): stop com.coloros.simsettings
D/ActivityManager(  918): SVC-handleAppDiedLocked: app = ProcessRecord{2c45c6ed 29576:com.coloros.simsettings/1000}, app.pid = 29576
W/ActivityManager(  918): Scheduling restart of crashed service com.coloros.simsettings/.ColorAppServicesManagerClient in 1000ms
W/ActivityManager(  918): Scheduling restart of crashed service com.coloros.simsettings/com.coloros.datamonitor.service.DataUsageService in 10999ms
D/ActivityManager(  918): removeDyingProviderLocked: cpr=ContentProviderRecord{24a01922 u0 com.coloros.simsettings/com.coloros.datamonitorprovider.OppoDataMonitorProvider} always=false inLaunching=false
I/PPS     (  918): [PPSNotifyAppState] nPackNum:1, pack:com.coloros.simsettings, com:(null), state:3, pid:29576, last_boost_tid:-1
I/ActivityManager(  918):   Force stopping service ServiceRecord{32832c95 u0 com.coloros.simsettings/.ColorAppServicesManagerClient}
I/ActivityManager(  918):   Force stopping service ServiceRecord{14c5019b u0 com.coloros.simsettings/com.coloros.datamonitor.service.DataUsageService}
I/appmanager( 5103): onServiceDisconnected name == ComponentInfo{com.coloros.simsettings/com.coloros.simsettings.ColorAppServicesManagerClient} serviceInfo.mShouldStart = true
I/OppoPhoneWindowManager(  918): KeyLockModeReceiver KeyLockMode: 0 ProcessName: com.coloros.simsettings
D/AlarmManager(  918): UninstallReceiver  action = android.intent.action.PACKAGE_RESTARTED
D/JobSchedulerService(  918): Receieved: android.intent.action.PACKAGE_RESTARTED
I/ActivityManager(  918): Force stopping com.oppo.market appid=10057 user=0: from pid 32049
W/ContextImpl(  918): Calling a method in the system process without a qualified user: android.app.ContextImpl.sendBroadcast:1539 com.android.server.am.OppoExtraActivityManagerService.setKeyLockModeNormal:47 com.android.server.am.ActivityManagerService.forceStopPackageLocked:7891 com.android.server.am.ActivityManagerService.forceStopPackageLocked:7685 com.android.server.am.ActivityManagerService.forceStopPackage:7479 
I/ActivityManager(  918): Killing 31246:com.oppo.market/u0a57 (adj 9): stop com.oppo.market
D/ActivityManager(  918): SVC-handleAppDiedLocked: app = ProcessRecord{321f3fb3 31246:com.oppo.market/u0a57}, app.pid = 31246
D/GuiExt  (  372): [GuiExtS] binder of dump tunnel(RB-0x7faaa11890) died
I/SurfaceFlinger(  320): EventThread Client Pid (31175) disconnected by (320)
D/ActivityManager(  918): removeDyingProviderLocked: cpr=ContentProviderRecord{1428d970 u0 com.oppo.market/color.support.v4.content.FileProvider} always=false inLaunching=false
I/SurfaceFlinger(  320): EventThread Client Pid (31175) disconnected by (320)
D/ActivityManager(  918): removeDyingProviderLocked: cpr=ContentProviderRecord{2444e4e9 u0 com.oppo.market/a.a.a.ald} always=false inLaunching=false
D/ActivityManager(  918): removeDyingProviderLocked: cpr=ContentProviderRecord{244aa56e u0 com.oppo.market/com.oppo.oaps.host.b} always=false inLaunching=false
D/ActivityManager(  918): removeDyingProviderLocked: cpr=ContentProviderRecord{1344240f u0 com.oppo.market/a.a.a.wh} always=false inLaunching=false
D/ActivityManager(  918): removeDyingProviderLocked: cpr=ContentProviderRecord{299a1c9c u0 com.oppo.market/a.a.a.wg} always=false inLaunching=false
I/PPS     (  918): [PPSNotifyAppState] nPackNum:1, pack:com.oppo.market, com:(null), state:3, pid:31246, last_boost_tid:-1
I/SurfaceFlinger(  320): [SF client] DEL(0x7fae8806c0) for (918:system_server)
D/WifiService(  918): Client connection lost with reason: 4
I/OppoPhoneWindowManager(  918): KeyLockModeReceiver KeyLockMode: 0 ProcessName: com.oppo.market
D/AlarmManager(  918): UninstallReceiver  action = android.intent.action.PACKAGE_RESTARTED
D/JobSchedulerService(  918): Receieved: android.intent.action.PACKAGE_RESTARTED
D/ActivityThread(32169): installProvider: context.getPackageName()=com.coloros.notificationmanager
D/WifiService(  918): Client connection lost with reason: 4
I/PackageSettings(  918): skip set stop state for gamecenter
I/ActivityManager(  918): Force stopping com.nearme.gamecenter appid=10057 user=0: from pid 32049
W/ContextImpl(  918): Calling a method in the system process without a qualified user: android.app.ContextImpl.sendBroadcast:1539 com.android.server.am.OppoExtraActivityManagerService.setKeyLockModeNormal:47 com.android.server.am.ActivityManagerService.forceStopPackageLocked:7891 com.android.server.am.ActivityManagerService.forceStopPackageLocked:7685 com.android.server.am.ActivityManagerService.forceStopPackage:7479 
I/ActivityManager(  918): Killing 31293:com.nearme.gamecenter/u0a57 (adj 11): stop com.nearme.gamecenter
D/ActivityManager(  918): SVC-handleAppDiedLocked: app = ProcessRecord{27fde6a5 31293:com.nearme.gamecenter/u0a57}, app.pid = 31293
D/ActivityManager(  918): removeDyingProviderLocked: cpr=ContentProviderRecord{2bffaa7a u0 com.nearme.gamecenter/color.support.v4.content.FileProvider} always=false inLaunching=false
D/ActivityManager(  918): removeDyingProviderLocked: cpr=ContentProviderRecord{3628f22b u0 com.nearme.gamecenter/a.a.a.ajq} always=false inLaunching=false
D/ActivityManager(  918): removeDyingProviderLocked: cpr=ContentProviderRecord{17a6688 u0 com.nearme.gamecenter/a.a.a.ajp} always=false inLaunching=false
D/ActivityManager(  918): removeDyingProviderLocked: cpr=ContentProviderRecord{18b4821 u0 com.nearme.gamecenter/com.oppo.oaps.host.b} always=false inLaunching=false
D/ActivityManager(  918): removeDyingProviderLocked: cpr=ContentProviderRecord{2cdf446 u0 com.nearme.gamecenter/a.a.a.pq} always=false inLaunching=false
I/PPS     (  918): [PPSNotifyAppState] nPackNum:1, pack:com.nearme.gamecenter, com:(null), state:3, pid:31293, last_boost_tid:-1
I/ActivityManager(  918): Killing 31455:com.nearme.gamecenter:dcs/u0a57 (adj 11): stop com.nearme.gamecenter
D/ActivityManager(  918): SVC-handleAppDiedLocked: app = ProcessRecord{26428607 31455:com.nearme.gamecenter:dcs/u0a57}, app.pid = 31455
I/PPS     (  918): [PPSNotifyAppState] nPackNum:1, pack:com.nearme.gamecenter, com:(null), state:3, pid:31455, last_boost_tid:-1
I/OppoPhoneWindowManager(  918): KeyLockModeReceiver KeyLockMode: 0 ProcessName: com.nearme.gamecenter
D/AlarmManager(  918): UninstallReceiver  action = android.intent.action.PACKAGE_RESTARTED
D/JobSchedulerService(  918): Receieved: android.intent.action.PACKAGE_RESTARTED
D/ActivityThread(30142): hoder:android.app.IActivityManager$ContentProviderHolder@30eba2f5,provider,holder.Provider:android.content.ContentProviderProxy@1e79388a
I/NotificationManagerApplication(32169): application of notificationManager oncreate
D/NotificationCenter.Util(32169): isLoaclConfigFilesExist /data/user/0/com.coloros.notificationmanager/files
D/NotificationCenter.Util(32169): init get local file 
D/NotificationCenter.Util(32169): convertXMLToConfig:20170718
D/WifiService(  918): Client connection lost with reason: 4
I/ActivityManager(  918): Force stopping com.oppo.usercenter appid=10065 user=0: from pid 32049
W/ContextImpl(  918): Calling a method in the system process without a qualified user: android.app.ContextImpl.sendBroadcast:1539 com.android.server.am.OppoExtraActivityManagerService.setKeyLockModeNormal:47 com.android.server.am.ActivityManagerService.forceStopPackageLocked:7891 com.android.server.am.ActivityManagerService.forceStopPackageLocked:7685 com.android.server.am.ActivityManagerService.forceStopPackage:7479 
I/ActivityManager(  918): Killing 29932:com.oppo.usercenter/u0a65 (adj 11): stop com.oppo.usercenter
D/ActivityManager(  918): SVC-handleAppDiedLocked: app = ProcessRecord{3f936334 29932:com.oppo.usercenter/u0a65}, app.pid = 29932
D/ActivityManager(  918): removeDyingProviderLocked: cpr=ContentProviderRecord{2833455d u0 com.oppo.usercenter/.common.db.UserCenterContentProvider} always=false inLaunching=false
I/PPS     (  918): [PPSNotifyAppState] nPackNum:1, pack:com.oppo.usercenter, com:(null), state:3, pid:29932, last_boost_tid:-1
I/OppoPhoneWindowManager(  918): KeyLockModeReceiver KeyLockMode: 0 ProcessName: com.oppo.usercenter
D/AlarmManager(  918): UninstallReceiver  action = android.intent.action.PACKAGE_RESTARTED
D/JobSchedulerService(  918): Receieved: android.intent.action.PACKAGE_RESTARTED
I/ActivityManager(  918): Force stopping com.android.browser appid=10061 user=0: from pid 32049
