D/NativeCrypto(31867): ssl=0xf4488a00 info_callback ignored
D/NativeCrypto(31867): ssl=0xf4488a00 info_callback where=0x1001 ret=1
D/NativeCrypto(31867): ssl=0xf4488a00 SSL_connect:3WFINA SSLv3 write finished A
D/NativeCrypto(31867): ssl=0xf4488a00 info_callback ignored
D/NativeCrypto(31867): ssl=0xf4488a00 info_callback where=0x1001 ret=1
D/NativeCrypto(31867): ssl=0xf4488a00 SSL_connect:3FLUSH SSLv3 flush data
D/NativeCrypto(31867): ssl=0xf4488a00 info_callback ignored
D/NativeCrypto(31867): ssl=0xf4488a00 info_callback where=0x1002 ret=-1
D/NativeCrypto(31867): ssl=0xf4488a00 SSL_connect:error exit in UNKWN  SSLv3 read server session ticket A
D/NativeCrypto(31867): ssl=0xf4488a00 info_callback ignored
D/NativeCrypto(31867): doing handshake -- ret=-1
D/NativeCrypto(31867): ssl=0xf4488a00 NativeCrypto_SSL_do_handshake ret=-1 errno=11 sslError=2 timeout_millis=0
W/ContextImpl(31901): Failed to ensure directory: /storage/sdcard1/Android/data/com.idotools.qrcode/files/tbslog, /storage/sdcard1 has not mounted right now
W/ContextImpl(31901): Failed to ensure directory: /storage/sdcard1/Android/data/com.idotools.qrcode/files/tbslog
D/NativeCrypto(31867): doing handshake ++
D/NativeCrypto(31867): ssl=0xf4488a00 info_callback where=0x1001 ret=1
D/NativeCrypto(31867): ssl=0xf4488a00 SSL_connect:UNKWN  SSLv3 read server session ticket A
D/NativeCrypto(31867): ssl=0xf4488a00 info_callback ignored
D/NativeCrypto(31867): ssl=0xf4488a00 info_callback where=0x1001 ret=1
D/NativeCrypto(31867): ssl=0xf4488a00 SSL_connect:3RFINA SSLv3 read finished A
D/NativeCrypto(31867): ssl=0xf4488a00 info_callback ignored
D/NativeCrypto(31867): ssl=0xf4488a00 info_callback where=0x20 ret=1
D/NativeCrypto(31867): ssl=0xf4488a00 handshake done in SSLOK  SSL negotiation finished successfully
D/NativeCrypto(31867): ssl=0xf4488a00 info_callback calling handshakeCompleted
D/NativeCrypto(31867): ssl=0xf4488a00 info_callback completed
D/NativeCrypto(31867): ssl=0xf4488a00 info_callback where=0x1002 ret=1
D/NativeCrypto(31867): ssl=0xf4488a00 SSL_connect:ok exit in SSLOK  SSL negotiation finished successfully
D/NativeCrypto(31867): ssl=0xf4488a00 info_callback ignored
D/NativeCrypto(31867): doing handshake -- ret=1
D/NativeCrypto(31867): ssl=0xf4488a00 NativeCrypto_SSL_get_certificate => NULL
I/System.out(31867): gba_cipher_suite:TLS_ECDHE_RSA_WITH_AES_128_GCM_SHA256
I/System.out(31867): [CDS]SO_SND_TIMEOUT:0
I/System.out(31867): [OkHttp] sendRequest<<
D/NativeCrypto(31867): ssl=0xf4488a00 sslWrite buf=0xf44c5800 len=591 write_timeout_millis=0
D/NativeCrypto(31867): ssl=0xf4488a00 sslRead buf=0xf44c5800 len=2048,timeo=0
I/crash_recorder(31901): JNI_OnLoad at vm:0xf449f200
I/crash_recorder(31901): starting registerNativeSignalAction...
V/NotificationService(  918): notifications are disabled by AppOps for com.idotools.qrcode
E/NotificationService(  918): Suppressing notification from package com.idotools.qrcode by user request.
E/NotificationService(  918): Suppressing notification from package com.idotools.qrcode by user request, and Notification.FLAG = 50, and when = 1546931108852
D/sspelf  (31867): [INotifiMgr] application refresh notifi!!  Limit:5
D/MPlugin (31901): createInstance(): Begin = 118209806
D/MPlugin (31901): create Instance (two parameters) with : com.mediatek.common.telephony.IOnlyOwnerSimSupport
D/MPlugin (31901): Clazz exists on mapping table : false
E/MPlugin (31901): Unsupported class: com.mediatek.common.telephony.IOnlyOwnerSimSupport
D/MPlugin (31901): createInstance(): End = 118209806
I/ActivityManager(  918): Start proc 31931:com.idotools.qrcode/u0a138 for service com.idotools.qrcode/com.getui.gtc.GtcService
D/ActivityThread(31901): hoder:android.app.IActivityManager$ContentProviderHolder@3e057615,provider,holder.Provider:android.content.ContentProviderProxy@3b8bdd2a
D/usage_raw_part(  918): write content:current_data_size = 1023
D/usage_raw_part(  918): write content:dataContentBuffer = com.idotools.qrcode|2019-01-08 15:05:08
D/usage_raw_part(  918): write content:current_item_index = 726
D/usage_raw_part(  918): write content:maxItemSize = 1023
D/usage_raw_part(  918): write content in replace mode, current index:726
D/usage_raw_part(  918): write content in replace mode, save item content res:39
D/usage_raw_part(  918): write content in replace mode, save new item index res:32
D/OppoUsageService(  918): writeHistoryRecord[AppUsage], saveRes = 1
W/linker  (31867): libnative-ghosty.so: unused DT entry: type 0x6ffffffe arg 0x116c
W/linker  (31867): libnative-ghosty.so: unused DT entry: type 0x6fffffff arg 0x1
W/NGhosty (31867): version code: 1000
W/AccountManagerService(  918): insertAccountIntoDatabase: Account {name=com.idotools.qrcode.ghosty, type=com.idotools.qrcode.ghosty.account}, skipping since the account already exists
D/NGhosty (31959): Accepting connections ...
E/Parcel  (31901): Reading a NULL string not supported here.
D/MALI    (31958): osup_destructor:169: osup_destructor
D/ActivityThread(31931): installProvider: context.getPackageName()=com.idotools.qrcode
E/Parcel  (31901): Reading a NULL string not supported here.
I/art     (  918): Background sticky concurrent mark sweep GC freed 54431(4MB) AllocSpace objects, 10(200KB) LOS objects, 9% free, 45MB/50MB, paused 8.396ms total 83.314ms
I/System.out(31867): Close in OkHttp
D/NativeCrypto(31867): ssl=0xf4488a00 NativeCrypto_SSL_interrupt
D/NativeCrypto(31867):  sslNotify, appData=0xf45504c0 ret=1
D/NativeCrypto(31867):  sslNotify, appData=0xf45504c0 ret=1
D/NativeCrypto(31867): ssl=0xf4488a00 info_callback where=0x4008 ret=256
D/NativeCrypto(31867): ssl=0xf4488a00 SSL3 alert write:W:CN warning close notify
D/NativeCrypto(31867): ssl=0xf4488a00 info_callback ignored
I/System.out(31867): [CDS]close[55899]
W/ContextImpl(31931): Failed to ensure directory: /storage/sdcard1/Android/data/com.idotools.qrcode/files/tbslog, /storage/sdcard1 has not mounted right now
W/ContextImpl(31931): Failed to ensure directory: /storage/sdcard1/Android/data/com.idotools.qrcode/files/tbslog
E/Parcel  (31901): Reading a NULL string not supported here.
I/System.out(31901): open:https://log.tbs.qq.com/ajax?c=dl&k=24e65e92247c71bd09c33d4cdaf2ed54
I/System.out(31901): Not need to boost!
I/System.out(31901): [CDS][DNS] getAllByNameImpl netId = 0
D/libc-netbsd(31901): [getaddrinfo]: mtk hostname=log.tbs.qq.com; servname=(null); cache_mode=(null), netid=0; mark=0; app_uid=10138; ai_addrlen=0; ai_canonname=(null); ai_flags=4; ai_family=0
D/libc-netbsd(31901): [getaddrinfo]: mtk hostname=log.tbs.qq.com; servname=(null); cache_mode=(null), netid=0; mark=0; app_uid=10138; ai_addrlen=0; ai_canonname=(null); ai_flags=1024; ai_family=0
D/FrameworkListener(  342): dispatchCommand data = (getaddrinfo log.tbs.qq.com ^ 1024 0 1 0 0)
D/libc-netbsd(  342): [getaddrinfo]: mtk hostname=log.tbs.qq.com; servname=(null); cache_mode=local, netid=101; mark=917605; app_uid=0; ai_addrlen=0; ai_canonname=(null); ai_flags=1024; ai_family=0
D/libc-netbsd(  342): default dns: query_ipv6=0, query_ipv4=1
D/libc-netbsd(  342): res_queryN name = log.tbs.qq.com succeed
D/libc-netbsd(31901): getaddrinfo: log.tbs.qq.com get result from proxy >>
I/System.out(31901): [CDS]rx timeout:0
I/System.out(31901): [socket][0] connection log.tbs.qq.com/111.161.64.105:443;LocalPort=41705(20000)
I/System.out(31901): [CDS]connect[log.tbs.qq.com/111.161.64.105:443] tm:20
D/Posix   (31901): [Posix_connect Debug]Process com.idotools.qrcode:pushservice :443 
V/AlarmManager(  918): APP set(PendingIntent{2af6734f: PendingIntentRecord{202b5adc android broadcastIntent}}) : type=3 triggerAtTime=514023427 win=-1 tElapsed=514023427 maxElapsed=514068426 interval=0 standalone=false alarmClockInfo = null
D/AlarmManager(  918): remove(operation) changed bounds; rebatching operation = PendingIntent{2af6734f: PendingIntentRecord{202b5adc android broadcastIntent}}
D/AlarmManager(  918): setLocked set alarm to RTC wakeup type = 2, when = 513964216
V/AlarmManager(  918): APP set(PendingIntent{1184b2ba: PendingIntentRecord{19d0f56b android broadcastIntent}}) : type=3 triggerAtTime=514023427 win=-1 tElapsed=514023427 maxElapsed=514068424 interval=0 standalone=false alarmClockInfo = null
D/AlarmManager(  918): remove(operation) changed bounds; rebatching operation = PendingIntent{1184b2ba: PendingIntentRecord{19d0f56b android broadcastIntent}}
V/AlarmManager(  918): APP set(PendingIntent{248148c8: PendingIntentRecord{1e91d61 android broadcastIntent}}) : type=2 triggerAtTime=514083431 win=-1 tElapsed=514083431 maxElapsed=514173430 interval=0 standalone=false alarmClockInfo = null
D/AlarmManager(  918): remove(operation) changed bounds; rebatching operation = PendingIntent{248148c8: PendingIntentRecord{1e91d61 android broadcastIntent}}
V/AlarmManager(  918): APP set(PendingIntent{248148c8: PendingIntentRecord{1e91d61 android broadcastIntent}}) : type=2 triggerAtTime=514083434 win=-1 tElapsed=514083434 maxElapsed=514173434 interval=0 standalone=false alarmClockInfo = null
D/AlarmManager(  918): remove(operation) changed bounds; rebatching operation = PendingIntent{248148c8: PendingIntentRecord{1e91d61 android broadcastIntent}}
D/AlarmManager(  918): setLocked set alarm to RTC wakeup type = 2, when = 513964217
V/AlarmManager(  918): APP set(PendingIntent{248148c8: PendingIntentRecord{1e91d61 android broadcastIntent}}) : type=2 triggerAtTime=514083436 win=-1 tElapsed=514083436 maxElapsed=514173435 interval=0 standalone=false alarmClockInfo = null
D/AlarmManager(  918): remove(operation) changed bounds; rebatching operation = PendingIntent{248148c8: PendingIntentRecord{1e91d61 android broadcastIntent}}
D/AlarmManager(  918): setLocked set alarm to RTC wakeup type = 2, when = 513964216
E/Parcel  (31901): Reading a NULL string not supported here.
V/AlarmManager(  918): APP set(PendingIntent{248148c8: PendingIntentRecord{1e91d61 android broadcastIntent}}) : type=2 triggerAtTime=514083439 win=-1 tElapsed=514083439 maxElapsed=514173439 interval=0 standalone=false alarmClockInfo = null
D/AlarmManager(  918): remove(operation) changed bounds; rebatching operation = PendingIntent{248148c8: PendingIntentRecord{1e91d61 android broadcastIntent}}
D/AlarmManager(  918): setLocked set alarm to RTC wakeup type = 2, when = 513964217
V/AlarmManager(  918): APP set(PendingIntent{248148c8: PendingIntentRecord{1e91d61 android broadcastIntent}}) : type=2 triggerAtTime=514083442 win=-1 tElapsed=514083442 maxElapsed=514173442 interval=0 standalone=false alarmClockInfo = null
D/AlarmManager(  918): remove(operation) changed bounds; rebatching operation = PendingIntent{248148c8: PendingIntentRecord{1e91d61 android broadcastIntent}}
D/AlarmManager(  918): setLocked set alarm to RTC wakeup type = 2, when = 513964216
V/AlarmManager(  918): APP set(PendingIntent{248148c8: PendingIntentRecord{1e91d61 android broadcastIntent}}) : type=2 triggerAtTime=514083444 win=-1 tElapsed=514083444 maxElapsed=514173441 interval=0 standalone=false alarmClockInfo = null
D/AlarmManager(  918): remove(operation) changed bounds; rebatching operation = PendingIntent{248148c8: PendingIntentRecord{1e91d61 android broadcastIntent}}
V/AlarmManager(  918): APP set(PendingIntent{248148c8: PendingIntentRecord{1e91d61 android broadcastIntent}}) : type=2 triggerAtTime=514083450 win=-1 tElapsed=514083450 maxElapsed=514173450 interval=0 standalone=false alarmClockInfo = null
D/AlarmManager(  918): remove(operation) changed bounds; rebatching operation = PendingIntent{248148c8: PendingIntentRecord{1e91d61 android broadcastIntent}}
D/AlarmManager(  918): setLocked set alarm to RTC wakeup type = 2, when = 513964217
I/System.out(31901): [socket][/172.30.0.20:41705] connected
V/AlarmManager(  918): APP set(PendingIntent{248148c8: PendingIntentRecord{1e91d61 android broadcastIntent}}) : type=2 triggerAtTime=514083452 win=-1 tElapsed=514083452 maxElapsed=514173451 interval=0 standalone=false alarmClockInfo = null
D/AlarmManager(  918): remove(operation) changed bounds; rebatching operation = PendingIntent{248148c8: PendingIntentRecord{1e91d61 android broadcastIntent}}
D/AlarmManager(  918): setLocked set alarm to RTC wakeup type = 2, when = 513964216
D/libc-netbsd(31901): [getaddrinfo]: mtk hostname=log.tbs.qq.com; servname=(null); cache_mode=(null), netid=0; mark=0; app_uid=10138; ai_addrlen=0; ai_canonname=(null); ai_flags=4; ai_family=0
D/NativeCrypto(31901): ssl=0xf4488a00 NativeCrypto_SSL_do_handshake fd=0xdf3cc590 shc=0xdf3cc594 timeout_millis=0 client_mode=1 npn=0x0
D/NativeCrypto(31901): doing handshake ++
D/NativeCrypto(31901): ssl=0xf4488a00 info_callback where=0x10 ret=1
D/NativeCrypto(31901): ssl=0xf4488a00 handshake start in UNKWN  before/connect initialization
D/NativeCrypto(31901): ssl=0xf4488a00 info_callback calling handshakeCompleted
D/NativeCrypto(31901): ssl=0xf4488a00 info_callback completed
D/NativeCrypto(31901): ssl=0xf4488a00 info_callback where=0x1001 ret=1
D/NativeCrypto(31901): ssl=0xf4488a00 SSL_connect:UNKWN  before/connect initialization
D/NativeCrypto(31901): ssl=0xf4488a00 info_callback ignored
D/NativeCrypto(31901): ssl=0xf4488a00 info_callback where=0x1001 ret=1
D/NativeCrypto(31901): ssl=0xf4488a00 SSL_connect:23WCHA SSLv2/v3 write client hello A
D/NativeCrypto(31901): ssl=0xf4488a00 info_callback ignored
D/NativeCrypto(31901): ssl=0xf4488a00 info_callback where=0x1002 ret=-1
D/NativeCrypto(31901): ssl=0xf4488a00 SSL_connect:error exit in 23RSHA SSLv2/v3 read server hello A
D/NativeCrypto(31901): ssl=0xf4488a00 info_callback ignored
D/NativeCrypto(31901): doing handshake -- ret=-1
W/NGhosty (31867): version code: 1000
D/NativeCrypto(31901): ssl=0xf4488a00 NativeCrypto_SSL_do_handshake ret=-1 errno=11 sslError=2 timeout_millis=0
W/NGhosty (31867): Being monitored!
V/Ghosty  (31867): [com.idotools.qrcode/Ghosty] onPerformSync authority: com.idotools.qrcode.ghosty.provider
E/Parcel  (31901): Reading a NULL string not supported here.
I/crash_recorder(31931): JNI_OnLoad at vm:0xf449f200
I/crash_recorder(31931): starting registerNativeSignalAction...
D/MPlugin (31931): createInstance(): Begin = 118210069
D/MPlugin (31931): create Instance (two parameters) with : com.mediatek.common.telephony.IOnlyOwnerSimSupport
D/MPlugin (31931): Clazz exists on mapping table : false
E/MPlugin (31931): Unsupported class: com.mediatek.common.telephony.IOnlyOwnerSimSupport
D/MPlugin (31931): createInstance(): End = 118210069
D/UsbDeviceManager(  918): onReceive - BATTERY_CHANGED - mPlugType: 2, mSettingUsbCharging: false, mConnected: true, mSettingUsbBicr: false
D/WifiService(  918): onReceive, action:android.intent.action.BATTERY_CHANGED
D/HeadsetStateMachine( 3395): Disconnected process message: 10, size: 0
D/NativeCrypto(31901): doing handshake ++
D/NativeCrypto(31901): ssl=0xf4488a00 info_callback where=0x1001 ret=1
D/NativeCrypto(31901): ssl=0xf4488a00 SSL_connect:3RSH_A SSLv3 read server hello A
D/NativeCrypto(31901): ssl=0xf4488a00 info_callback ignored
D/NativeCrypto(31901): ssl=0xf4488a00 info_callback where=0x1002 ret=-1
D/NativeCrypto(31901): ssl=0xf4488a00 SSL_connect:error exit in 3RSC_A SSLv3 read server certificate A
D/NativeCrypto(31901): ssl=0xf4488a00 info_callback ignored
D/NativeCrypto(31901): ssl=0xf4488a00 info_callback where=0x1002 ret=-1
D/NativeCrypto(31901): ssl=0xf4488a00 SSL_connect:error exit in 3RSC_A SSLv3 read server certificate A
D/NativeCrypto(31901): ssl=0xf4488a00 info_callback ignored
D/NativeCrypto(31901): doing handshake -- ret=-1
D/NativeCrypto(31901): ssl=0xf4488a00 NativeCrypto_SSL_do_handshake ret=-1 errno=11 sslError=2 timeout_millis=0
D/NativeCrypto(31901): doing handshake ++
E/NativeCrypto(31901): ssl=0xf4488a00 cert_verify_callback x509_store_ctx=0xdf3cc3d0 arg=0x0
E/NativeCrypto(31901): ssl=0xf4488a00 cert_verify_callback calling verifyCertificateChain authMethod=ECDHE_RSA
I/Ghosty  (31901): [com.idotools.qrcode/Ghosty] VersionCode: 1202
D/ActivityThread(31931): hoder:android.app.IActivityManager$ContentProviderHolder@3b8bdd2a,provider,holder.Provider:android.content.ContentProviderProxy@306c271b
V/Ghosty  (31867): [com.idotools.qrcode/Ghosty] onPerformSync authority: com.idotools.qrcode.ghosty.provider
D/NativeCrypto(31901): ssl=0xf4488a00 cert_verify_callback => 1
D/NativeCrypto(31901): ssl=0xf4488a00 info_callback where=0x1001 ret=1
D/NativeCrypto(31901): ssl=0xf4488a00 SSL_connect:3RSC_A SSLv3 read server certificate A
D/NativeCrypto(31901): ssl=0xf4488a00 info_callback ignored
D/NativeCrypto(31901): ssl=0xf4488a00 info_callback where=0x1002 ret=-1
D/NativeCrypto(31901): ssl=0xf4488a00 SSL_connect:error exit in 3RSKEA SSLv3 read server key exchange A
D/NativeCrypto(31901): ssl=0xf4488a00 info_callback ignored
D/NativeCrypto(31901): doing handshake -- ret=-1
D/NativeCrypto(31901): ssl=0xf4488a00 NativeCrypto_SSL_do_handshake ret=-1 errno=11 sslError=2 timeout_millis=0
D/NativeCrypto(31901): doing handshake ++
D/NativeCrypto(31901): ssl=0xf4488a00 info_callback where=0x1001 ret=1
D/NativeCrypto(31901): ssl=0xf4488a00 SSL_connect:3RSKEA SSLv3 read server key exchange A
D/NativeCrypto(31901): ssl=0xf4488a00 info_callback ignored
D/NativeCrypto(31901): ssl=0xf4488a00 info_callback where=0x1001 ret=1
D/NativeCrypto(31901): ssl=0xf4488a00 SSL_connect:3RSD_A SSLv3 read server done A
D/NativeCrypto(31901): ssl=0xf4488a00 info_callback ignored
D/NativeCrypto(31901): ssl=0xf4488a00 info_callback where=0x1001 ret=1
D/NativeCrypto(31901): ssl=0xf4488a00 SSL_connect:3WCKEA SSLv3 write client key exchange A
D/NativeCrypto(31901): ssl=0xf4488a00 info_callback ignored
D/NativeCrypto(31901): ssl=0xf4488a00 info_callback where=0x1001 ret=1
D/NativeCrypto(31901): ssl=0xf4488a00 SSL_connect:3WCCSA SSLv3 write change cipher spec A
D/NativeCrypto(31901): ssl=0xf4488a00 info_callback ignored
D/NativeCrypto(31901): ssl=0xf4488a00 info_callback where=0x1001 ret=1
D/NativeCrypto(31901): ssl=0xf4488a00 SSL_connect:3WFINA SSLv3 write finished A
D/NativeCrypto(31901): ssl=0xf4488a00 info_callback ignored
D/NativeCrypto(31901): ssl=0xf4488a00 info_callback where=0x1001 ret=1
D/NativeCrypto(31901): ssl=0xf4488a00 SSL_connect:3FLUSH SSLv3 flush data
D/NativeCrypto(31901): ssl=0xf4488a00 info_callback ignored
D/NativeCrypto(31901): ssl=0xf4488a00 info_callback where=0x1002 ret=-1
D/NativeCrypto(31901): ssl=0xf4488a00 SSL_connect:error exit in UNKWN  SSLv3 read server session ticket A
D/NativeCrypto(31901): ssl=0xf4488a00 info_callback ignored
D/NativeCrypto(31901): doing handshake -- ret=-1
D/NativeCrypto(31901): ssl=0xf4488a00 NativeCrypto_SSL_do_handshake ret=-1 errno=11 sslError=2 timeout_millis=0
E/Parcel  (31931): Reading a NULL string not supported here.
D/NativeCrypto(31901): doing handshake ++
D/NativeCrypto(31901): ssl=0xf4488a00 info_callback where=0x1001 ret=1
D/NativeCrypto(31901): ssl=0xf4488a00 SSL_connect:UNKWN  SSLv3 read server session ticket A
D/NativeCrypto(31901): ssl=0xf4488a00 info_callback ignored
D/NativeCrypto(31901): ssl=0xf4488a00 info_callback where=0x1001 ret=1
D/NativeCrypto(31901): ssl=0xf4488a00 SSL_connect:3RFINA SSLv3 read finished A
D/NativeCrypto(31901): ssl=0xf4488a00 info_callback ignored
D/NativeCrypto(31901): ssl=0xf4488a00 info_callback where=0x20 ret=1
D/NativeCrypto(31901): ssl=0xf4488a00 handshake done in SSLOK  SSL negotiation finished successfully
D/NativeCrypto(31901): ssl=0xf4488a00 info_callback calling handshakeCompleted
D/NativeCrypto(31901): ssl=0xf4488a00 info_callback completed
D/NativeCrypto(31901): ssl=0xf4488a00 info_callback where=0x1002 ret=1
D/NativeCrypto(31901): ssl=0xf4488a00 SSL_connect:ok exit in SSLOK  SSL negotiation finished successfully
D/NativeCrypto(31901): ssl=0xf4488a00 info_callback ignored
D/NativeCrypto(31901): doing handshake -- ret=1
D/NativeCrypto(31901): ssl=0xf4488a00 NativeCrypto_SSL_get_certificate => NULL
I/System.out(31901): gba_cipher_suite:TLS_ECDHE_RSA_WITH_AES_128_GCM_SHA256
I/System.out(31901): [CDS]SO_SND_TIMEOUT:0
I/System.out(31901): [OkHttp] sendRequest<<
D/NativeCrypto(31901): ssl=0xf4488a00 sslWrite buf=0xf44ba800 len=903 write_timeout_millis=0
D/NativeCrypto(31901): ssl=0xf4488a00 sslRead buf=0xf44ba800 len=2048,timeo=0
I/System.out(31931): open:https://log.tbs.qq.com/ajax?c=dl&k=2d27474513d9a531051bc5f7559ff74f
I/System.out(31931): Not need to boost!
I/System.out(31931): [CDS][DNS] getAllByNameImpl netId = 0
D/libc-netbsd(31931): [getaddrinfo]: mtk hostname=log.tbs.qq.com; servname=(null); cache_mode=(null), netid=0; mark=0; app_uid=10138; ai_addrlen=0; ai_canonname=(null); ai_flags=4; ai_family=0
D/libc-netbsd(31931): [getaddrinfo]: mtk hostname=log.tbs.qq.com; servname=(null); cache_mode=(null), netid=0; mark=0; app_uid=10138; ai_addrlen=0; ai_canonname=(null); ai_flags=1024; ai_family=0
D/FrameworkListener(  342): dispatchCommand data = (getaddrinfo log.tbs.qq.com ^ 1024 0 1 0 0)
D/libc-netbsd(  342): [getaddrinfo]: mtk hostname=log.tbs.qq.com; servname=(null); cache_mode=local, netid=101; mark=917605; app_uid=0; ai_addrlen=0; ai_canonname=(null); ai_flags=1024; ai_family=0
D/libc-netbsd(  342): default dns: query_ipv6=0, query_ipv4=1
D/libc-netbsd(  342): res_queryN name = log.tbs.qq.com succeed
D/libc-netbsd(31931): getaddrinfo: log.tbs.qq.com get result from proxy >>
I/System.out(31931): [CDS]rx timeout:0
I/System.out(31931): [socket][0] connection log.tbs.qq.com/111.161.64.105:443;LocalPort=53263(20000)
I/System.out(31931): [CDS]connect[log.tbs.qq.com/111.161.64.105:443] tm:20
D/MPlugin (31901): createInstance(): Begin = 118210159
D/Posix   (31931): [Posix_connect Debug]Process com.idotools.qrcode :443 
D/MPlugin (31901): create Instance (two parameters) with : com.mediatek.common.telephony.IOnlyOwnerSimSupport
D/MPlugin (31901): Clazz exists on mapping table : false
E/MPlugin (31901): Unsupported class: com.mediatek.common.telephony.IOnlyOwnerSimSupport
D/MPlugin (31901): createInstance(): End = 118210159
E/Parcel  (31931): Reading a NULL string not supported here.
I/System.out(31931): [socket][/172.30.0.20:53263] connected
D/libc-netbsd(31931): [getaddrinfo]: mtk hostname=log.tbs.qq.com; servname=(null); cache_mode=(null), netid=0; mark=0; app_uid=10138; ai_addrlen=0; ai_canonname=(null); ai_flags=4; ai_family=0
D/NativeCrypto(31931): ssl=0xf4488a00 NativeCrypto_SSL_do_handshake fd=0xdf3cc590 shc=0xdf3cc594 timeout_millis=0 client_mode=1 npn=0x0
D/NativeCrypto(31931): doing handshake ++
D/NativeCrypto(31931): ssl=0xf4488a00 info_callback where=0x10 ret=1
D/NativeCrypto(31931): ssl=0xf4488a00 handshake start in UNKWN  before/connect initialization
D/NativeCrypto(31931): ssl=0xf4488a00 info_callback calling handshakeCompleted
D/NativeCrypto(31931): ssl=0xf4488a00 info_callback completed
D/NativeCrypto(31931): ssl=0xf4488a00 info_callback where=0x1001 ret=1
D/NativeCrypto(31931): ssl=0xf4488a00 SSL_connect:UNKWN  before/connect initialization
D/NativeCrypto(31931): ssl=0xf4488a00 info_callback ignored
D/NativeCrypto(31931): ssl=0xf4488a00 info_callback where=0x1001 ret=1
D/NativeCrypto(31931): ssl=0xf4488a00 SSL_connect:23WCHA SSLv2/v3 write client hello A
D/NativeCrypto(31931): ssl=0xf4488a00 info_callback ignored
D/NativeCrypto(31931): ssl=0xf4488a00 info_callback where=0x1002 ret=-1
D/NativeCrypto(31931): ssl=0xf4488a00 SSL_connect:error exit in 23RSHA SSLv2/v3 read server hello A
D/NativeCrypto(31931): ssl=0xf4488a00 info_callback ignored
D/NativeCrypto(31931): doing handshake -- ret=-1
D/NativeCrypto(31931): ssl=0xf4488a00 NativeCrypto_SSL_do_handshake ret=-1 errno=11 sslError=2 timeout_millis=0
E/Parcel  (31931): Reading a NULL string not supported here.
I/System.out(31901): Close in OkHttp
D/NativeCrypto(31901): ssl=0xf4488a00 NativeCrypto_SSL_interrupt
D/NativeCrypto(31901):  sslNotify, appData=0xf45504c0 ret=1
D/NativeCrypto(31901):  sslNotify, appData=0xf45504c0 ret=1
D/NativeCrypto(31901): ssl=0xf4488a00 info_callback where=0x4008 ret=256
D/NativeCrypto(31901): ssl=0xf4488a00 SSL3 alert write:W:CN warning close notify
D/NativeCrypto(31901): ssl=0xf4488a00 info_callback ignored
I/System.out(31901): [CDS]close[41705]
D/NativeCrypto(31931): doing handshake ++
D/NativeCrypto(31931): ssl=0xf4488a00 info_callback where=0x1001 ret=1
D/NativeCrypto(31931): ssl=0xf4488a00 SSL_connect:3RSH_A SSLv3 read server hello A
D/NativeCrypto(31931): ssl=0xf4488a00 info_callback ignored
D/NativeCrypto(31931): ssl=0xf4488a00 info_callback where=0x1002 ret=-1
D/NativeCrypto(31931): ssl=0xf4488a00 SSL_connect:error exit in 3RSC_A SSLv3 read server certificate A
D/NativeCrypto(31931): ssl=0xf4488a00 info_callback ignored
D/NativeCrypto(31931): ssl=0xf4488a00 info_callback where=0x1002 ret=-1
D/NativeCrypto(31931): ssl=0xf4488a00 SSL_connect:error exit in 3RSC_A SSLv3 read server certificate A
D/NativeCrypto(31931): ssl=0xf4488a00 info_callback ignored
D/NativeCrypto(31931): doing handshake -- ret=-1
D/NativeCrypto(31931): ssl=0xf4488a00 NativeCrypto_SSL_do_handshake ret=-1 errno=11 sslError=2 timeout_millis=0
D/NativeCrypto(31931): doing handshake ++
D/NativeCrypto(31931): ssl=0xf4488a00 info_callback where=0x1002 ret=-1
D/NativeCrypto(31931): ssl=0xf4488a00 SSL_connect:error exit in 3RSC_A SSLv3 read server certificate A
D/NativeCrypto(31931): ssl=0xf4488a00 info_callback ignored
D/NativeCrypto(31931): doing handshake -- ret=-1
D/NativeCrypto(31931): ssl=0xf4488a00 NativeCrypto_SSL_do_handshake ret=-1 errno=11 sslError=2 timeout_millis=0
D/NativeCrypto(31931): doing handshake ++
E/NativeCrypto(31931): ssl=0xf4488a00 cert_verify_callback x509_store_ctx=0xdf3cc3d0 arg=0x0
E/NativeCrypto(31931): ssl=0xf4488a00 cert_verify_callback calling verifyCertificateChain authMethod=ECDHE_RSA
E/Parcel  (31931): Reading a NULL string not supported here.
I/Process (  918): get_ion_cache_memory gpu: 86176 KB
D/NativeCrypto(31931): ssl=0xf4488a00 cert_verify_callback => 1
D/NativeCrypto(31931): ssl=0xf4488a00 info_callback where=0x1001 ret=1
D/NativeCrypto(31931): ssl=0xf4488a00 SSL_connect:3RSC_A SSLv3 read server certificate A
D/NativeCrypto(31931): ssl=0xf4488a00 info_callback ignored
D/NativeCrypto(31931): ssl=0xf4488a00 info_callback where=0x1002 ret=-1
D/NativeCrypto(31931): ssl=0xf4488a00 SSL_connect:error exit in 3RSKEA SSLv3 read server key exchange A
D/NativeCrypto(31931): ssl=0xf4488a00 info_callback ignored
D/NativeCrypto(31931): doing handshake -- ret=-1
D/NativeCrypto(31931): ssl=0xf4488a00 NativeCrypto_SSL_do_handshake ret=-1 errno=11 sslError=2 timeout_millis=0
D/NativeCrypto(31931): doing handshake ++
D/NativeCrypto(31931): ssl=0xf4488a00 info_callback where=0x1001 ret=1
D/NativeCrypto(31931): ssl=0xf4488a00 SSL_connect:3RSKEA SSLv3 read server key exchange A
D/NativeCrypto(31931): ssl=0xf4488a00 info_callback ignored
D/NativeCrypto(31931): ssl=0xf4488a00 info_callback where=0x1001 ret=1
D/NativeCrypto(31931): ssl=0xf4488a00 SSL_connect:3RSD_A SSLv3 read server done A
D/NativeCrypto(31931): ssl=0xf4488a00 info_callback ignored
D/NativeCrypto(31931): ssl=0xf4488a00 info_callback where=0x1001 ret=1
D/NativeCrypto(31931): ssl=0xf4488a00 SSL_connect:3WCKEA SSLv3 write client key exchange A
D/NativeCrypto(31931): ssl=0xf4488a00 info_callback ignored
D/NativeCrypto(31931): ssl=0xf4488a00 info_callback where=0x1001 ret=1
D/NativeCrypto(31931): ssl=0xf4488a00 SSL_connect:3WCCSA SSLv3 write change cipher spec A
D/NativeCrypto(31931): ssl=0xf4488a00 info_callback ignored
D/NativeCrypto(31931): ssl=0xf4488a00 info_callback where=0x1001 ret=1
D/NativeCrypto(31931): ssl=0xf4488a00 SSL_connect:3WFINA SSLv3 write finished A
D/NativeCrypto(31931): ssl=0xf4488a00 info_callback ignored
D/NativeCrypto(31931): ssl=0xf4488a00 info_callback where=0x1001 ret=1
D/NativeCrypto(31931): ssl=0xf4488a00 SSL_connect:3FLUSH SSLv3 flush data
D/NativeCrypto(31931): ssl=0xf4488a00 info_callback ignored
D/NativeCrypto(31931): ssl=0xf4488a00 info_callback where=0x1002 ret=-1
D/NativeCrypto(31931): ssl=0xf4488a00 SSL_connect:error exit in UNKWN  SSLv3 read server session ticket A
D/NativeCrypto(31931): ssl=0xf4488a00 info_callback ignored
D/NativeCrypto(31931): doing handshake -- ret=-1
D/NativeCrypto(31931): ssl=0xf4488a00 NativeCrypto_SSL_do_handshake ret=-1 errno=11 sslError=2 timeout_millis=0
E/Parcel  (31931): Reading a NULL string not supported here.
E/Parcel  (31901): Reading a NULL string not supported here.
D/NativeCrypto(31931): doing handshake ++
D/NativeCrypto(31931): ssl=0xf4488a00 info_callback where=0x1001 ret=1
D/NativeCrypto(31931): ssl=0xf4488a00 SSL_connect:UNKWN  SSLv3 read server session ticket A
D/NativeCrypto(31931): ssl=0xf4488a00 info_callback ignored
D/NativeCrypto(31931): ssl=0xf4488a00 info_callback where=0x1001 ret=1
D/NativeCrypto(31931): ssl=0xf4488a00 SSL_connect:3RFINA SSLv3 read finished A
D/NativeCrypto(31931): ssl=0xf4488a00 info_callback ignored
D/NativeCrypto(31931): ssl=0xf4488a00 info_callback where=0x20 ret=1
D/NativeCrypto(31931): ssl=0xf4488a00 handshake done in SSLOK  SSL negotiation finished successfully
D/NativeCrypto(31931): ssl=0xf4488a00 info_callback calling handshakeCompleted
D/NativeCrypto(31931): ssl=0xf4488a00 info_callback completed
D/NativeCrypto(31931): ssl=0xf4488a00 info_callback where=0x1002 ret=1
D/NativeCrypto(31931): ssl=0xf4488a00 SSL_connect:ok exit in SSLOK  SSL negotiation finished successfully
D/NativeCrypto(31931): ssl=0xf4488a00 info_callback ignored
D/NativeCrypto(31931): doing handshake -- ret=1
D/NativeCrypto(31931): ssl=0xf4488a00 NativeCrypto_SSL_get_certificate => NULL
I/System.out(31931): gba_cipher_suite:TLS_ECDHE_RSA_WITH_AES_128_GCM_SHA256
I/System.out(31931): [CDS]SO_SND_TIMEOUT:0
I/System.out(31931): [OkHttp] sendRequest<<
D/NativeCrypto(31931): ssl=0xf4488a00 sslWrite buf=0xf44ba800 len=591 write_timeout_millis=0
D/NativeCrypto(31931): ssl=0xf4488a00 sslRead buf=0xf44ba800 len=2048,timeo=0
I/Ghosty  (31931): [com.idotools.qrcode/Ghosty] VersionCode: 1202
E/Parcel  (31901): Reading a NULL string not supported here.
E/Parcel  (31901): Reading a NULL string not supported here.
I/System.out(31931): Close in OkHttp
D/NativeCrypto(31931): ssl=0xf4488a00 NativeCrypto_SSL_interrupt
D/NativeCrypto(31931):  sslNotify, appData=0xf4550500 ret=1
D/NativeCrypto(31931):  sslNotify, appData=0xf4550500 ret=1
D/NativeCrypto(31931): ssl=0xf4488a00 info_callback where=0x4008 ret=256
D/NativeCrypto(31931): ssl=0xf4488a00 SSL3 alert write:W:CN warning close notify
D/NativeCrypto(31931): ssl=0xf4488a00 info_callback ignored
I/System.out(31931): [CDS]close[53263]
E/Parcel  (31901): Reading a NULL string not supported here.
D/OpenSSLLib(31931): OpensslErr:Module:13(114:155); file:external/openssl/crypto/asn1/asn1_lib.c ;Line:145;Function:ASN1_get_object
E/CheckPermission(31931): _bluetooth code = 1 
D/BluetoothManagerService(  918): Message: 20
D/BluetoothManagerService(  918): Added callback: android.bluetooth.IBluetoothManagerCallback$Stub$Proxy@f783a62:true
D/OpenSSLLib(31931): OpensslErr:Module:13(114:155); file:external/openssl/crypto/asn1/asn1_lib.c ;Line:145;Function:ASN1_get_object
E/CheckPermission(31931): _bluetooth code = 12 
D/BluetoothManagerService(  918): checkIfCallerIsForegroundUser: valid=true callingUser=0 parentUser=-10000 foregroundUser=0
D/BluetoothAdapterProperties( 3395): getAddress: mAddress = [B@330ee782
E/CheckPermission(31931): _bluetooth code = 13 
D/BluetoothManagerService(  918): checkIfCallerIsForegroundUser: valid=true callingUser=0 parentUser=-10000 foregroundUser=0
D/BluetoothAdapterProperties( 3395): getName: mName = OPPO A59s
D/WifiManager(31931): Enter init, sThreadRefCount:0
D/WifiService(  918): getWifiServiceMessenger, pid:31931, uid:10138
D/WifiManager(31931): Create WifiManager handlerthread
D/WifiService(  918): New client listening to asynchronous messages
E/Parcel  (31901): Reading a NULL string not supported here.
E/SensorManager(31931): RegisterListener GYROSCOPE type:4 delay:50000us by com.umeng.commonsdk.internal.utils.j$1
D/GTIntentService(31931): onReceiveServicePid -> 31901
D/SensorService(  918): Calling batch handle==4 flags=0rate=50000000 timeout== 0
D/SensorService(  918): SensorDevice::batch: ident=0x7f86ec9ac0, handle=0x00000004, flags=0, period_ns=50000000 timeout=0
D/SensorService(  918): 	>>> curr_period=-1 min_period=50000000 curr_timeout=-1 min_timeout=0
D/SensorService(  918): 	>>> actuating h/w BATCH 4 0 50000000 0
D/Sensors (  918): batch handle =3, flag=0, sampling=50000000, batchtimeout=0
E/Sensors (  918): handleToDriver handle(3)
E/Sensors (  918): handleToDriver handle(3)
D/GYRO    (  918): setDelay: (handle=3, ns=50000000)
E/Sensors (  918): new setDelay handle(3),ns(50000000)m, error(0), index(4)
E/GYRO    (  918): GYRO batch: handle:3, en:0,samplingPeriodNs:50000000, maxBatchReportLatencyNs:0 
D/GYRO    (  918): path:/sys/class/misc/m_gyro_misc/gyrobatch 
D/GYRO    (  918): GYRO batch(0) done
E/Sensors (  918): sensor 3 go to common batch
D/BATCH   (  918): no batch control attr
D/SensorService(  918): Calling activate on 4
D/SensorService(  918): SensorDevice::activate: ident=0x7f86ec9ac0, handle=0x00000004, enabled=1, count=1
D/SensorService(  918): enable index=0
D/SensorService(  918): 	>>> actuating h/w activate handle=4 enabled=1
D/Sensors (  918): activate handle =3, enable = 1
E/Sensors (  918): handleToDriver handle(3)
D/Sensors (  918): use new sensor index=4, mSensors[index](aaafc000)
D/Sensors (  918): support batch active 
D/BATCH   (  918): no batch control attr
D/GYRO    (  918): Gyro enable: handle:3, en:1 
D/GYRO    (  918): path:/sys/class/misc/m_gyro_misc/gyroactive 
D/GYRO    (  918): Gyro enable(1) done
I/System.out(31901): [CDS][DNS] getAllByNameImpl netId = 0
D/libc-netbsd(31901): [getaddrinfo]: mtk hostname=183.131.1.89; servname=(null); cache_mode=(null), netid=0; mark=0; app_uid=10138; ai_addrlen=0; ai_canonname=(null); ai_flags=4; ai_family=0
I/System.out(31901): [socket][1] connection /183.131.1.89:5224;LocalPort=50132(10000)
I/System.out(31901): [CDS]connect[/183.131.1.89:5224] tm:10
D/Posix   (31901): [Posix_connect Debug]Process com.idotools.qrcode:pushservice :5224 
D/CSLegacyTypeTracker(  918): getNetworkForType type 1
D/MPlugin (31931): createInstance(): Begin = 118210481
D/MPlugin (31931): create Instance (two parameters) with : com.mediatek.common.telephony.IOnlyOwnerSimSupport
D/MPlugin (31931): Clazz exists on mapping table : false
E/MPlugin (31931): Unsupported class: com.mediatek.common.telephony.IOnlyOwnerSimSupport
D/MPlugin (31931): createInstance(): End = 118210481
I/OppoBroadcastManager(  918): oppo Broadcast intent Intent { act=com.idotools.qrcode flg=0x10 (has extras) } on background queue
I/System.out(31931): true
I/System.out(31931): open:https://ulogs.umeng.com/unify_logs
I/System.out(31931): [CDS][DNS] getAllByNameImpl netId = 0
D/libc-netbsd(31931): [getaddrinfo]: mtk hostname=ulogs.umeng.com; servname=(null); cache_mode=(null), netid=0; mark=0; app_uid=10138; ai_addrlen=0; ai_canonname=(null); ai_flags=4; ai_family=0
D/libc-netbsd(31931): [getaddrinfo]: mtk hostname=ulogs.umeng.com; servname=(null); cache_mode=(null), netid=0; mark=0; app_uid=10138; ai_addrlen=0; ai_canonname=(null); ai_flags=1024; ai_family=0
D/FrameworkListener(  342): dispatchCommand data = (getaddrinfo ulogs.umeng.com ^ 1024 0 1 0 0)
D/libc-netbsd(  342): [getaddrinfo]: mtk hostname=ulogs.umeng.com; servname=(null); cache_mode=local, netid=101; mark=917605; app_uid=0; ai_addrlen=0; ai_canonname=(null); ai_flags=1024; ai_family=0
D/libc-netbsd(  342): default dns: query_ipv6=0, query_ipv4=1
I/System.out(31931): [CDS]close[0]
D/libc-netbsd(  342): res_queryN name = ulogs.umeng.com succeed
D/libc-netbsd(31931): getaddrinfo: ulogs.umeng.com get result from proxy >>
I/System.out(31931): [CDS]rx timeout:30000
I/System.out(31931): [socket][1] connection ulogs.umeng.com/203.119.214.125:443;LocalPort=58924(30000)
I/System.out(31931): [CDS]connect[ulogs.umeng.com/203.119.214.125:443] tm:30
D/Posix   (31931): [Posix_connect Debug]Process com.idotools.qrcode :443 
I/System.out(31931): true
I/System.out(31931): open:https://plbslog.umeng.com/umpx_internal
I/System.out(31931): [CDS][DNS] getAllByNameImpl netId = 0
D/libc-netbsd(31931): [getaddrinfo]: mtk hostname=plbslog.umeng.com; servname=(null); cache_mode=(null), netid=0; mark=0; app_uid=10138; ai_addrlen=0; ai_canonname=(null); ai_flags=4; ai_family=0
D/libc-netbsd(31931): [getaddrinfo]: mtk hostname=plbslog.umeng.com; servname=(null); cache_mode=(null), netid=0; mark=0; app_uid=10138; ai_addrlen=0; ai_canonname=(null); ai_flags=1024; ai_family=0
D/FrameworkListener(  342): dispatchCommand data = (getaddrinfo plbslog.umeng.com ^ 1024 0 1 0 0)
D/libc-netbsd(  342): [getaddrinfo]: mtk hostname=plbslog.umeng.com; servname=(null); cache_mode=local, netid=101; mark=917605; app_uid=0; ai_addrlen=0; ai_canonname=(null); ai_flags=1024; ai_family=0
D/libc-netbsd(  342): default dns: query_ipv6=0, query_ipv4=1
I/System.out(31931): open:http://b-gi.getui.com/api.php?format=json&t=1
I/System.out(31931): [CDS][DNS] getAllByNameImpl netId = 0
D/libc-netbsd(31931): [getaddrinfo]: mtk hostname=b-gi.getui.com; servname=(null); cache_mode=(null), netid=0; mark=0; app_uid=10138; ai_addrlen=0; ai_canonname=(null); ai_flags=4; ai_family=0
D/libc-netbsd(31931): [getaddrinfo]: mtk hostname=b-gi.getui.com; servname=(null); cache_mode=(null), netid=0; mark=0; app_uid=10138; ai_addrlen=0; ai_canonname=(null); ai_flags=1024; ai_family=0
D/FrameworkListener(  342): dispatchCommand data = (getaddrinfo b-gi.getui.com ^ 1024 0 1 0 0)
D/libc-netbsd(  342): [getaddrinfo]: mtk hostname=b-gi.getui.com; servname=(null); cache_mode=local, netid=101; mark=917605; app_uid=0; ai_addrlen=0; ai_canonname=(null); ai_flags=1024; ai_family=0
D/libc-netbsd(  342): default dns: query_ipv6=0, query_ipv4=1
W/SettingsInterface(31931): Setting android_id has moved from android.provider.Settings.System to android.provider.Settings.Secure, returning read-only value.
I/Process (  918): get_ion_cache_memory gpu: 86176 KB
I/System.out(31901): [socket][/172.30.0.20:50132] connected
E/Parcel  (31931): Reading a NULL string not supported here.
D/libc-netbsd(  342): res_queryN name = plbslog.umeng.com succeed
D/libc-netbsd(  342): res_queryN name = b-gi.getui.com succeed
D/libc-netbsd(31931): getaddrinfo: b-gi.getui.com get result from proxy >>
I/System.out(31931): [CDS]rx timeout:30000
I/System.out(31931): [socket][2] connection b-gi.getui.com/124.160.127.209:80;LocalPort=55863(30000)
I/System.out(31931): [CDS]connect[b-gi.getui.com/124.160.127.209:80] tm:30
D/Posix   (31931): [Posix_connect Debug]Process com.idotools.qrcode :80 
D/libc-netbsd(31931): getaddrinfo: plbslog.umeng.com get result from proxy >>
I/System.out(31931): [CDS]rx timeout:30000
I/System.out(31931): [socket][3] connection plbslog.umeng.com/203.119.215.106:443;LocalPort=54966(30000)
D/        (  366): thermal_monitor main loop 23601 log_has_update = 0
I/thermal_src(  368): wake up function 3
I/thermal_src(  368): TA_DAEMON_CMD_GET_TPCB cmd=0x5, len=4 PCB=35000
I/thermal_src(  368): TA_DAEMON_CMD_SET_TTJ cmd=0x4, len=4 Tj=85000
I/System.out(31931): [CDS]connect[plbslog.umeng.com/203.119.215.106:443] tm:30
D/Posix   (31931): [Posix_connect Debug]Process com.idotools.qrcode :443 
W/SettingsInterface(31901): Setting android_id has moved from android.provider.Settings.System to android.provider.Settings.Secure, returning read-only value.
I/Process (  918): get_ion_cache_memory gpu: 86176 KB
W/SettingsInterface(31867): Setting android_id has moved from android.provider.Settings.System to android.provider.Settings.Secure, returning read-only value.
I/Process (  918): get_ion_cache_memory gpu: 86176 KB
E/Parcel  (31901): Reading a NULL string not supported here.
E/Parcel  (31867): Reading a NULL string not supported here.
I/System.out(31931): [socket][/172.30.0.20:58924] connected
I/System.out(31931): [socket][/172.30.0.20:55863] connected
I/System.out(31931): [CDS]SO_SND_TIMEOUT:0
I/System.out(31931): [OkHttp] sendRequest>>
I/System.out(31931): [OkHttp] sendRequest<<
D/libc-netbsd(31931): [getaddrinfo]: mtk hostname=ulogs.umeng.com; servname=(null); cache_mode=(null), netid=0; mark=0; app_uid=10138; ai_addrlen=0; ai_canonname=(null); ai_flags=4; ai_family=0
I/System.out(31901): [CDS]close[50132]
D/NativeCrypto(31931): ssl=0xee89a600 NativeCrypto_SSL_do_handshake fd=0xde7ef5a0 shc=0xde7ef5a4 timeout_millis=30000 client_mode=1 npn=0x0
D/NativeCrypto(31931): doing handshake ++
D/NativeCrypto(31931): ssl=0xee89a600 info_callback where=0x10 ret=1
D/NativeCrypto(31931): ssl=0xee89a600 handshake start in UNKWN  before/connect initialization
D/NativeCrypto(31931): ssl=0xee89a600 info_callback calling handshakeCompleted
D/NativeCrypto(31931): ssl=0xee89a600 info_callback completed
D/NativeCrypto(31931): ssl=0xee89a600 info_callback where=0x1001 ret=1
D/NativeCrypto(31931): ssl=0xee89a600 SSL_connect:UNKWN  before/connect initialization
D/NativeCrypto(31931): ssl=0xee89a600 info_callback ignored
D/NativeCrypto(31931): ssl=0xee89a600 info_callback where=0x1001 ret=1
D/NativeCrypto(31931): ssl=0xee89a600 SSL_connect:23WCHA SSLv2/v3 write client hello A
D/NativeCrypto(31931): ssl=0xee89a600 info_callback ignored
D/NativeCrypto(31931): ssl=0xee89a600 info_callback where=0x1002 ret=-1
D/NativeCrypto(31931): ssl=0xee89a600 SSL_connect:error exit in 23RSHA SSLv2/v3 read server hello A
D/NativeCrypto(31931): ssl=0xee89a600 info_callback ignored
D/NativeCrypto(31931): doing handshake -- ret=-1
D/NativeCrypto(31931): ssl=0xee89a600 NativeCrypto_SSL_do_handshake ret=-1 errno=11 sslError=2 timeout_millis=30000
V/AlarmManager(  918): Checking for alarms... rtc=1546931109882, elapsed=513964216
D/AlarmManager(  918): setLocked set alarm to RTC wakeup type = 2, when = 513992438
D/DataShapingService(  918): [openLteDataUpLinkGate] mDataShapingEnabled is false!
V/AlarmManager(  918): socktUnblockingTimeElapsed(ms): 180099 < mMinimumPeriod_BlockSocket: 300000
I/ActivityManager(  918): [Background Service Priority Adjustment] Set callerFg as false for service.getFlags():260
I/ActivityManager(  918): Start proc 32049:com.coloros.oppomorningsystem/1000 for service com.coloros.oppomorningsystem/.OppoAutoClearService
I/ActivityManager(  918): [Background Service Priority Adjustment] Process.setProcessGroup to Process.THREAD_GROUP_BG_NONINTERACTIVE, app.pid: 32049
D/usage_raw_part(  918): write content:current_data_size = 1023
D/usage_raw_part(  918): write content:dataContentBuffer = com.coloros.oppomorningsystem|2019-01-08 15:05:09
D/usage_raw_part(  918): write content:current_item_index = 727
D/usage_raw_part(  918): write content:maxItemSize = 1023
D/usage_raw_part(  918): write content in replace mode, current index:727
V/AlarmManager(  918): sending alarm Alarm{3109ab3f type 0 when 1546931109883 com.coloros.appmanager whenElapsed 513964216 windowLength 0 maxWhen 513964217 repeatInterval 0 action com.oppo.android.service.ACSTART component null} success
D/usage_raw_part(  918): write content in replace mode, save item content res:49
D/usage_raw_part(  918): write content in replace mode, save new item index res:32
D/OppoUsageService(  918): writeHistoryRecord[AppUsage], saveRes = 1
W/ResourcesManager(32049): Asset path '/system/framework/com.coloros.statistics.jar' does not exist or contains no resources.
I/System.out(31901): [CDS]close[0]
W/ContextImpl(32049): Calling a method in the system process without a qualified user: android.app.ContextImpl.sendBroadcast:1539 android.content.ContextWrapper.sendBroadcast:388 com.coloros.oppomorningsystem.e.run:-1 java.lang.Thread.run:818 <bottom of call stack> 
D/MPlugin (32049): createInstance(): Begin = 118210913
D/MPlugin (32049): create Instance (two parameters) with : com.mediatek.common.telephony.IOnlyOwnerSimSupport
I/System.out(31931): [socket][/172.30.0.20:54966] connected
D/NativeCrypto(31931): doing handshake ++
D/NativeCrypto(31931): ssl=0xee89a600 info_callback where=0x1001 ret=1
D/NativeCrypto(31931): ssl=0xee89a600 SSL_connect:3RSH_A SSLv3 read server hello A
D/NativeCrypto(31931): ssl=0xee89a600 info_callback ignored
E/NativeCrypto(31931): ssl=0xee89a600 cert_verify_callback x509_store_ctx=0xde7ef360 arg=0x0
E/NativeCrypto(31931): ssl=0xee89a600 cert_verify_callback calling verifyCertificateChain authMethod=ECDHE_ECDSA
D/libc-netbsd(31931): [getaddrinfo]: mtk hostname=plbslog.umeng.com; servname=(null); cache_mode=(null), netid=0; mark=0; app_uid=10138; ai_addrlen=0; ai_canonname=(null); ai_flags=4; ai_family=0
D/NativeCrypto(31931): ssl=0xdec4d800 NativeCrypto_SSL_do_handshake fd=0xddabb610 shc=0xddabb614 timeout_millis=30000 client_mode=1 npn=0x0
D/NativeCrypto(31931): doing handshake ++
D/NativeCrypto(31931): ssl=0xdec4d800 info_callback where=0x10 ret=1
D/NativeCrypto(31931): ssl=0xdec4d800 handshake start in UNKWN  before/connect initialization
D/NativeCrypto(31931): ssl=0xdec4d800 info_callback calling handshakeCompleted
D/NativeCrypto(31931): ssl=0xdec4d800 info_callback completed
D/NativeCrypto(31931): ssl=0xdec4d800 info_callback where=0x1001 ret=1
D/NativeCrypto(31931): ssl=0xdec4d800 SSL_connect:UNKWN  before/connect initialization
D/NativeCrypto(31931): ssl=0xdec4d800 info_callback ignored
D/NativeCrypto(31931): ssl=0xdec4d800 info_callback where=0x1001 ret=1
D/MPlugin (32049): Clazz exists on mapping table : false
E/MPlugin (32049): Unsupported class: com.mediatek.common.telephony.IOnlyOwnerSimSupport
D/MPlugin (32049): createInstance(): End = 118210928
D/NativeCrypto(31931): ssl=0xdec4d800 SSL_connect:23WCHA SSLv2/v3 write client hello A
D/NativeCrypto(31931): ssl=0xdec4d800 info_callback ignored
D/NativeCrypto(31931): ssl=0xdec4d800 info_callback where=0x1002 ret=-1
D/NativeCrypto(31931): ssl=0xdec4d800 SSL_connect:error exit in 23RSHA SSLv2/v3 read server hello A
D/NativeCrypto(31931): ssl=0xdec4d800 info_callback ignored
D/NativeCrypto(31931): doing handshake -- ret=-1
D/NativeCrypto(31931): ssl=0xdec4d800 NativeCrypto_SSL_do_handshake ret=-1 errno=11 sslError=2 timeout_millis=30000
D/NativeCrypto(31931): ssl=0xee89a600 cert_verify_callback => 1
D/NativeCrypto(31931): ssl=0xee89a600 info_callback where=0x1001 ret=1
D/NativeCrypto(31931): ssl=0xee89a600 SSL_connect:3RSC_A SSLv3 read server certificate A
D/NativeCrypto(31931): ssl=0xee89a600 info_callback ignored
D/NativeCrypto(31931): ssl=0xee89a600 info_callback where=0x1001 ret=1
D/NativeCrypto(31931): ssl=0xee89a600 SSL_connect:3RSKEA SSLv3 read server key exchange A
D/NativeCrypto(31931): ssl=0xee89a600 info_callback ignored
D/NativeCrypto(31931): ssl=0xee89a600 info_callback where=0x1001 ret=1
D/NativeCrypto(31931): ssl=0xee89a600 SSL_connect:3RSD_A SSLv3 read server done A
D/NativeCrypto(31931): ssl=0xee89a600 info_callback ignored
D/OppoAutoClearService(32049):  [add] 6 [sort] 6 [launchCount] 1 [packageName] com.iqinbao.android.songsfifty
D/OppoAutoClearService(32049):  [add] 5 [sort] 5 [launchCount] 5 [packageName] com.oppo.launcher
D/OppoAutoClearService(32049):  [add] 4 [sort] 4 [launchCount] 4 [packageName] com.android.settings
D/OppoAutoClearService(32049):  [add] 3 [sort] 3 [launchCount] 6 [packageName] com.zmeng123.zhitou.develop
D/CSLegacyTypeTracker(  918): getNetworkForType type 1
V/NetworkStats(  918): performPollLocked(flags=0x3)
D/FrameworkListener(  342): dispatchCommand data = (1097 bandwidth gettetherstats)
D/NativeCrypto(31931): ssl=0xee89a600 info_callback where=0x1001 ret=1
W/NetworkStatsRecorder(  918): unknown interfaces [lo, p2p0], ignoring those stats
W/NetworkStatsRecorder(  918): unknown interfaces [lo, p2p0], ignoring those stats
D/NativeCrypto(31931): ssl=0xee89a600 SSL_connect:3WCKEA SSLv3 write client key exchange A
D/NativeCrypto(31931): ssl=0xee89a600 info_callback ignored
W/NetworkStatsRecorder(  918): unknown interfaces [lo, p2p0], ignoring those stats
D/NativeCrypto(31931): ssl=0xee89a600 info_callback where=0x1001 ret=1
D/NativeCrypto(31931): ssl=0xee89a600 SSL_connect:3WCCSA SSLv3 write change cipher spec A
D/NativeCrypto(31931): ssl=0xee89a600 info_callback ignored
D/NativeCrypto(31931): ssl=0xee89a600 info_callback where=0x1001 ret=1
D/NativeCrypto(31931): ssl=0xee89a600 SSL_connect:3WFINA SSLv3 write finished A
W/NetworkStatsRecorder(  918): unknown interfaces [lo, p2p0], ignoring those stats
D/NativeCrypto(31931): ssl=0xee89a600 info_callback ignored
D/NativeCrypto(31931): ssl=0xee89a600 info_callback where=0x1001 ret=1
D/NativeCrypto(31931): ssl=0xee89a600 SSL_connect:3FLUSH SSLv3 flush data
D/NativeCrypto(31931): ssl=0xee89a600 info_callback ignored
D/NativeCrypto(31931): ssl=0xee89a600 info_callback where=0x1002 ret=-1
D/NativeCrypto(31931): ssl=0xee89a600 SSL_connect:error exit in UNKWN  SSLv3 read server session ticket A
D/NativeCrypto(31931): ssl=0xee89a600 info_callback ignored
D/NativeCrypto(31931): ssl=0xee89a600 info_callback where=0x1002 ret=-1
V/NetworkStats(  918): performPollLocked() took 9ms
D/NativeCrypto(31931): ssl=0xee89a600 SSL_connect:error exit in UNKWN  SSLv3 read server session ticket A
D/NativeCrypto(31931): ssl=0xee89a600 info_callback ignored
D/NativeCrypto(31931): doing handshake -- ret=-1
D/NativeCrypto(31931): ssl=0xee89a600 NativeCrypto_SSL_do_handshake ret=-1 errno=11 sslError=2 timeout_millis=30000
I/System.out(31931): open:http://gs.getui.com/encryption/key/fetch
D/NativeCrypto(31931): doing handshake ++
I/System.out(31931): [CDS][DNS] getAllByNameImpl netId = 0
D/libc-netbsd(31931): [getaddrinfo]: mtk hostname=gs.getui.com; servname=(null); cache_mode=(null), netid=0; mark=0; app_uid=10138; ai_addrlen=0; ai_canonname=(null); ai_flags=4; ai_family=0
D/libc-netbsd(31931): [getaddrinfo]: mtk hostname=gs.getui.com; servname=(null); cache_mode=(null), netid=0; mark=0; app_uid=10138; ai_addrlen=0; ai_canonname=(null); ai_flags=1024; ai_family=0
D/FrameworkListener(  342): dispatchCommand data = (getaddrinfo gs.getui.com ^ 1024 0 1 0 0)
D/libc-netbsd(  342): [getaddrinfo]: mtk hostname=gs.getui.com; servname=(null); cache_mode=local, netid=101; mark=917605; app_uid=0; ai_addrlen=0; ai_canonname=(null); ai_flags=1024; ai_family=0
D/NativeCrypto(31931): ssl=0xdec4d800 info_callback where=0x1001 ret=1
